******************************************************************************
         TMS320C55x COFF Linker PC v3.3.2                      
******************************************************************************
>> Linked Tue Nov 10 09:37:11 2009

OUTPUT FILE NAME:   <./Debug/Histogram.out>
ENTRY POINT SYMBOL: "_c_int00"  address: 000072af


SECTION ALLOCATION MAP
(Addresses surrounded by []'s are displayed for convenience only!)

output                                                          attributes/
section   page  orgn(bytes) orgn(words) len(bytes) len(words)   input sections
--------  ----  ----------- ----------- ---------- ----------   --------------
.data        0   [ 000000c0 ]  00000060          *   00000000   UNINITIALIZED

.far         0   [ 000000c0 ]  00000060          *   00000000   UNINITIALIZED

.tables      0   [ 000000c0 ]  00000060          *   00000000   UNINITIALIZED

.bss         0   [ 000000c0 ]  00000060          *   0000346e   
                 [ 000000c0 ]  00000060          *   00003200   Image.obj (.bss) [fill = 00]
                 [ 000064c0 ]  00003260          *   000000dd   rts55.lib : defs.obj (.bss) [fill = 00]
                 [ 0000667a ]  0000333d          *   000000d0             : trgdrv.obj (.bss) [fill = 00]
                 [ 0000681a ]  0000340d          *   00000001             : fopen.obj (.bss) [fill = 00]
                 [ 0000681c ]  0000340e          *   0000005d             : lowlev.obj (.bss) [fill = 00]
                 [ 000068d6 ]  0000346b          *   00000001   --HOLE-- [fill = 00]
                 [ 000068d8 ]  0000346c          *   00000046             : exit.obj (.bss) [fill = 00]
                 [ 00006964 ]  000034b2          *   00000013   Laplace.obj (.bss) [fill = 00]
                 [ 0000698a ]  000034c5          *   00000004   rts55.lib : memory.obj (.bss) [fill = 00]
                 [ 00006992 ]  000034c9          *   00000001   --HOLE-- [fill = 00]
                 [ 00006994 ]  000034ca          *   00000004             : _lock.obj (.bss) [fill = 00]

.text        0     0000699c  [ 000034ce ] 00002364          *   
                   0000699c  [ 000034ce ] 000000b8          *   Image.obj (.text)
                   00006a54  [ 0000352a ] 0000045b          *   InitImage.obj (.text)
                   00006eaf  [ 00003757+] 000001d3          *   Laplace.obj (.text)
                   00007082  [ 00003841 ] 0000022d          *   rts55.lib : addd.obj (.text)
                   000072af  [ 00003957+] 0000004a          *             : boot.obj (.text)
                   000072f9  [ 0000397c+] 00000212          *             : cmpd.obj (.text)
                   0000750b  [ 00003a85+] 00000097          *             : exit.obj (.text)
                   000075a2  [ 00003ad1 ] 00000007          *             : exit.obj (.text:CIO_breakpoint)
                   000075a9  [ 00003ad4+] 00000061          *             : fclose.obj (.text)
                   0000760a  [ 00003b05 ] 00000099          *             : fflush.obj (.text)
                   000076a3  [ 00003b51+] 0000002a          *             : fixdi.obj (.text)
                   000076cd  [ 00003b66+] 00000079          *             : fixdli.obj (.text)
                   00007746  [ 00003ba3 ] 0000000c          *             : fltid.obj (.text)
                   00007752  [ 00003ba9 ] 0000006c          *             : fltlid.obj (.text)
                   000077be  [ 00003bdf ] 00000228          *             : fopen.obj (.text)
                   000079e6  [ 00003cf3 ] 000000c1          *             : fread.obj (.text)
                   00007aa7  [ 00003d53+] 00000058          *             : fseek.obj (.text)
                   00007aff  [ 00003d7f+] 0000003c          *             : idiv.obj (.text)
                   00007b3b  [ 00003d9d+] 00000475          *             : lowlev.obj (.text)
                   00007fb0  [ 00003fd8 ] 00000013          *             : memcpy.obj (.text)
                   00007fc3  [ 00003fe1+] 00000380          *             : memory.obj (.text)
                   00008343  [ 000041a1+] 00000106          *             : mpyd.obj (.text)
                   00008449  [ 00004224+] 0000000a          *             : remove.obj (.text)
                   00008453  [ 00004229+] 00000014          *             : subd.obj (.text)
                   00008467  [ 00004233+] 0000046f          *             : trgdrv.obj (.text)
                   000088d6  [ 0000446b ] 00000061          *             : trgmsg.obj (.text)
                   00008937  [ 0000449b+] 0000009d          *             : trgmsg.obj (.text:CIO_breakpoint)
                   000089d4  [ 000044ea ] 0000002a          *             : udiv.obj (.text)
                   000089fe  [ 000044ff ] 00000002          *             : vectors.obj (.text)
                   00008a00  [ 00004500 ] 00000089          *             : _bufread.obj (.text)
                   00008a89  [ 00004544+] 000000a4          *             : _io_perm.obj (.text)
                   00008b2d  [ 00004596+] 00000010          *             : _lock.obj (.text)
                   00008b3d  [ 0000459e+] 0000002a          *             : args_main.obj (.text)
                   00008b67  [ 000045b3+] 0000006b          *             : autoinit.obj (.text)
                   00008bd2  [ 000045e9 ] 00000076          *             : frcmpyd.obj (.text)
                   00008c48  [ 00004624 ] 000000b7          *             : setvbuf.obj (.text)
                   00008cff  [ 0000467f+] 00000001          *   --HOLE-- [fill = 20]

.stack       0   [ 00008d00 ]  00004680          *   00000800   
                 [ 00008d00 ]  00004680          *   00000800   --HOLE-- [fill = 00]

.sysmem      0   [ 00009d00 ]  00004e80          *   00000800   
                 [ 00009d00 ]  00004e80          *   00000800   --HOLE-- [fill = 00]

.cio         0   [ 0000ad00 ]  00005680          *   00000120   
                 [ 0000ad00 ]  00005680          *   00000120   rts55.lib : trgmsg.obj (.cio) [fill = 00]

.cinit       0   [ 0000af40 ]  000057a0          *   00000062   
                 [ 0000af40 ]  000057a0          *   00000028   rts55.lib : lowlev.obj (.cinit)
                 [ 0000af90 ]  000057c8          *   00000019             : defs.obj (.cinit)
                 [ 0000afc2 ]  000057e1          *   0000000e             : exit.obj (.cinit)
                 [ 0000afde ]  000057ef          *   0000000a             : _lock.obj (.cinit)
                 [ 0000aff2 ]  000057f9          *   00000004             : fopen.obj (.cinit)
                 [ 0000affa ]  000057fd          *   00000004             : memory.obj (.cinit)
                 [ 0000b002 ]  00005801          *   00000001   --HOLE-- [fill = 0]

.const       0   [ 0000b004 ]  00005802          *   0000003a   
                 [ 0000b004 ]  00005802          *   00000038   InitImage.obj (.const)
                 [ 0000b074 ]  0000583a          *   00000002   rts55.lib : fltlid.obj (.const)

.switch      0   [ 0000b078 ]  0000583c          *   00000012   
                 [ 0000b078 ]  0000583c          *   00000012   InitImage.obj (.switch)

.sysstack 
*            0   [ 0000b09c ]  0000584e          *   000001f4   UNINITIALIZED

vectors      0     0000b488  [ 00005a44 ] 00000100          *   
                   0000b488  [ 00005a44 ] 00000100          *   rts55.lib : vectors.obj (vectors)


GLOBAL SYMBOLS: SORTED ALPHABETICALLY BY Name 

abs. value/
byte addr   word addr   name
---------   ---------   ----
00000001                $TI_capability$C5500$MemoryModel
00000001                $TI_capability_requires_rev2
            00000060    .bss
            00000060    .data
0000699c                .text
000075a3                C$$EXIT
000089cf                C$$IO$$
00007aff                I$$DIV
00007b1e                I$$MOD
000089d4                I$$UDIV
000089e9                I$$UMOD
00008887                _HOSTclock
00008830                _HOSTclose
00008789                _HOSTlseek
00008702                _HOSTopen
00008689                _HOSTread
000085ea                _HOSTrename
0000859b                _HOSTtime
00008544                _HOSTunlink
000084cb                _HOSTwrite
00006a54                _InitImage
00006eaf                _Laplace
00006e47                _ReadImage
0000b488                _Reset
            00005680    __CIOBUF_
00001000                __STACK_SIZE
00001000                __SYSMEM_SIZE
000003e8                __SYSSTACK_SIZE
ffffffff                ___binit__
            00000060    ___bss__
ffffffff                ___c_args__
            000057a0    ___cinit__
            00000060    ___data__
            00000060    ___edata__
            000034ce    ___end__
00008d00                ___etext__
ffffffff                ___pinit__
0000699c                ___text__
00007082                __addd
00008b3d                __args_main
00008a00                __buff_read
000078cf                __cleanup
            000034ae    __cleanup_ptr
000074cb                __cmpd
00007aff                __divi
000089d4                __divu
0000760a                __doflush
            000034b0    __dtors_ptr
0000748d                __eqld
000076a3                __fixdi
000076cd                __fixdli
00007746                __fltid
00007752                __fltlid
00008bd2                __frcmpyd
            0000333c    __ft_end
            00003260    __ftable
00007438                __geqd
000073e2                __gtrd
0000738a                __leqd
            000034ca    __lock
00007337                __lssd
00008343                __mpyd
000072f9                __neqd
00008b3b                __nop
00008ae5                __rd_ok
00008b34                __register_lock
00008b2d                __register_unlock
00007b1e                __remi
000089e9                __remu
            00004680    __stack
00008453                __subd
            00004e80    __sys_memory
            0000584e    __sysstack
            0000329c    __tmpnams
            000034cc    __unlock
00008a89                __wrt_ok
000075a2                _abort
00007ed4                _add_device
0000755a                _atexit
00008b67                _auto_init
000072af                _c_int00
00008321                _calloc
0000831d                _chkheap
00007e77                _close
            00000060    _dbImage
            00001960    _dbTargetImage
0000750b                _exit
000075a9                _fclose
00007652                _fflush
000079ba                _fopen
000079e6                _fread
00007fc3                _free
000082d7                _free_memory
0000791d                _freopen
00007aa7                _fseek
00008467                _getenv
00007e20                _lseek
            000034b6    _m_nWork
            000034b4    _m_nWork1
            000034b5    _m_nWork2
0000699c                _main
0000809e                _malloc
0000828e                _max_free
00007fb0                _memcpy
            000034b2    _mi
00008052                _minit
            000034b3    _mj
00007d89                _open
            000034bb    _pImg
            000034b8    _pImg1
            000034b9    _pImg2
            000034ba    _pImg3
            000034b7    _pWork
00007cf9                _read
000088d6                _readmsg
0000814a                _realloc
00008449                _remove
00007ccc                _remove_device
00007c82                _rename
00008c48                _setvbuf
00007c54                _unlink
00007b3b                _write
00008937                _writemsg
            000034bc    _x1
            000034bd    _x2
            000034be    _x3
            000034bf    _x4
            000034c0    _x5
            000034c1    _x6
            000034c2    _x7
            000034c3    _x8
            000034c4    _x9
ffffffff                binit
            000057a0    cinit
            00000060    edata
            000034ce    end
00008d00                etext
ffffffff                pinit


GLOBAL SYMBOLS: SORTED BY Symbol Address 

abs. value/
byte addr   word addr   name
---------   ---------   ----
00000001                $TI_capability_requires_rev2
00000001                $TI_capability$C5500$MemoryModel
            00000060    ___edata__
            00000060    edata
            00000060    ___bss__
            00000060    ___data__
            00000060    .data
            00000060    .bss
            00000060    _dbImage
000003e8                __SYSSTACK_SIZE
00001000                __STACK_SIZE
00001000                __SYSMEM_SIZE
            00001960    _dbTargetImage
            00003260    __ftable
            0000329c    __tmpnams
            0000333c    __ft_end
            000034ae    __cleanup_ptr
            000034b0    __dtors_ptr
            000034b2    _mi
            000034b3    _mj
            000034b4    _m_nWork1
            000034b5    _m_nWork2
            000034b6    _m_nWork
            000034b7    _pWork
            000034b8    _pImg1
            000034b9    _pImg2
            000034ba    _pImg3
            000034bb    _pImg
            000034bc    _x1
            000034bd    _x2
            000034be    _x3
            000034bf    _x4
            000034c0    _x5
            000034c1    _x6
            000034c2    _x7
            000034c3    _x8
            000034c4    _x9
            000034ca    __lock
            000034cc    __unlock
0000699c                _main
            000034ce    end
0000699c                .text
            000034ce    ___end__
0000699c                ___text__
00006a54                _InitImage
00006e47                _ReadImage
00006eaf                _Laplace
00007082                __addd
000072af                _c_int00
000072f9                __neqd
00007337                __lssd
0000738a                __leqd
000073e2                __gtrd
00007438                __geqd
0000748d                __eqld
000074cb                __cmpd
0000750b                _exit
0000755a                _atexit
000075a2                _abort
000075a3                C$$EXIT
000075a9                _fclose
0000760a                __doflush
00007652                _fflush
000076a3                __fixdi
000076cd                __fixdli
00007746                __fltid
00007752                __fltlid
000078cf                __cleanup
0000791d                _freopen
000079ba                _fopen
000079e6                _fread
00007aa7                _fseek
00007aff                I$$DIV
00007aff                __divi
00007b1e                I$$MOD
00007b1e                __remi
00007b3b                _write
00007c54                _unlink
00007c82                _rename
00007ccc                _remove_device
00007cf9                _read
00007d89                _open
00007e20                _lseek
00007e77                _close
00007ed4                _add_device
00007fb0                _memcpy
00007fc3                _free
00008052                _minit
0000809e                _malloc
0000814a                _realloc
0000828e                _max_free
000082d7                _free_memory
0000831d                _chkheap
00008321                _calloc
00008343                __mpyd
00008449                _remove
00008453                __subd
00008467                _getenv
000084cb                _HOSTwrite
00008544                _HOSTunlink
0000859b                _HOSTtime
000085ea                _HOSTrename
00008689                _HOSTread
00008702                _HOSTopen
00008789                _HOSTlseek
00008830                _HOSTclose
00008887                _HOSTclock
000088d6                _readmsg
00008937                _writemsg
000089cf                C$$IO$$
000089d4                __divu
000089d4                I$$UDIV
000089e9                __remu
000089e9                I$$UMOD
00008a00                __buff_read
00008a89                __wrt_ok
00008ae5                __rd_ok
00008b2d                __register_unlock
00008b34                __register_lock
00008b3b                __nop
00008b3d                __args_main
00008b67                _auto_init
00008bd2                __frcmpyd
00008c48                _setvbuf
00008d00                ___etext__
            00004680    __stack
00008d00                etext
            00004e80    __sys_memory
            00005680    __CIOBUF_
            000057a0    cinit
            000057a0    ___cinit__
            0000584e    __sysstack
0000b488                _Reset
ffffffff                pinit
ffffffff                ___c_args__
ffffffff                ___pinit__
ffffffff                binit
ffffffff                ___binit__

[138 symbols]
