<?xml version="1.0"?>
<link_info>
   <banner>TMS320C55x Linker PC v4.4.1</banner>
   <copyright>Copyright (c) 1996-2012 Texas Instruments Incorporated</copyright>
   <link_time>0x59c03eec</link_time>
   <output_file>BF_rt_bios.out</output_file>
   <entry_point>
      <name>_c_int00</name>
      <address>0x6a7d</address>
   </entry_point>
   <input_file_list>
      <input_file id="fl-2">
         <path>.\</path>
         <kind>object</kind>
         <file>AudioCodec_DMA.obj</file>
         <name>AudioCodec_DMA.obj</name>
      </input_file>
      <input_file id="fl-3">
         <path>.\</path>
         <kind>object</kind>
         <file>BF_rt_bios_cfg.obj</file>
         <name>BF_rt_bios_cfg.obj</name>
      </input_file>
      <input_file id="fl-4">
         <path>.\</path>
         <kind>object</kind>
         <file>BF_rt_bios_cfg_c.obj</file>
         <name>BF_rt_bios_cfg_c.obj</name>
      </input_file>
      <input_file id="fl-5">
         <path>.\</path>
         <kind>object</kind>
         <file>bf_asnr_mss_vau.obj</file>
         <name>bf_asnr_mss_vau.obj</name>
      </input_file>
      <input_file id="fl-6">
         <path>.\</path>
         <kind>object</kind>
         <file>codec_aic3254.obj</file>
         <name>codec_aic3254.obj</name>
      </input_file>
      <input_file id="fl-7">
         <path>.\</path>
         <kind>object</kind>
         <file>codec_pcm186x.obj</file>
         <name>codec_pcm186x.obj</name>
      </input_file>
      <input_file id="fl-8">
         <path>.\</path>
         <kind>object</kind>
         <file>csl_i2c_ioExpander.obj</file>
         <name>csl_i2c_ioExpander.obj</name>
      </input_file>
      <input_file id="fl-9">
         <path>.\</path>
         <kind>object</kind>
         <file>mem.obj</file>
         <name>mem.obj</name>
      </input_file>
      <input_file id="fl-a">
         <path>.\</path>
         <kind>object</kind>
         <file>mhm.obj</file>
         <name>mhm.obj</name>
      </input_file>
      <input_file id="fl-b">
         <path>.\</path>
         <kind>object</kind>
         <file>mss.obj</file>
         <name>mss.obj</name>
      </input_file>
      <input_file id="fl-c">
         <path>.\</path>
         <kind>object</kind>
         <file>mssproc.obj</file>
         <name>mssproc.obj</name>
      </input_file>
      <input_file id="fl-d">
         <path>.\</path>
         <kind>object</kind>
         <file>pll_control.obj</file>
         <name>pll_control.obj</name>
      </input_file>
      <input_file id="fl-e">
         <path>.\</path>
         <kind>object</kind>
         <file>sysbfflt.obj</file>
         <name>sysbfflt.obj</name>
      </input_file>
      <input_file id="fl-36">
         <path>C:\ti\bios_5_42_02_10\packages\ti\bios\lib\</path>
         <kind>archive</kind>
         <file>bios.a55L</file>
         <name>fxn.o55L</name>
      </input_file>
      <input_file id="fl-37">
         <path>C:\ti\bios_5_42_02_10\packages\ti\bios\lib\</path>
         <kind>archive</kind>
         <file>bios.a55L</file>
         <name>biosdata.o55L</name>
      </input_file>
      <input_file id="fl-38">
         <path>C:\ti\bios_5_42_02_10\packages\ti\bios\lib\</path>
         <kind>archive</kind>
         <file>bios.a55L</file>
         <name>knl_swit.o55L</name>
      </input_file>
      <input_file id="fl-39">
         <path>C:\ti\bios_5_42_02_10\packages\ti\bios\lib\</path>
         <kind>archive</kind>
         <file>bios.a55L</file>
         <name>swi.o55L</name>
      </input_file>
      <input_file id="fl-3a">
         <path>C:\ti\bios_5_42_02_10\packages\ti\bios\lib\</path>
         <kind>archive</kind>
         <file>bios.a55L</file>
         <name>fxn_c.o55L</name>
      </input_file>
      <input_file id="fl-3b">
         <path>C:\ti\bios_5_42_02_10\packages\ti\bios\lib\</path>
         <kind>archive</kind>
         <file>bios.a55L</file>
         <name>utl_doab.o55L</name>
      </input_file>
      <input_file id="fl-3c">
         <path>C:\ti\bios_5_42_02_10\packages\ti\bios\lib\</path>
         <kind>archive</kind>
         <file>bios.a55L</file>
         <name>utl_doer.o55L</name>
      </input_file>
      <input_file id="fl-3d">
         <path>C:\ti\bios_5_42_02_10\packages\ti\bios\lib\</path>
         <kind>archive</kind>
         <file>bios.a55L</file>
         <name>utl_putc.o55L</name>
      </input_file>
      <input_file id="fl-3e">
         <path>C:\ti\bios_5_42_02_10\packages\ti\bios\lib\</path>
         <kind>archive</kind>
         <file>bios.a55L</file>
         <name>utl_halt.o55L</name>
      </input_file>
      <input_file id="fl-3f">
         <path>C:\ti\bios_5_42_02_10\packages\ti\bios\lib\</path>
         <kind>archive</kind>
         <file>bios5505.a55L</file>
         <name>clk_itime.o55L</name>
      </input_file>
      <input_file id="fl-40">
         <path>C:\ti\bios_5_42_02_10\packages\ti\bios\lib\</path>
         <kind>archive</kind>
         <file>bios.a55L</file>
         <name>boot.o55L</name>
      </input_file>
      <input_file id="fl-41">
         <path>C:\ti\bios_5_42_02_10\packages\ti\bios\lib\</path>
         <kind>archive</kind>
         <file>bios.a55L</file>
         <name>trc.o55L</name>
      </input_file>
      <input_file id="fl-42">
         <path>C:\ti\bios_5_42_02_10\packages\ti\bios\lib\</path>
         <kind>archive</kind>
         <file>bios.a55L</file>
         <name>idl.o55L</name>
      </input_file>
      <input_file id="fl-43">
         <path>C:\ti\bios_5_42_02_10\packages\ti\bios\lib\</path>
         <kind>archive</kind>
         <file>lnkrtdx.a55L</file>
         <name>rtdx.o55L</name>
      </input_file>
      <input_file id="fl-44">
         <path>C:\ti\bios_5_42_02_10\packages\ti\bios\lib\</path>
         <kind>archive</kind>
         <file>bios.a55L</file>
         <name>log.o55L</name>
      </input_file>
      <input_file id="fl-45">
         <path>C:\ti\bios_5_42_02_10\packages\ti\bios\lib\</path>
         <kind>archive</kind>
         <file>bios.a55L</file>
         <name>pip.o55L</name>
      </input_file>
      <input_file id="fl-46">
         <path>C:\ti\bios_5_42_02_10\packages\ti\bios\lib\</path>
         <kind>archive</kind>
         <file>bios.a55L</file>
         <name>rta.o55L</name>
      </input_file>
      <input_file id="fl-47">
         <path>C:\ti\bios_5_42_02_10\packages\ti\bios\lib\</path>
         <kind>archive</kind>
         <file>bios.a55L</file>
         <name>sts.o55L</name>
      </input_file>
      <input_file id="fl-48">
         <path>C:\ti\bios_5_42_02_10\packages\ti\bios\lib\</path>
         <kind>archive</kind>
         <file>bios.a55L</file>
         <name>clk_data.o55L</name>
      </input_file>
      <input_file id="fl-49">
         <path>C:\ti\bios_5_42_02_10\packages\ti\bios\lib\</path>
         <kind>archive</kind>
         <file>bios.a55L</file>
         <name>clk_data2.o55L</name>
      </input_file>
      <input_file id="fl-4a">
         <path>C:\ti\bios_5_42_02_10\packages\ti\bios\lib\</path>
         <kind>archive</kind>
         <file>bios5505.a55L</file>
         <name>clk5505_data.o55L</name>
      </input_file>
      <input_file id="fl-4b">
         <path>C:\ti\bios_5_42_02_10\packages\ti\bios\lib\</path>
         <kind>archive</kind>
         <file>bios5505.a55L</file>
         <name>clk5505_wdog.o55L</name>
      </input_file>
      <input_file id="fl-4c">
         <path>C:\Users\a0221074\Desktop\C5000\IBM_Watson_TIdesign_workarea\CSL_bitbucket\c55_csl\c55xx_csl\ccs_v6.x_examples\C55XXCSL_LP\Debug\</path>
         <kind>archive</kind>
         <file>C55XXCSL_LP.lib</file>
         <name>csl_dma.obj</name>
      </input_file>
      <input_file id="fl-4d">
         <path>C:\ti\bios_5_42_02_10\packages\ti\bios\lib\</path>
         <kind>archive</kind>
         <file>bios.a55L</file>
         <name>gbl_vers.o55L</name>
      </input_file>
      <input_file id="fl-4e">
         <path>C:\ti\bios_5_42_02_10\packages\ti\bios\lib\</path>
         <kind>archive</kind>
         <file>bios.a55L</file>
         <name>hwi_disp_asm.o55L</name>
      </input_file>
      <input_file id="fl-4f">
         <path>C:\ti\bios_5_42_02_10\packages\ti\bios\lib\</path>
         <kind>archive</kind>
         <file>bios.a55L</file>
         <name>hwi_xable.o55L</name>
      </input_file>
      <input_file id="fl-50">
         <path>C:\Users\a0221074\Desktop\C5000\IBM_Watson_TIdesign_workarea\CSL_bitbucket\c55_csl\c55xx_csl\ccs_v6.x_examples\C55XXCSL_LP\Debug\</path>
         <kind>archive</kind>
         <file>C55XXCSL_LP.lib</file>
         <name>csl_i2c.obj</name>
      </input_file>
      <input_file id="fl-51">
         <path>C:\Users\a0221074\Desktop\C5000\IBM_Watson_TIdesign_workarea\CSL_bitbucket\c55_csl\c55xx_csl\ccs_v6.x_examples\C55XXCSL_LP\Debug\</path>
         <kind>archive</kind>
         <file>C55XXCSL_LP.lib</file>
         <name>csl_i2s.obj</name>
      </input_file>
      <input_file id="fl-52">
         <path>C:\Users\a0221074\Desktop\C5000\IBM_Watson_TIdesign_workarea\CSL_bitbucket\c55_csl\c55xx_csl\ccs_v6.x_examples\C55XXCSL_LP\Debug\</path>
         <kind>archive</kind>
         <file>C55XXCSL_LP.lib</file>
         <name>csl_intc.obj</name>
      </input_file>
      <input_file id="fl-53">
         <path>C:\Users\a0221074\Desktop\C5000\IBM_Watson_TIdesign_workarea\CSL_bitbucket\c55_csl\c55xx_csl\ccs_v6.x_examples\C55XXCSL_LP\Debug\</path>
         <kind>archive</kind>
         <file>C55XXCSL_LP.lib</file>
         <name>csl_irqplug.obj</name>
      </input_file>
      <input_file id="fl-54">
         <path>C:\ti\bios_5_42_02_10\packages\ti\bios\lib\</path>
         <kind>archive</kind>
         <file>bios.a55L</file>
         <name>knl_exit.o55L</name>
      </input_file>
      <input_file id="fl-55">
         <path>C:\ti\bios_5_42_02_10\packages\ti\bios\lib\</path>
         <kind>archive</kind>
         <file>bios.a55L</file>
         <name>knl_chec.o55L</name>
      </input_file>
      <input_file id="fl-56">
         <path>C:\ti\bios_5_42_02_10\packages\ti\bios\lib\</path>
         <kind>archive</kind>
         <file>bios.a55L</file>
         <name>knl.o55L</name>
      </input_file>
      <input_file id="fl-57">
         <path>C:\ti\bios_5_42_02_10\packages\ti\bios\lib\</path>
         <kind>archive</kind>
         <file>bios.a55L</file>
         <name>knl_run.o55L</name>
      </input_file>
      <input_file id="fl-58">
         <path>C:\ti\bios_5_42_02_10\packages\ti\bios\lib\</path>
         <kind>archive</kind>
         <file>bios.a55L</file>
         <name>knl_tick.o55L</name>
      </input_file>
      <input_file id="fl-59">
         <path>C:\ti\bios_5_42_02_10\packages\ti\bios\lib\</path>
         <kind>archive</kind>
         <file>bios.a55L</file>
         <name>knl_post.o55L</name>
      </input_file>
      <input_file id="fl-5a">
         <path>C:\ti\bios_5_42_02_10\packages\ti\bios\lib\</path>
         <kind>archive</kind>
         <file>bios.a55L</file>
         <name>knl_ipos.o55L</name>
      </input_file>
      <input_file id="fl-5b">
         <path>C:\ti\bios_5_42_02_10\packages\ti\bios\lib\</path>
         <kind>archive</kind>
         <file>bios.a55L</file>
         <name>mem_asm.o55L</name>
      </input_file>
      <input_file id="fl-5c">
         <path>C:\ti\bios_5_42_02_10\packages\ti\bios\lib\</path>
         <kind>archive</kind>
         <file>bios.a55L</file>
         <name>mem_init.o55L</name>
      </input_file>
      <input_file id="fl-5d">
         <path>C:\ti\bios_5_42_02_10\packages\ti\bios\lib\</path>
         <kind>archive</kind>
         <file>bios.a55L</file>
         <name>obj_init.o55L</name>
      </input_file>
      <input_file id="fl-5e">
         <path>C:\Users\a0221074\Desktop\C5000\IBM_Watson_TIdesign_workarea\CSL_bitbucket\c55_csl\c55xx_csl\ccs_v6.x_examples\C55XXCSL_LP\Debug\</path>
         <kind>archive</kind>
         <file>C55XXCSL_LP.lib</file>
         <name>csl_pll.obj</name>
      </input_file>
      <input_file id="fl-5f">
         <path>C:\ti\bios_5_42_02_10\packages\ti\bios\lib\</path>
         <kind>archive</kind>
         <file>bios.a55L</file>
         <name>rtdx_data.o55L</name>
      </input_file>
      <input_file id="fl-60">
         <path>C:\ti\bios_5_42_02_10\packages\ti\rtdx\lib\c5500\</path>
         <kind>archive</kind>
         <file>rtdxx.lib</file>
         <name>buffer2.o55L</name>
      </input_file>
      <input_file id="fl-61">
         <path>C:\ti\bios_5_42_02_10\packages\ti\rtdx\lib\c5500\</path>
         <kind>archive</kind>
         <file>rtdxx.lib</file>
         <name>buffer1.o55L</name>
      </input_file>
      <input_file id="fl-62">
         <path>C:\ti\bios_5_42_02_10\packages\ti\rtdx\lib\c5500\</path>
         <kind>archive</kind>
         <file>rtdxx.lib</file>
         <name>rtdx_mon.o55L</name>
      </input_file>
      <input_file id="fl-63">
         <path>C:\ti\bios_5_42_02_10\packages\ti\rtdx\lib\c5500\</path>
         <kind>archive</kind>
         <file>rtdxx.lib</file>
         <name>intr_tgt.o55L</name>
      </input_file>
      <input_file id="fl-64">
         <path>C:\ti\bios_5_42_02_10\packages\ti\bios\lib\</path>
         <kind>archive</kind>
         <file>bios.a55L</file>
         <name>sem_pend_counting.o55L</name>
      </input_file>
      <input_file id="fl-65">
         <path>C:\ti\bios_5_42_02_10\packages\ti\bios\lib\</path>
         <kind>archive</kind>
         <file>bios.a55L</file>
         <name>sem_pend.o55L</name>
      </input_file>
      <input_file id="fl-66">
         <path>C:\ti\bios_5_42_02_10\packages\ti\bios\lib\</path>
         <kind>archive</kind>
         <file>bios.a55L</file>
         <name>sem_post_asm.o55L</name>
      </input_file>
      <input_file id="fl-67">
         <path>C:\ti\bios_5_42_02_10\packages\ti\bios\lib\</path>
         <kind>archive</kind>
         <file>bios.a55L</file>
         <name>sem_post.o55L</name>
      </input_file>
      <input_file id="fl-68">
         <path>C:\ti\bios_5_42_02_10\packages\ti\bios\lib\</path>
         <kind>archive</kind>
         <file>bios.a55L</file>
         <name>sts_set.o55L</name>
      </input_file>
      <input_file id="fl-69">
         <path>C:\Users\a0221074\Desktop\C5000\IBM_Watson_TIdesign_workarea\CSL_bitbucket\c55_csl\c55xx_csl\ccs_v6.x_examples\C55XXCSL_LP\Debug\</path>
         <kind>archive</kind>
         <file>C55XXCSL_LP.lib</file>
         <name>csl_sysctrl.obj</name>
      </input_file>
      <input_file id="fl-6a">
         <path>C:\ti\bios_5_42_02_10\packages\ti\bios\lib\</path>
         <kind>archive</kind>
         <file>bios.a55L</file>
         <name>tsk.o55L</name>
      </input_file>
      <input_file id="fl-6b">
         <path>C:\ti\bios_5_42_02_10\packages\ti\bios\lib\</path>
         <kind>archive</kind>
         <file>bios.a55L</file>
         <name>tsk_exit.o55L</name>
      </input_file>
      <input_file id="fl-6c">
         <path>C:\ti\bios_5_42_02_10\packages\ti\bios\lib\</path>
         <kind>archive</kind>
         <file>bios.a55L</file>
         <name>sys_exit.o55L</name>
      </input_file>
      <input_file id="fl-6d">
         <path>C:\ti\bios_5_42_02_10\packages\ti\bios\lib\</path>
         <kind>archive</kind>
         <file>bios.a55L</file>
         <name>sys.o55L</name>
      </input_file>
      <input_file id="fl-6e">
         <path>C:\ti\bios_5_42_02_10\packages\ti\bios\lib\</path>
         <kind>archive</kind>
         <file>bios.a55L</file>
         <name>tsk_init.o55L</name>
      </input_file>
      <input_file id="fl-6f">
         <path>C:\ti\bios_5_42_02_10\packages\ti\bios\lib\</path>
         <kind>archive</kind>
         <file>bios.a55L</file>
         <name>tsk_setu.o55L</name>
      </input_file>
      <input_file id="fl-70">
         <path>C:\ti\bios_5_42_02_10\packages\ti\bios\lib\</path>
         <kind>archive</kind>
         <file>bios.a55L</file>
         <name>tsk_stup.o55L</name>
      </input_file>
      <input_file id="fl-71">
         <path>C:\ti\bios_5_42_02_10\packages\ti\bios\lib\</path>
         <kind>archive</kind>
         <file>bios.a55L</file>
         <name>lck.o55L</name>
      </input_file>
      <input_file id="fl-72">
         <path>C:\ti\bios_5_42_02_10\packages\ti\bios\lib\</path>
         <kind>archive</kind>
         <file>bios.a55L</file>
         <name>sys_abor.o55L</name>
      </input_file>
      <input_file id="fl-73">
         <path>C:\Users\a0221074\Desktop\C5000\IBM_Watson_TIdesign_workarea\CSL_bitbucket\c55_csl\c55xx_csl\ccs_v6.x_examples\C55XXCSL_LP\Debug\</path>
         <kind>archive</kind>
         <file>C55XXCSL_LP.lib</file>
         <name>vectors.obj</name>
      </input_file>
      <input_file id="fl-74">
         <path>C:\ti\bios_5_42_02_10\packages\ti\bios\lib\</path>
         <kind>archive</kind>
         <file>bios.a55L</file>
         <name>sem_dopo.o55L</name>
      </input_file>
      <input_file id="fl-75">
         <path>C:\ti\ccsv7\tools\compiler\c5500_4.4.1\lib\</path>
         <kind>archive</kind>
         <file>rts55x.lib</file>
         <name>addd.obj</name>
      </input_file>
      <input_file id="fl-76">
         <path>C:\ti\ccsv7\tools\compiler\c5500_4.4.1\lib\</path>
         <kind>archive</kind>
         <file>rts55x.lib</file>
         <name>divd.obj</name>
      </input_file>
      <input_file id="fl-77">
         <path>C:\ti\ccsv7\tools\compiler\c5500_4.4.1\lib\</path>
         <kind>archive</kind>
         <file>rts55x.lib</file>
         <name>divli.obj</name>
      </input_file>
      <input_file id="fl-78">
         <path>C:\ti\ccsv7\tools\compiler\c5500_4.4.1\lib\</path>
         <kind>archive</kind>
         <file>rts55x.lib</file>
         <name>udiv.obj</name>
      </input_file>
      <input_file id="fl-79">
         <path>C:\ti\ccsv7\tools\compiler\c5500_4.4.1\lib\</path>
         <kind>archive</kind>
         <file>rts55x.lib</file>
         <name>divul.obj</name>
      </input_file>
      <input_file id="fl-7a">
         <path>C:\ti\ccsv7\tools\compiler\c5500_4.4.1\lib\</path>
         <kind>archive</kind>
         <file>rts55x.lib</file>
         <name>fixdul.obj</name>
      </input_file>
      <input_file id="fl-7b">
         <path>C:\ti\ccsv7\tools\compiler\c5500_4.4.1\lib\</path>
         <kind>archive</kind>
         <file>rts55x.lib</file>
         <name>fltuld.obj</name>
      </input_file>
      <input_file id="fl-7c">
         <path>C:\ti\ccsv7\tools\compiler\c5500_4.4.1\lib\</path>
         <kind>archive</kind>
         <file>rts55x.lib</file>
         <name>frcmpyd_div.obj</name>
      </input_file>
      <input_file id="fl-7d">
         <path>C:\ti\ccsv7\tools\compiler\c5500_4.4.1\lib\</path>
         <kind>archive</kind>
         <file>rts55x.lib</file>
         <name>mpyd.obj</name>
      </input_file>
      <input_file id="fl-7e">
         <path>C:\ti\ccsv7\tools\compiler\c5500_4.4.1\lib\</path>
         <kind>archive</kind>
         <file>rts55x.lib</file>
         <name>frcmpyd.obj</name>
      </input_file>
      <input_file id="fl-7f">
         <path>C:\ti\ccsv7\tools\compiler\c5500_4.4.1\lib\</path>
         <kind>archive</kind>
         <file>rts55x.lib</file>
         <name>lmpy.obj</name>
      </input_file>
      <input_file id="fl-80">
         <path>C:\ti\ccsv7\tools\compiler\c5500_4.4.1\lib\</path>
         <kind>archive</kind>
         <file>rts55x.lib</file>
         <name>_lock.obj</name>
      </input_file>
      <input_file id="fl-81">
         <path>C:\ti\ccsv7\tools\compiler\c5500_4.4.1\lib\</path>
         <kind>archive</kind>
         <file>rts55x.lib</file>
         <name>remul.obj</name>
      </input_file>
      <input_file id="fl-82">
         <path>C:\Users\a0221074\Desktop\C5000\IBM_Watson_TIdesign_workarea\CSL_bitbucket\c55_csl\volib_C55_CPU3_2_1_0_1\packages\ti\mas\vpe\lib\</path>
         <kind>archive</kind>
         <file>vpe_c.a55L</file>
         <name>nr.o55L</name>
      </input_file>
      <input_file id="fl-83">
         <path>C:\ti\ccsv7\tools\compiler\c5500_4.4.1\lib\</path>
         <kind>archive</kind>
         <file>rts55x.lib</file>
         <name>atexit.obj</name>
      </input_file>
      <input_file id="fl-84">
         <path>C:\ti\ccsv7\tools\compiler\c5500_4.4.1\lib\</path>
         <kind>archive</kind>
         <file>rts55x.lib</file>
         <name>sinit.obj</name>
      </input_file>
      <input_file id="fl-85">
         <path>C:\ti\ccsv7\tools\compiler\c5500_4.4.1\lib\</path>
         <kind>archive</kind>
         <file>rts55x.lib</file>
         <name>exit.obj</name>
      </input_file>
      <input_file id="fl-86">
         <path>C:\ti\bios_5_42_02_10\packages\ti\bios\lib\</path>
         <kind>archive</kind>
         <file>bios.a55L</file>
         <name>autoinit.o55L</name>
      </input_file>
      <input_file id="fl-87">
         <path>C:\Users\a0221074\Desktop\C5000\IBM_Watson_TIdesign_workarea\CSL_bitbucket\c55_csl\aer_c55l_cpuv3.3_obj_17_0_0_0\packages\ti\mas\aer\lib\</path>
         <kind>archive</kind>
         <file>aer_c.a55L</file>
         <name>bf.o55L</name>
      </input_file>
      <input_file id="fl-88">
         <path>C:\Users\a0221074\Desktop\C5000\IBM_Watson_TIdesign_workarea\CSL_bitbucket\c55_csl\aer_c55l_cpuv3.3_obj_17_0_0_0\packages\ti\mas\aer\lib\</path>
         <kind>archive</kind>
         <file>aer_c.a55L</file>
         <name>bfproc.o55L</name>
      </input_file>
      <input_file id="fl-89">
         <path>C:\Users\a0221074\Desktop\C5000\IBM_Watson_TIdesign_workarea\CSL_bitbucket\c55_csl\aer_c55l_cpuv3.3_obj_17_0_0_0\packages\ti\mas\aer\lib\</path>
         <kind>archive</kind>
         <file>aer_c.a55L</file>
         <name>bfapplyflt.o55L</name>
      </input_file>
      <input_file id="fl-8a">
         <path>C:\Users\a0221074\Desktop\C5000\IBM_Watson_TIdesign_workarea\CSL_bitbucket\c55_csl\aer_c55l_cpuv3.3_obj_17_0_0_0\packages\ti\mas\aer\lib\</path>
         <kind>archive</kind>
         <file>aer_c.a55L</file>
         <name>bfapplygain.o55L</name>
      </input_file>
      <input_file id="fl-8b">
         <path>C:\Users\a0221074\Desktop\C5000\IBM_Watson_TIdesign_workarea\CSL_bitbucket\c55_csl\aer_c55l_cpuv3.3_obj_17_0_0_0\packages\ti\mas\aer\lib\</path>
         <kind>archive</kind>
         <file>aer_a.a55L</file>
         <name>bfops.o55L</name>
      </input_file>
      <input_file id="fl-8c">
         <path>C:\ti\bios_5_42_02_10\packages\ti\bios\lib\</path>
         <kind>archive</kind>
         <file>bios.a55L</file>
         <name>malloc.o55L</name>
      </input_file>
      <input_file id="fl-8d">
         <path>C:\ti\bios_5_42_02_10\packages\ti\bios\lib\</path>
         <kind>archive</kind>
         <file>bios.a55L</file>
         <name>mem_allo.o55L</name>
      </input_file>
      <input_file id="fl-8e">
         <path>C:\ti\bios_5_42_02_10\packages\ti\bios\lib\</path>
         <kind>archive</kind>
         <file>bios.a55L</file>
         <name>mem_free.o55L</name>
      </input_file>
      <input_file id="fl-8f">
         <path>C:\ti\bios_5_42_02_10\packages\ti\bios\lib\</path>
         <kind>archive</kind>
         <file>bios.a55L</file>
         <name>sys_erro.o55L</name>
      </input_file>
      <input_file id="fl-90">
         <path>C:\ti\ccsv7\tools\compiler\c5500_4.4.1\lib\</path>
         <kind>archive</kind>
         <file>rts55x.lib</file>
         <name>memcpy.obj</name>
      </input_file>
      <input_file id="fl-91">
         <path>C:\Users\a0221074\Desktop\C5000\IBM_Watson_TIdesign_workarea\CSL_bitbucket\c55_csl\volib_C55_CPU3_2_1_0_1\packages\ti\mas\vpe\lib\</path>
         <kind>archive</kind>
         <file>vpe_c.a55L</file>
         <name>nrgain.o55L</name>
      </input_file>
      <input_file id="fl-92">
         <path>C:\Users\a0221074\Desktop\C5000\IBM_Watson_TIdesign_workarea\CSL_bitbucket\c55_csl\volib_C55_CPU3_2_1_0_1\packages\ti\mas\vpe\lib\</path>
         <kind>archive</kind>
         <file>vpe_a.a55L</file>
         <name>nrfft.o55L</name>
      </input_file>
      <input_file id="fl-93">
         <path>C:\Users\a0221074\Desktop\C5000\IBM_Watson_TIdesign_workarea\CSL_bitbucket\c55_csl\volib_C55_CPU3_2_1_0_1\packages\ti\mas\vpe\lib\</path>
         <kind>archive</kind>
         <file>vpe_c.a55L</file>
         <name>nrffttb.o55L</name>
      </input_file>
      <input_file id="fl-94">
         <path>C:\Users\a0221074\Desktop\C5000\IBM_Watson_TIdesign_workarea\CSL_bitbucket\c55_csl\volib_C55_CPU3_2_1_0_1\packages\ti\mas\vpe\lib\</path>
         <kind>archive</kind>
         <file>vpe_c.a55L</file>
         <name>nrprocess.o55L</name>
      </input_file>
      <input_file id="fl-95">
         <path>C:\Users\a0221074\Desktop\C5000\IBM_Watson_TIdesign_workarea\CSL_bitbucket\c55_csl\volib_C55_CPU3_2_1_0_1\packages\ti\mas\vpe\lib\</path>
         <kind>archive</kind>
         <file>vpe_c.a55L</file>
         <name>nrnum.o55L</name>
      </input_file>
      <input_file id="fl-96">
         <path>C:\Users\a0221074\Desktop\C5000\IBM_Watson_TIdesign_workarea\CSL_bitbucket\c55_csl\volib_C55_CPU3_2_1_0_1\packages\ti\mas\vpe\lib\</path>
         <kind>archive</kind>
         <file>vpe_a.a55L</file>
         <name>nrmisc.o55L</name>
      </input_file>
      <input_file id="fl-97">
         <path>C:\Users\a0221074\Desktop\C5000\IBM_Watson_TIdesign_workarea\CSL_bitbucket\c55_csl\volib_C55_CPU3_2_1_0_1\packages\ti\mas\vpe\lib\</path>
         <kind>archive</kind>
         <file>vpe_a.a55L</file>
         <name>nrwiener.o55L</name>
      </input_file>
      <input_file id="fl-98">
         <path>C:\Users\a0221074\Desktop\C5000\IBM_Watson_TIdesign_workarea\CSL_bitbucket\c55_csl\volib_C55_CPU3_2_1_0_1\packages\ti\mas\vpe\lib\</path>
         <kind>archive</kind>
         <file>vpe_c.a55L</file>
         <name>nrtbl.o55L</name>
      </input_file>
      <input_file id="fl-99">
         <path>C:\ti\ccsv7\tools\compiler\c5500_4.4.1\lib\</path>
         <kind>archive</kind>
         <file>rts55x.lib</file>
         <name>printf.obj</name>
      </input_file>
      <input_file id="fl-9a">
         <path>C:\ti\ccsv7\tools\compiler\c5500_4.4.1\lib\</path>
         <kind>archive</kind>
         <file>rts55x.lib</file>
         <name>defs.obj</name>
      </input_file>
      <input_file id="fl-9b">
         <path>C:\ti\ccsv7\tools\compiler\c5500_4.4.1\lib\</path>
         <kind>archive</kind>
         <file>rts55x.lib</file>
         <name>_printfi.obj</name>
      </input_file>
      <input_file id="fl-9c">
         <path>C:\ti\ccsv7\tools\compiler\c5500_4.4.1\lib\</path>
         <kind>archive</kind>
         <file>rts55x.lib</file>
         <name>isinf.obj</name>
      </input_file>
      <input_file id="fl-9d">
         <path>C:\ti\ccsv7\tools\compiler\c5500_4.4.1\lib\</path>
         <kind>archive</kind>
         <file>rts55x.lib</file>
         <name>cmpd.obj</name>
      </input_file>
      <input_file id="fl-9e">
         <path>C:\ti\ccsv7\tools\compiler\c5500_4.4.1\lib\</path>
         <kind>archive</kind>
         <file>rts55x.lib</file>
         <name>llmpy.obj</name>
      </input_file>
      <input_file id="fl-9f">
         <path>C:\ti\ccsv7\tools\compiler\c5500_4.4.1\lib\</path>
         <kind>archive</kind>
         <file>rts55x.lib</file>
         <name>fixdi.obj</name>
      </input_file>
      <input_file id="fl-a0">
         <path>C:\ti\ccsv7\tools\compiler\c5500_4.4.1\lib\</path>
         <kind>archive</kind>
         <file>rts55x.lib</file>
         <name>fixdli.obj</name>
      </input_file>
      <input_file id="fl-a1">
         <path>C:\ti\ccsv7\tools\compiler\c5500_4.4.1\lib\</path>
         <kind>archive</kind>
         <file>rts55x.lib</file>
         <name>fltlid.obj</name>
      </input_file>
      <input_file id="fl-a2">
         <path>C:\ti\ccsv7\tools\compiler\c5500_4.4.1\lib\</path>
         <kind>archive</kind>
         <file>rts55x.lib</file>
         <name>negd.obj</name>
      </input_file>
      <input_file id="fl-a3">
         <path>C:\ti\ccsv7\tools\compiler\c5500_4.4.1\lib\</path>
         <kind>archive</kind>
         <file>rts55x.lib</file>
         <name>subd.obj</name>
      </input_file>
      <input_file id="fl-a4">
         <path>C:\ti\ccsv7\tools\compiler\c5500_4.4.1\lib\</path>
         <kind>archive</kind>
         <file>rts55x.lib</file>
         <name>atoi.obj</name>
      </input_file>
      <input_file id="fl-a5">
         <path>C:\ti\ccsv7\tools\compiler\c5500_4.4.1\lib\</path>
         <kind>archive</kind>
         <file>rts55x.lib</file>
         <name>ctype.obj</name>
      </input_file>
      <input_file id="fl-a6">
         <path>C:\ti\ccsv7\tools\compiler\c5500_4.4.1\lib\</path>
         <kind>archive</kind>
         <file>rts55x.lib</file>
         <name>fputc.obj</name>
      </input_file>
      <input_file id="fl-a7">
         <path>C:\ti\ccsv7\tools\compiler\c5500_4.4.1\lib\</path>
         <kind>archive</kind>
         <file>rts55x.lib</file>
         <name>fflush.obj</name>
      </input_file>
      <input_file id="fl-a8">
         <path>C:\ti\ccsv7\tools\compiler\c5500_4.4.1\lib\</path>
         <kind>archive</kind>
         <file>rts55x.lib</file>
         <name>_io_perm.obj</name>
      </input_file>
      <input_file id="fl-a9">
         <path>C:\ti\ccsv7\tools\compiler\c5500_4.4.1\lib\</path>
         <kind>archive</kind>
         <file>rts55x.lib</file>
         <name>fputs.obj</name>
      </input_file>
      <input_file id="fl-aa">
         <path>C:\ti\ccsv7\tools\compiler\c5500_4.4.1\lib\</path>
         <kind>archive</kind>
         <file>rts55x.lib</file>
         <name>fseek.obj</name>
      </input_file>
      <input_file id="fl-ab">
         <path>C:\ti\ccsv7\tools\compiler\c5500_4.4.1\lib\</path>
         <kind>archive</kind>
         <file>rts55x.lib</file>
         <name>lowlev.obj</name>
      </input_file>
      <input_file id="fl-ac">
         <path>C:\ti\ccsv7\tools\compiler\c5500_4.4.1\lib\</path>
         <kind>archive</kind>
         <file>rts55x.lib</file>
         <name>trgdrv.obj</name>
      </input_file>
      <input_file id="fl-ad">
         <path>C:\ti\ccsv7\tools\compiler\c5500_4.4.1\lib\</path>
         <kind>archive</kind>
         <file>rts55x.lib</file>
         <name>ltoa.obj</name>
      </input_file>
      <input_file id="fl-ae">
         <path>C:\ti\ccsv7\tools\compiler\c5500_4.4.1\lib\</path>
         <kind>archive</kind>
         <file>rts55x.lib</file>
         <name>remli.obj</name>
      </input_file>
      <input_file id="fl-af">
         <path>C:\ti\ccsv7\tools\compiler\c5500_4.4.1\lib\</path>
         <kind>archive</kind>
         <file>rts55x.lib</file>
         <name>memccpy.obj</name>
      </input_file>
      <input_file id="fl-b0">
         <path>C:\ti\ccsv7\tools\compiler\c5500_4.4.1\lib\</path>
         <kind>archive</kind>
         <file>rts55x.lib</file>
         <name>trgmsg.obj</name>
      </input_file>
      <input_file id="fl-b1">
         <path>C:\ti\ccsv7\tools\compiler\c5500_4.4.1\lib\</path>
         <kind>archive</kind>
         <file>rts55x.lib</file>
         <name>setvbuf.obj</name>
      </input_file>
      <input_file id="fl-b2">
         <path>C:\ti\ccsv7\tools\compiler\c5500_4.4.1\lib\</path>
         <kind>archive</kind>
         <file>rts55x.lib</file>
         <name>fopen.obj</name>
      </input_file>
      <input_file id="fl-b3">
         <path>C:\ti\ccsv7\tools\compiler\c5500_4.4.1\lib\</path>
         <kind>archive</kind>
         <file>rts55x.lib</file>
         <name>fclose.obj</name>
      </input_file>
      <input_file id="fl-b4">
         <path>C:\ti\ccsv7\tools\compiler\c5500_4.4.1\lib\</path>
         <kind>archive</kind>
         <file>rts55x.lib</file>
         <name>remove.obj</name>
      </input_file>
      <input_file id="fl-b5">
         <path>C:\ti\ccsv7\tools\compiler\c5500_4.4.1\lib\</path>
         <kind>archive</kind>
         <file>rts55x.lib</file>
         <name>sprintf.obj</name>
      </input_file>
      <input_file id="fl-b6">
         <path>C:\Users\a0221074\Desktop\C5000\IBM_Watson_TIdesign_workarea\CSL_bitbucket\c55_csl\volib_C55_CPU3_2_1_0_1\packages\ti\mas\vpe\lib\</path>
         <kind>archive</kind>
         <file>vpe_c.a55L</file>
         <name>svd.o55L</name>
      </input_file>
      <input_file id="fl-b7">
         <path>C:\Users\a0221074\Desktop\C5000\IBM_Watson_TIdesign_workarea\CSL_bitbucket\c55_csl\volib_C55_CPU3_2_1_0_1\packages\ti\mas\vpe\lib\</path>
         <kind>archive</kind>
         <file>vpe_c.a55L</file>
         <name>snl.o55L</name>
      </input_file>
      <input_file id="fl-b8">
         <path>C:\Users\a0221074\Desktop\C5000\IBM_Watson_TIdesign_workarea\CSL_bitbucket\c55_csl\volib_C55_CPU3_2_1_0_1\packages\ti\mas\vpe\lib\</path>
         <kind>archive</kind>
         <file>vpe_c.a55L</file>
         <name>svdinit.o55L</name>
      </input_file>
      <input_file id="fl-b9">
         <path>C:\Users\a0221074\Desktop\C5000\IBM_Watson_TIdesign_workarea\CSL_bitbucket\c55_csl\volib_C55_CPU3_2_1_0_1\packages\ti\mas\vpe\lib\</path>
         <kind>archive</kind>
         <file>vpe_c.a55L</file>
         <name>snlinit.o55L</name>
      </input_file>
      <input_file id="fl-ba">
         <path>C:\Users\a0221074\Desktop\C5000\IBM_Watson_TIdesign_workarea\CSL_bitbucket\c55_csl\volib_C55_CPU3_2_1_0_1\packages\ti\mas\util\lib\</path>
         <kind>archive</kind>
         <file>util_c.a55L</file>
         <name>util.o55L</name>
      </input_file>
      <input_file id="fl-bb">
         <path>C:\Users\a0221074\Desktop\C5000\IBM_Watson_TIdesign_workarea\CSL_bitbucket\c55_csl\volib_C55_CPU3_2_1_0_1\packages\ti\mas\util\lib\</path>
         <kind>archive</kind>
         <file>util_a.a55L</file>
         <name>utillin2db.o55L</name>
      </input_file>
      <input_file id="fl-bc">
         <path>C:\Users\a0221074\Desktop\C5000\IBM_Watson_TIdesign_workarea\CSL_bitbucket\c55_csl\volib_C55_CPU3_2_1_0_1\packages\ti\mas\util\lib\</path>
         <kind>archive</kind>
         <file>util_a.a55L</file>
         <name>utilnum.o55L</name>
      </input_file>
      <input_file id="fl-bd">
         <path>C:\Users\a0221074\Desktop\C5000\IBM_Watson_TIdesign_workarea\CSL_bitbucket\c55_csl\volib_C55_CPU3_2_1_0_1\packages\ti\mas\util\lib\</path>
         <kind>archive</kind>
         <file>util_a.a55L</file>
         <name>utildb2lin.o55L</name>
      </input_file>
      <input_file id="fl-be">
         <path>C:\ti\bios_5_42_02_10\packages\ti\bios\lib\</path>
         <kind>archive</kind>
         <file>bios.a55L</file>
         <name>rta_andn.o55L</name>
      </input_file>
   </input_file_list>
   <object_component_list>
      <object_component id="oc-1be">
         <name>vectors</name>
         <load_address>0x7600</load_address>
         <run_address>0x7600</run_address>
         <size>0x100</size>
         <input_file_ref idref="fl-73"/>
      </object_component>
      <object_component id="oc-98">
         <name>.volatileMemBufs</name>
         <uninitialized>true</uninitialized>
         <run_address>0x36ab8</run_address>
         <size>0x7d0</size>
         <input_file_ref idref="fl-9"/>
      </object_component>
      <object_component id="oc-99">
         <name>.nonVolatileMemBufs</name>
         <uninitialized>true</uninitialized>
         <run_address>0x1f7c2</run_address>
         <size>0x7d0</size>
         <input_file_ref idref="fl-9"/>
      </object_component>
      <object_component id="oc-79">
         <name>.vers</name>
         <load_address>0x0</load_address>
         <run_address>0x0</run_address>
         <size>0x80</size>
         <input_file_ref idref="fl-3"/>
      </object_component>
      <object_component id="oc-6e">
         <name>.swi</name>
         <uninitialized>true</uninitialized>
         <run_address>0x755c</run_address>
         <size>0x28</size>
         <input_file_ref idref="fl-3"/>
      </object_component>
      <object_component id="oc-71">
         <name>.tsk</name>
         <uninitialized>true</uninitialized>
         <run_address>0x72c4</run_address>
         <size>0xb0</size>
         <input_file_ref idref="fl-3"/>
      </object_component>
      <object_component id="oc-74">
         <name>.idl</name>
         <uninitialized>true</uninitialized>
         <run_address>0x7374</run_address>
         <size>0xc</size>
         <input_file_ref idref="fl-3"/>
      </object_component>
      <object_component id="oc-73">
         <name>.idlcal</name>
         <uninitialized>true</uninitialized>
         <run_address>0x75b8</run_address>
         <size>0xc</size>
         <input_file_ref idref="fl-3"/>
      </object_component>
      <object_component id="oc-b8">
         <name>.sysdata</name>
         <uninitialized>true</uninitialized>
         <run_address>0x6f80</run_address>
         <size>0x160</size>
         <input_file_ref idref="fl-37"/>
      </object_component>
      <object_component id="oc-e8">
         <name>.sysdata</name>
         <uninitialized>true</uninitialized>
         <run_address>0x710c</run_address>
         <size>0xc</size>
         <input_file_ref idref="fl-43"/>
      </object_component>
      <object_component id="oc-f6">
         <name>.sysdata</name>
         <uninitialized>true</uninitialized>
         <run_address>0x70e0</run_address>
         <size>0x2c</size>
         <input_file_ref idref="fl-46"/>
      </object_component>
      <object_component id="oc-56">
         <name>.bios</name>
         <load_address>0x20c0</load_address>
         <run_address>0x20c0</run_address>
         <size>0x3d4</size>
         <input_file_ref idref="fl-39"/>
      </object_component>
      <object_component id="oc-ea">
         <name>.bios</name>
         <load_address>0x2494</load_address>
         <run_address>0x2494</run_address>
         <size>0x3a3</size>
         <input_file_ref idref="fl-43"/>
      </object_component>
      <object_component id="oc-11a">
         <name>.bios</name>
         <load_address>0x2837</load_address>
         <run_address>0x2837</run_address>
         <size>0x35f</size>
         <input_file_ref idref="fl-4e"/>
      </object_component>
      <object_component id="oc-17c">
         <name>.bios</name>
         <load_address>0x2b98</load_address>
         <run_address>0x2b98</run_address>
         <size>0x18b</size>
         <input_file_ref idref="fl-65"/>
      </object_component>
      <object_component id="oc-146">
         <name>.bios</name>
         <load_address>0x2d24</load_address>
         <run_address>0x2d24</run_address>
         <size>0x185</size>
         <input_file_ref idref="fl-57"/>
      </object_component>
      <object_component id="oc-23e">
         <name>.bios:.near</name>
         <load_address>0x2eac</load_address>
         <run_address>0x2eac</run_address>
         <size>0x175</size>
         <input_file_ref idref="fl-8e"/>
      </object_component>
      <object_component id="oc-235">
         <name>.bios</name>
         <load_address>0x3024</load_address>
         <run_address>0x3024</run_address>
         <size>0x170</size>
         <input_file_ref idref="fl-8c"/>
      </object_component>
      <object_component id="oc-14c">
         <name>.bios</name>
         <load_address>0x3194</load_address>
         <run_address>0x3194</run_address>
         <size>0x144</size>
         <input_file_ref idref="fl-58"/>
      </object_component>
      <object_component id="oc-f8">
         <name>.bios</name>
         <load_address>0x32d8</load_address>
         <run_address>0x32d8</run_address>
         <size>0x130</size>
         <input_file_ref idref="fl-46"/>
      </object_component>
      <object_component id="oc-239">
         <name>.bios:.near</name>
         <load_address>0x3408</load_address>
         <run_address>0x3408</run_address>
         <size>0x12d</size>
         <input_file_ref idref="fl-8d"/>
      </object_component>
      <object_component id="oc-f2">
         <name>.bios</name>
         <load_address>0x3535</load_address>
         <run_address>0x3535</run_address>
         <size>0x119</size>
         <input_file_ref idref="fl-45"/>
      </object_component>
      <object_component id="oc-51">
         <name>.bios</name>
         <load_address>0x364e</load_address>
         <run_address>0x364e</run_address>
         <size>0x10e</size>
         <input_file_ref idref="fl-38"/>
      </object_component>
      <object_component id="oc-1c2">
         <name>.bios</name>
         <load_address>0x375c</load_address>
         <run_address>0x375c</run_address>
         <size>0x104</size>
         <input_file_ref idref="fl-74"/>
      </object_component>
      <object_component id="oc-198">
         <name>.bios</name>
         <load_address>0x3860</load_address>
         <run_address>0x3860</run_address>
         <size>0xf8</size>
         <input_file_ref idref="fl-6b"/>
      </object_component>
      <object_component id="oc-1a9">
         <name>.bios</name>
         <load_address>0x3958</load_address>
         <run_address>0x3958</run_address>
         <size>0xf6</size>
         <input_file_ref idref="fl-6f"/>
      </object_component>
      <object_component id="oc-1b0">
         <name>.bios</name>
         <load_address>0x3a50</load_address>
         <run_address>0x3a50</run_address>
         <size>0xbf</size>
         <input_file_ref idref="fl-70"/>
      </object_component>
      <object_component id="oc-13d">
         <name>.bios</name>
         <load_address>0x3b0f</load_address>
         <run_address>0x3b0f</run_address>
         <size>0x8d</size>
         <input_file_ref idref="fl-55"/>
      </object_component>
      <object_component id="oc-180">
         <name>.bios</name>
         <load_address>0x3b9c</load_address>
         <run_address>0x3b9c</run_address>
         <size>0x82</size>
         <input_file_ref idref="fl-66"/>
      </object_component>
      <object_component id="oc-139">
         <name>.bios</name>
         <load_address>0x3c20</load_address>
         <run_address>0x3c20</run_address>
         <size>0x5f</size>
         <input_file_ref idref="fl-54"/>
      </object_component>
      <object_component id="oc-154">
         <name>.bios</name>
         <load_address>0x3c80</load_address>
         <run_address>0x3c80</run_address>
         <size>0x5b</size>
         <input_file_ref idref="fl-5a"/>
      </object_component>
      <object_component id="oc-1b5">
         <name>.bios</name>
         <load_address>0x3cdc</load_address>
         <run_address>0x3cdc</run_address>
         <size>0x58</size>
         <input_file_ref idref="fl-71"/>
      </object_component>
      <object_component id="oc-ee">
         <name>.bios</name>
         <load_address>0x3d34</load_address>
         <run_address>0x3d34</run_address>
         <size>0x51</size>
         <input_file_ref idref="fl-44"/>
      </object_component>
      <object_component id="oc-178">
         <name>.bios</name>
         <load_address>0x3d85</load_address>
         <run_address>0x3d85</run_address>
         <size>0x4e</size>
         <input_file_ref idref="fl-64"/>
      </object_component>
      <object_component id="oc-184">
         <name>.bios</name>
         <load_address>0x3dd4</load_address>
         <run_address>0x3dd4</run_address>
         <size>0x48</size>
         <input_file_ref idref="fl-67"/>
      </object_component>
      <object_component id="oc-fc">
         <name>.bios</name>
         <load_address>0x3e1c</load_address>
         <run_address>0x3e1c</run_address>
         <size>0x48</size>
         <input_file_ref idref="fl-47"/>
      </object_component>
      <object_component id="oc-19c">
         <name>.bios</name>
         <load_address>0x3e64</load_address>
         <run_address>0x3e64</run_address>
         <size>0x48</size>
         <input_file_ref idref="fl-6c"/>
      </object_component>
      <object_component id="oc-311">
         <name>.bios</name>
         <load_address>0x3eac</load_address>
         <run_address>0x3eac</run_address>
         <size>0x43</size>
         <input_file_ref idref="fl-be"/>
      </object_component>
      <object_component id="oc-57">
         <name>.bios</name>
         <load_address>0x3ef0</load_address>
         <run_address>0x3ef0</run_address>
         <size>0x36</size>
         <input_file_ref idref="fl-3d"/>
      </object_component>
      <object_component id="oc-150">
         <name>.bios</name>
         <load_address>0x3f28</load_address>
         <run_address>0x3f28</run_address>
         <size>0x34</size>
         <input_file_ref idref="fl-59"/>
      </object_component>
      <object_component id="oc-d7">
         <name>.bios</name>
         <load_address>0x3f5c</load_address>
         <run_address>0x3f5c</run_address>
         <size>0x34</size>
         <input_file_ref idref="fl-3f"/>
      </object_component>
      <object_component id="oc-53">
         <name>.bios</name>
         <load_address>0x3f90</load_address>
         <run_address>0x3f90</run_address>
         <size>0x25</size>
         <input_file_ref idref="fl-36"/>
      </object_component>
      <object_component id="oc-52">
         <name>.bios</name>
         <load_address>0x3fb8</load_address>
         <run_address>0x3fb8</run_address>
         <size>0x23</size>
         <input_file_ref idref="fl-3b"/>
      </object_component>
      <object_component id="oc-59">
         <name>.bios</name>
         <load_address>0x3fdc</load_address>
         <run_address>0x3fdc</run_address>
         <size>0x20</size>
         <input_file_ref idref="fl-3c"/>
      </object_component>
      <object_component id="oc-11e">
         <name>.bios</name>
         <load_address>0x3ffc</load_address>
         <run_address>0x3ffc</run_address>
         <size>0x1a</size>
         <input_file_ref idref="fl-4f"/>
      </object_component>
      <object_component id="oc-1b9">
         <name>.bios</name>
         <load_address>0x4018</load_address>
         <run_address>0x4018</run_address>
         <size>0x17</size>
         <input_file_ref idref="fl-72"/>
      </object_component>
      <object_component id="oc-243">
         <name>.bios:.near</name>
         <load_address>0x4030</load_address>
         <run_address>0x4030</run_address>
         <size>0x16</size>
         <input_file_ref idref="fl-8f"/>
      </object_component>
      <object_component id="oc-e4">
         <name>.bios</name>
         <load_address>0x4046</load_address>
         <run_address>0x4046</run_address>
         <size>0xc</size>
         <input_file_ref idref="fl-42"/>
      </object_component>
      <object_component id="oc-58">
         <name>.bios</name>
         <load_address>0x4054</load_address>
         <run_address>0x4054</run_address>
         <size>0x8</size>
         <input_file_ref idref="fl-3e"/>
      </object_component>
      <object_component id="oc-188">
         <name>.bios</name>
         <load_address>0x405c</load_address>
         <run_address>0x405c</run_address>
         <size>0x7</size>
         <input_file_ref idref="fl-68"/>
      </object_component>
      <object_component id="oc-115">
         <name>.bios</name>
         <load_address>0x4063</load_address>
         <run_address>0x4063</run_address>
         <size>0x6</size>
         <input_file_ref idref="fl-4d"/>
      </object_component>
      <object_component id="oc-5a">
         <name>.bios</name>
         <load_address>0x406c</load_address>
         <run_address>0x406c</run_address>
         <size>0x2</size>
         <input_file_ref idref="fl-3a"/>
      </object_component>
      <object_component id="oc-10c">
         <name>.bios</name>
         <load_address>0x4070</load_address>
         <run_address>0x4070</run_address>
         <size>0x2</size>
         <input_file_ref idref="fl-4b"/>
      </object_component>
      <object_component id="oc-2cf">
         <name>.cio</name>
         <uninitialized>true</uninitialized>
         <run_address>0x6d40</run_address>
         <size>0x240</size>
         <input_file_ref idref="fl-b0"/>
      </object_component>
      <object_component id="oc-31c">
         <name>.switch:_DMA_config</name>
         <load_address>0x7118</load_address>
         <run_address>0x7118</run_address>
         <size>0x40</size>
         <input_file_ref idref="fl-4c"/>
      </object_component>
      <object_component id="oc-31d">
         <name>.switch:_DMA_getConfig</name>
         <load_address>0x7158</load_address>
         <run_address>0x7158</run_address>
         <size>0x40</size>
         <input_file_ref idref="fl-4c"/>
      </object_component>
      <object_component id="oc-31e">
         <name>.switch:_DMA_reset</name>
         <load_address>0x7198</load_address>
         <run_address>0x7198</run_address>
         <size>0x40</size>
         <input_file_ref idref="fl-4c"/>
      </object_component>
      <object_component id="oc-321">
         <name>.switch:_SYS_setEBSR</name>
         <load_address>0x71d8</load_address>
         <run_address>0x71d8</run_address>
         <size>0x24</size>
         <input_file_ref idref="fl-69"/>
      </object_component>
      <object_component id="oc-15c">
         <name>.sysinit</name>
         <load_address>0x67ac</load_address>
         <run_address>0x67ac</run_address>
         <size>0x111</size>
         <input_file_ref idref="fl-5c"/>
      </object_component>
      <object_component id="oc-78">
         <name>.sysinit</name>
         <load_address>0x68bd</load_address>
         <run_address>0x68bd</run_address>
         <size>0xca</size>
         <input_file_ref idref="fl-3"/>
      </object_component>
      <object_component id="oc-1a5">
         <name>.sysinit</name>
         <load_address>0x6988</load_address>
         <run_address>0x6988</run_address>
         <size>0x84</size>
         <input_file_ref idref="fl-6e"/>
      </object_component>
      <object_component id="oc-217">
         <name>.sysinit</name>
         <load_address>0x6a0c</load_address>
         <run_address>0x6a0c</run_address>
         <size>0x71</size>
         <input_file_ref idref="fl-86"/>
      </object_component>
      <object_component id="oc-55">
         <name>.sysinit</name>
         <load_address>0x6a7d</load_address>
         <run_address>0x6a7d</run_address>
         <size>0x6f</size>
         <input_file_ref idref="fl-40"/>
      </object_component>
      <object_component id="oc-162">
         <name>.sysinit</name>
         <load_address>0x6aec</load_address>
         <run_address>0x6aec</run_address>
         <size>0x2</size>
         <input_file_ref idref="fl-5d"/>
      </object_component>
      <object_component id="oc-e0">
         <name>.trcdata</name>
         <load_address>0x75d0</load_address>
         <run_address>0x75d0</run_address>
         <size>0x6</size>
         <input_file_ref idref="fl-41"/>
      </object_component>
      <object_component id="oc-34c">
         <name>.rtdx_text:_RTDX_write_next</name>
         <load_address>0x5a68</load_address>
         <run_address>0x5a68</run_address>
         <size>0x1db</size>
         <input_file_ref idref="fl-61"/>
      </object_component>
      <object_component id="oc-33f">
         <name>.rtdx_text:_RTDX_Buffer_WriteCB</name>
         <load_address>0x5c43</load_address>
         <run_address>0x5c43</run_address>
         <size>0x17c</size>
         <input_file_ref idref="fl-61"/>
      </object_component>
      <object_component id="oc-320">
         <name>.rtdx_text:_RTDX_Init_RT_Monitor</name>
         <load_address>0x5dbf</load_address>
         <run_address>0x5dbf</run_address>
         <size>0x10f</size>
         <input_file_ref idref="fl-62"/>
      </object_component>
      <object_component id="oc-317">
         <name>.rtdx_text:_RTDX_Poll</name>
         <load_address>0x5ece</load_address>
         <run_address>0x5ece</run_address>
         <size>0xec</size>
         <input_file_ref idref="fl-62"/>
      </object_component>
      <object_component id="oc-34b">
         <name>.rtdx_text:_claim</name>
         <load_address>0x5fba</load_address>
         <run_address>0x5fba</run_address>
         <size>0xb5</size>
         <input_file_ref idref="fl-61"/>
      </object_component>
      <object_component id="oc-33b">
         <name>.rtdx_text:_StartXFer</name>
         <load_address>0x606f</load_address>
         <run_address>0x606f</run_address>
         <size>0x93</size>
         <input_file_ref idref="fl-62"/>
      </object_component>
      <object_component id="oc-34d">
         <name>.rtdx_text:_RTDX_Mon_Queue</name>
         <load_address>0x6102</load_address>
         <run_address>0x6102</run_address>
         <size>0x88</size>
         <input_file_ref idref="fl-62"/>
      </object_component>
      <object_component id="oc-318">
         <name>.rtdx_text:_RTDX_H2TPoll</name>
         <load_address>0x618a</load_address>
         <run_address>0x618a</run_address>
         <size>0x65</size>
         <input_file_ref idref="fl-62"/>
      </object_component>
      <object_component id="oc-31f">
         <name>.rtdx_text:_RTDX_Buffer_Initialize</name>
         <load_address>0x61ef</load_address>
         <run_address>0x61ef</run_address>
         <size>0x53</size>
         <input_file_ref idref="fl-61"/>
      </object_component>
      <object_component id="oc-33e">
         <name>.rtdx_text:_RTDX_Buffer_ReadCB</name>
         <load_address>0x6242</load_address>
         <run_address>0x6242</run_address>
         <size>0x4b</size>
         <input_file_ref idref="fl-60"/>
      </object_component>
      <object_component id="oc-341">
         <name>.rtdx_text:_RTDX_Final_RT_Monitor</name>
         <load_address>0x628d</load_address>
         <run_address>0x628d</run_address>
         <size>0x3c</size>
         <input_file_ref idref="fl-62"/>
      </object_component>
      <object_component id="oc-34a">
         <name>.rtdx_text:_RTDX_Buffer_Size</name>
         <load_address>0x62c9</load_address>
         <run_address>0x62c9</run_address>
         <size>0x3b</size>
         <input_file_ref idref="fl-61"/>
      </object_component>
      <object_component id="oc-338">
         <name>.rtdx_text:_RTDX_Mask_IER</name>
         <load_address>0x6304</load_address>
         <run_address>0x6304</run_address>
         <size>0x2a</size>
         <input_file_ref idref="fl-63"/>
      </object_component>
      <object_component id="oc-31a">
         <name>.rtdx_text:_RTDX_Buffer_Read</name>
         <load_address>0x632e</load_address>
         <run_address>0x632e</run_address>
         <size>0x22</size>
         <input_file_ref idref="fl-60"/>
      </object_component>
      <object_component id="oc-33c">
         <name>.rtdx_text:_RTDX_Set_IER</name>
         <load_address>0x6350</load_address>
         <run_address>0x6350</run_address>
         <size>0x1e</size>
         <input_file_ref idref="fl-63"/>
      </object_component>
      <object_component id="oc-31b">
         <name>.rtdx_text:_RTDX_Buffer_Write</name>
         <load_address>0x636e</load_address>
         <run_address>0x636e</run_address>
         <size>0x1c</size>
         <input_file_ref idref="fl-61"/>
      </object_component>
      <object_component id="oc-339">
         <name>.rtdx_text:_Allow_EmuAccess</name>
         <load_address>0x638a</load_address>
         <run_address>0x638a</run_address>
         <size>0x17</size>
         <input_file_ref idref="fl-62"/>
      </object_component>
      <object_component id="oc-33a">
         <name>.rtdx_text:_Disallow_EmuAccess</name>
         <load_address>0x63a1</load_address>
         <run_address>0x63a1</run_address>
         <size>0x4</size>
         <input_file_ref idref="fl-62"/>
      </object_component>
      <object_component id="oc-340">
         <name>.rtdx_text:_Wait</name>
         <load_address>0x63a5</load_address>
         <run_address>0x63a5</run_address>
         <size>0x4</size>
         <input_file_ref idref="fl-62"/>
      </object_component>
      <object_component id="oc-77">
         <name>.sem</name>
         <uninitialized>true</uninitialized>
         <run_address>0x7530</run_address>
         <size>0x2c</size>
         <input_file_ref idref="fl-3"/>
      </object_component>
      <object_component id="oc-65">
         <name>.cinit</name>
         <load_address>0x4074</load_address>
         <run_address>0x4074</run_address>
         <size>0x556</size>
         <input_file_ref idref="fl-3"/>
      </object_component>
      <object_component id="oc-b3">
         <name>.cinit</name>
         <load_address>0x45ca</load_address>
         <run_address>0x45ca</run_address>
         <size>0x33e</size>
         <input_file_ref idref="fl-e"/>
      </object_component>
      <object_component id="oc-b9">
         <name>.cinit</name>
         <load_address>0x4908</load_address>
         <run_address>0x4908</run_address>
         <size>0x15e</size>
         <input_file_ref idref="fl-37"/>
      </object_component>
      <object_component id="oc-142">
         <name>.cinit</name>
         <load_address>0x4a66</load_address>
         <run_address>0x4a66</run_address>
         <size>0x140</size>
         <input_file_ref idref="fl-56"/>
      </object_component>
      <object_component id="oc-81">
         <name>.cinit</name>
         <load_address>0x4ba6</load_address>
         <run_address>0x4ba6</run_address>
         <size>0x120</size>
         <input_file_ref idref="fl-5"/>
      </object_component>
      <object_component id="oc-193">
         <name>.cinit</name>
         <load_address>0x4cc6</load_address>
         <run_address>0x4cc6</run_address>
         <size>0x62</size>
         <input_file_ref idref="fl-6a"/>
      </object_component>
      <object_component id="oc-1af">
         <name>.cinit</name>
         <load_address>0x4d28</load_address>
         <run_address>0x4d28</run_address>
         <size>0x5c</size>
         <input_file_ref idref="fl-70"/>
      </object_component>
      <object_component id="oc-2b9">
         <name>.cinit</name>
         <load_address>0x4d84</load_address>
         <run_address>0x4d84</run_address>
         <size>0x5a</size>
         <input_file_ref idref="fl-ab"/>
      </object_component>
      <object_component id="oc-200">
         <name>.cinit</name>
         <load_address>0x4dde</load_address>
         <run_address>0x4dde</run_address>
         <size>0x5a</size>
         <input_file_ref idref="fl-82"/>
      </object_component>
      <object_component id="oc-272">
         <name>.cinit</name>
         <load_address>0x4e38</load_address>
         <run_address>0x4e38</run_address>
         <size>0x54</size>
         <input_file_ref idref="fl-9a"/>
      </object_component>
      <object_component id="oc-21e">
         <name>.cinit</name>
         <load_address>0x4e8c</load_address>
         <run_address>0x4e8c</run_address>
         <size>0x42</size>
         <input_file_ref idref="fl-87"/>
      </object_component>
      <object_component id="oc-f7">
         <name>.cinit</name>
         <load_address>0x4ece</load_address>
         <run_address>0x4ece</run_address>
         <size>0x32</size>
         <input_file_ref idref="fl-46"/>
      </object_component>
      <object_component id="oc-171">
         <name>.cinit</name>
         <load_address>0x4f00</load_address>
         <run_address>0x4f00</run_address>
         <size>0x2e</size>
         <input_file_ref idref="fl-61"/>
      </object_component>
      <object_component id="oc-26a">
         <name>.cinit</name>
         <load_address>0x4f2e</load_address>
         <run_address>0x4f2e</run_address>
         <size>0x26</size>
         <input_file_ref idref="fl-98"/>
      </object_component>
      <object_component id="oc-5d">
         <name>.cinit</name>
         <load_address>0x4f54</load_address>
         <run_address>0x4f54</run_address>
         <size>0x24</size>
         <input_file_ref idref="fl-2"/>
      </object_component>
      <object_component id="oc-d0">
         <name>.cinit</name>
         <load_address>0x4f78</load_address>
         <run_address>0x4f78</run_address>
         <size>0x1e</size>
         <input_file_ref idref="fl-3d"/>
      </object_component>
      <object_component id="oc-14b">
         <name>.cinit</name>
         <load_address>0x4f96</load_address>
         <run_address>0x4f96</run_address>
         <size>0x16</size>
         <input_file_ref idref="fl-58"/>
      </object_component>
      <object_component id="oc-161">
         <name>.cinit</name>
         <load_address>0x4fac</load_address>
         <run_address>0x4fac</run_address>
         <size>0x14</size>
         <input_file_ref idref="fl-5d"/>
      </object_component>
      <object_component id="oc-1a1">
         <name>.cinit</name>
         <load_address>0x4fc0</load_address>
         <run_address>0x4fc0</run_address>
         <size>0x14</size>
         <input_file_ref idref="fl-6d"/>
      </object_component>
      <object_component id="oc-1f6">
         <name>.cinit</name>
         <load_address>0x4fd4</load_address>
         <run_address>0x4fd4</run_address>
         <size>0x14</size>
         <input_file_ref idref="fl-80"/>
      </object_component>
      <object_component id="oc-213">
         <name>.cinit</name>
         <load_address>0x4fe8</load_address>
         <run_address>0x4fe8</run_address>
         <size>0x14</size>
         <input_file_ref idref="fl-85"/>
      </object_component>
      <object_component id="oc-e9">
         <name>.cinit</name>
         <load_address>0x4ffc</load_address>
         <run_address>0x4ffc</run_address>
         <size>0x12</size>
         <input_file_ref idref="fl-43"/>
      </object_component>
      <object_component id="oc-a4">
         <name>.cinit</name>
         <load_address>0x500e</load_address>
         <run_address>0x500e</run_address>
         <size>0x12</size>
         <input_file_ref idref="fl-b"/>
      </object_component>
      <object_component id="oc-12b">
         <name>.cinit</name>
         <load_address>0x5020</load_address>
         <run_address>0x5020</run_address>
         <size>0x10</size>
         <input_file_ref idref="fl-51"/>
      </object_component>
      <object_component id="oc-207">
         <name>.cinit</name>
         <load_address>0x5030</load_address>
         <run_address>0x5030</run_address>
         <size>0x10</size>
         <input_file_ref idref="fl-83"/>
      </object_component>
      <object_component id="oc-bd">
         <name>.cinit</name>
         <load_address>0x5040</load_address>
         <run_address>0x5040</run_address>
         <size>0xa</size>
         <input_file_ref idref="fl-38"/>
      </object_component>
      <object_component id="oc-88">
         <name>.cinit</name>
         <load_address>0x504a</load_address>
         <run_address>0x504a</run_address>
         <size>0xa</size>
         <input_file_ref idref="fl-6"/>
      </object_component>
      <object_component id="oc-20d">
         <name>.cinit</name>
         <load_address>0x5054</load_address>
         <run_address>0x5054</run_address>
         <size>0xa</size>
         <input_file_ref idref="fl-84"/>
      </object_component>
      <object_component id="oc-2da">
         <name>.cinit</name>
         <load_address>0x505e</load_address>
         <run_address>0x505e</run_address>
         <size>0x8</size>
         <input_file_ref idref="fl-b2"/>
      </object_component>
      <object_component id="oc-174">
         <name>.pinit</name>
         <load_address>0x75c4</load_address>
         <run_address>0x75c4</run_address>
         <size>0x4</size>
         <input_file_ref idref="fl-61"/>
      </object_component>
      <object_component id="oc-177">
         <name>.pinit</name>
         <load_address>0x75c8</load_address>
         <run_address>0x75c8</run_address>
         <size>0x4</size>
         <input_file_ref idref="fl-62"/>
      </object_component>
      <object_component id="oc-63">
         <name>.gblinit</name>
         <load_address>0x7480</load_address>
         <run_address>0x7480</run_address>
         <size>0x4a</size>
         <input_file_ref idref="fl-3"/>
      </object_component>
      <object_component id="oc-66">
         <name>.rtdx_data</name>
         <uninitialized>true</uninitialized>
         <run_address>0x6af0</run_address>
         <size>0x204</size>
         <input_file_ref idref="fl-3"/>
      </object_component>
      <object_component id="oc-16c">
         <name>.rtdx_data</name>
         <uninitialized>true</uninitialized>
         <run_address>0x6d38</run_address>
         <size>0x8</size>
         <input_file_ref idref="fl-5f"/>
      </object_component>
      <object_component id="oc-172">
         <name>.rtdx_data</name>
         <uninitialized>true</uninitialized>
         <run_address>0x6d18</run_address>
         <size>0x20</size>
         <input_file_ref idref="fl-61"/>
      </object_component>
      <object_component id="oc-175">
         <name>.rtdx_data</name>
         <uninitialized>true</uninitialized>
         <run_address>0x6cf4</run_address>
         <size>0x24</size>
         <input_file_ref idref="fl-62"/>
      </object_component>
      <object_component id="oc-70">
         <name>.TSK_idle$stk</name>
         <uninitialized>true</uninitialized>
         <run_address>0x5068</run_address>
         <size>0xa00</size>
         <input_file_ref idref="fl-3"/>
      </object_component>
      <object_component id="oc-75">
         <name>.LOG_system$buf</name>
         <uninitialized>true</uninitialized>
         <run_address>0x7380</run_address>
         <size>0x80</size>
         <input_file_ref idref="fl-3"/>
      </object_component>
      <object_component id="oc-69">
         <name>.hst1</name>
         <uninitialized>true</uninitialized>
         <run_address>0x75a8</run_address>
         <size>0x10</size>
         <input_file_ref idref="fl-3"/>
      </object_component>
      <object_component id="oc-6c">
         <name>.hst0</name>
         <uninitialized>true</uninitialized>
         <run_address>0x7400</run_address>
         <size>0x80</size>
         <input_file_ref idref="fl-3"/>
      </object_component>
      <object_component id="oc-dc">
         <name>.args</name>
         <load_address>0x7598</load_address>
         <run_address>0x7598</run_address>
         <size>0x0</size>
         <input_file_ref idref="fl-40"/>
      </object_component>
      <object_component id="oc-30">
         <name>_SYS_PUTCBEG</name>
         <load_address>0x63aa</load_address>
         <run_address>0x63aa</run_address>
         <size>0x0</size>
      </object_component>
      <object_component id="oc-32">
         <name>_SYS_PUTCEND</name>
         <load_address>0x67aa</load_address>
         <run_address>0x67aa</run_address>
         <size>0x0</size>
      </object_component>
      <object_component id="oc-6a">
         <name>.hst</name>
         <uninitialized>true</uninitialized>
         <run_address>0x74cc</run_address>
         <size>0x34</size>
         <input_file_ref idref="fl-3"/>
      </object_component>
      <object_component id="oc-76">
         <name>.log</name>
         <uninitialized>true</uninitialized>
         <run_address>0x7584</run_address>
         <size>0x14</size>
         <input_file_ref idref="fl-3"/>
      </object_component>
      <object_component id="oc-6b">
         <name>.pip</name>
         <uninitialized>true</uninitialized>
         <run_address>0x71fc</run_address>
         <size>0xc8</size>
         <input_file_ref idref="fl-3"/>
      </object_component>
      <object_component id="oc-6f">
         <name>.sts</name>
         <uninitialized>true</uninitialized>
         <run_address>0x7500</run_address>
         <size>0x30</size>
         <input_file_ref idref="fl-3"/>
      </object_component>
      <object_component id="oc-54">
         <name>.bss</name>
         <uninitialized>true</uninitialized>
         <run_address>0x33348</run_address>
         <size>0x34</size>
         <input_file_ref idref="fl-3"/>
      </object_component>
      <object_component id="oc-5b">
         <name>.bss</name>
         <uninitialized>true</uninitialized>
         <run_address>0x2e940</run_address>
         <size>0x3cb4</size>
         <input_file_ref idref="fl-2"/>
      </object_component>
      <object_component id="oc-7f">
         <name>.bss</name>
         <uninitialized>true</uninitialized>
         <run_address>0x20000</run_address>
         <size>0xe936</size>
         <input_file_ref idref="fl-5"/>
      </object_component>
      <object_component id="oc-86">
         <name>.bss</name>
         <uninitialized>true</uninitialized>
         <run_address>0x3341c</run_address>
         <size>0x18</size>
         <input_file_ref idref="fl-6"/>
      </object_component>
      <object_component id="oc-8c">
         <name>.bss</name>
         <uninitialized>true</uninitialized>
         <run_address>0x3344c</run_address>
         <size>0x14</size>
         <input_file_ref idref="fl-7"/>
      </object_component>
      <object_component id="oc-96">
         <name>.bss</name>
         <uninitialized>true</uninitialized>
         <run_address>0x33434</run_address>
         <size>0x18</size>
         <input_file_ref idref="fl-9"/>
      </object_component>
      <object_component id="oc-a2">
         <name>.bss</name>
         <uninitialized>true</uninitialized>
         <run_address>0x3347c</run_address>
         <size>0xc</size>
         <input_file_ref idref="fl-b"/>
      </object_component>
      <object_component id="oc-ac">
         <name>.bss</name>
         <uninitialized>true</uninitialized>
         <run_address>0x333e8</run_address>
         <size>0x1c</size>
         <input_file_ref idref="fl-d"/>
      </object_component>
      <object_component id="oc-b1">
         <name>.bss</name>
         <uninitialized>true</uninitialized>
         <run_address>0x325f4</run_address>
         <size>0x320</size>
         <input_file_ref idref="fl-e"/>
      </object_component>
      <object_component id="oc-cf">
         <name>.bss</name>
         <uninitialized>true</uninitialized>
         <run_address>0x33470</run_address>
         <size>0xc</size>
         <input_file_ref idref="fl-3d"/>
      </object_component>
      <object_component id="oc-100">
         <name>.bss</name>
         <uninitialized>true</uninitialized>
         <run_address>0x2e938</run_address>
         <size>0x8</size>
         <input_file_ref idref="fl-48"/>
      </object_component>
      <object_component id="oc-104">
         <name>.bss</name>
         <uninitialized>true</uninitialized>
         <run_address>0x334ac</run_address>
         <size>0x4</size>
         <input_file_ref idref="fl-49"/>
      </object_component>
      <object_component id="oc-108">
         <name>.bss</name>
         <uninitialized>true</uninitialized>
         <run_address>0x33404</run_address>
         <size>0x18</size>
         <input_file_ref idref="fl-4a"/>
      </object_component>
      <object_component id="oc-123">
         <name>.bss</name>
         <uninitialized>true</uninitialized>
         <run_address>0x333a4</run_address>
         <size>0x24</size>
         <input_file_ref idref="fl-50"/>
      </object_component>
      <object_component id="oc-129">
         <name>.bss</name>
         <uninitialized>true</uninitialized>
         <run_address>0x331cc</run_address>
         <size>0x54</size>
         <input_file_ref idref="fl-51"/>
      </object_component>
      <object_component id="oc-130">
         <name>.bss</name>
         <uninitialized>true</uninitialized>
         <run_address>0x32f80</run_address>
         <size>0x108</size>
         <input_file_ref idref="fl-52"/>
      </object_component>
      <object_component id="oc-141">
         <name>.bss</name>
         <uninitialized>true</uninitialized>
         <run_address>0x32e6c</run_address>
         <size>0x114</size>
         <input_file_ref idref="fl-56"/>
      </object_component>
      <object_component id="oc-14a">
         <name>.bss</name>
         <uninitialized>true</uninitialized>
         <run_address>0x33460</run_address>
         <size>0x10</size>
         <input_file_ref idref="fl-58"/>
      </object_component>
      <object_component id="oc-158">
         <name>.bss</name>
         <uninitialized>true</uninitialized>
         <run_address>0x334b0</run_address>
         <size>0x4</size>
         <input_file_ref idref="fl-5b"/>
      </object_component>
      <object_component id="oc-160">
         <name>.bss</name>
         <uninitialized>true</uninitialized>
         <run_address>0x332c4</run_address>
         <size>0x46</size>
         <input_file_ref idref="fl-5d"/>
      </object_component>
      <object_component id="oc-170">
         <name>.bss</name>
         <uninitialized>true</uninitialized>
         <run_address>0x33488</run_address>
         <size>0xc</size>
         <input_file_ref idref="fl-61"/>
      </object_component>
      <object_component id="oc-18d">
         <name>.bss</name>
         <uninitialized>true</uninitialized>
         <run_address>0x334a4</run_address>
         <size>0x6</size>
         <input_file_ref idref="fl-69"/>
      </object_component>
      <object_component id="oc-192">
         <name>.bss</name>
         <uninitialized>true</uninitialized>
         <run_address>0x3316c</run_address>
         <size>0x60</size>
         <input_file_ref idref="fl-6a"/>
      </object_component>
      <object_component id="oc-1a0">
         <name>.bss</name>
         <uninitialized>true</uninitialized>
         <run_address>0x3337c</run_address>
         <size>0x28</size>
         <input_file_ref idref="fl-6d"/>
      </object_component>
      <object_component id="oc-1ae">
         <name>.bss</name>
         <uninitialized>true</uninitialized>
         <run_address>0x33274</run_address>
         <size>0x50</size>
         <input_file_ref idref="fl-70"/>
      </object_component>
      <object_component id="oc-1f4">
         <name>.bss</name>
         <uninitialized>true</uninitialized>
         <run_address>0x33494</run_address>
         <size>0x8</size>
         <input_file_ref idref="fl-80"/>
      </object_component>
      <object_component id="oc-1fe">
         <name>.bss</name>
         <uninitialized>true</uninitialized>
         <run_address>0x33220</run_address>
         <size>0x54</size>
         <input_file_ref idref="fl-82"/>
      </object_component>
      <object_component id="oc-205">
         <name>.bss</name>
         <uninitialized>true</uninitialized>
         <run_address>0x32ce8</run_address>
         <size>0x184</size>
         <input_file_ref idref="fl-83"/>
      </object_component>
      <object_component id="oc-20b">
         <name>.bss</name>
         <uninitialized>true</uninitialized>
         <run_address>0x334b4</run_address>
         <size>0x4</size>
         <input_file_ref idref="fl-84"/>
      </object_component>
      <object_component id="oc-211">
         <name>.bss</name>
         <uninitialized>true</uninitialized>
         <run_address>0x3349c</run_address>
         <size>0x8</size>
         <input_file_ref idref="fl-85"/>
      </object_component>
      <object_component id="oc-21c">
         <name>.bss</name>
         <uninitialized>true</uninitialized>
         <run_address>0x3330c</run_address>
         <size>0x3c</size>
         <input_file_ref idref="fl-87"/>
      </object_component>
      <object_component id="oc-268">
         <name>.bss</name>
         <uninitialized>true</uninitialized>
         <run_address>0x333c8</run_address>
         <size>0x20</size>
         <input_file_ref idref="fl-98"/>
      </object_component>
      <object_component id="oc-270">
         <name>.bss</name>
         <uninitialized>true</uninitialized>
         <run_address>0x32914</run_address>
         <size>0x232</size>
         <input_file_ref idref="fl-9a"/>
      </object_component>
      <object_component id="oc-2b7">
         <name>.bss</name>
         <uninitialized>true</uninitialized>
         <run_address>0x33088</run_address>
         <size>0xe2</size>
         <input_file_ref idref="fl-ab"/>
      </object_component>
      <object_component id="oc-2bd">
         <name>.bss</name>
         <uninitialized>true</uninitialized>
         <run_address>0x32b46</run_address>
         <size>0x1a0</size>
         <input_file_ref idref="fl-ac"/>
      </object_component>
      <object_component id="oc-2d8">
         <name>.bss</name>
         <uninitialized>true</uninitialized>
         <run_address>0x2e936</run_address>
         <size>0x2</size>
         <input_file_ref idref="fl-b2"/>
      </object_component>
      <object_component id="oc-119">
         <name>.hwi_disp_sec</name>
         <uninitialized>true</uninitialized>
         <run_address>0x37288</run_address>
         <size>0x180</size>
         <input_file_ref idref="fl-4e"/>
      </object_component>
      <object_component id="oc-64">
         <name>.mem</name>
         <uninitialized>true</uninitialized>
         <run_address>0x1ff92</run_address>
         <size>0x2</size>
         <input_file_ref idref="fl-3"/>
      </object_component>
      <object_component id="oc-110">
         <name>.text</name>
         <load_address>0x10000</load_address>
         <run_address>0x10000</run_address>
         <size>0x1f50</size>
         <input_file_ref idref="fl-4c"/>
      </object_component>
      <object_component id="oc-274">
         <name>.text</name>
         <load_address>0x11f50</load_address>
         <run_address>0x11f50</run_address>
         <size>0x15a4</size>
         <input_file_ref idref="fl-9b"/>
      </object_component>
      <object_component id="oc-122">
         <name>.text</name>
         <load_address>0x134f4</load_address>
         <run_address>0x134f4</run_address>
         <size>0xe8f</size>
         <input_file_ref idref="fl-50"/>
      </object_component>
      <object_component id="oc-128">
         <name>.text</name>
         <load_address>0x14383</load_address>
         <run_address>0x14383</run_address>
         <size>0x95f</size>
         <input_file_ref idref="fl-51"/>
      </object_component>
      <object_component id="oc-1fd">
         <name>.text</name>
         <load_address>0x14ce2</load_address>
         <run_address>0x14ce2</run_address>
         <size>0x703</size>
         <input_file_ref idref="fl-82"/>
      </object_component>
      <object_component id="oc-21b">
         <name>.text</name>
         <load_address>0x153e5</load_address>
         <run_address>0x153e5</run_address>
         <size>0x54a</size>
         <input_file_ref idref="fl-87"/>
      </object_component>
      <object_component id="oc-2b6">
         <name>.text</name>
         <load_address>0x1592f</load_address>
         <run_address>0x1592f</run_address>
         <size>0x543</size>
         <input_file_ref idref="fl-ab"/>
      </object_component>
      <object_component id="oc-2bc">
         <name>.text</name>
         <load_address>0x15e72</load_address>
         <run_address>0x15e72</run_address>
         <size>0x528</size>
         <input_file_ref idref="fl-ac"/>
      </object_component>
      <object_component id="oc-12f">
         <name>.text</name>
         <load_address>0x1639a</load_address>
         <run_address>0x1639a</run_address>
         <size>0x508</size>
         <input_file_ref idref="fl-52"/>
      </object_component>
      <object_component id="oc-250">
         <name>.text</name>
         <load_address>0x168a2</load_address>
         <run_address>0x168a2</run_address>
         <size>0x4e7</size>
         <input_file_ref idref="fl-92"/>
      </object_component>
      <object_component id="oc-256">
         <name>.text</name>
         <load_address>0x16d89</load_address>
         <run_address>0x16d89</run_address>
         <size>0x4a7</size>
         <input_file_ref idref="fl-94"/>
      </object_component>
      <object_component id="oc-334">
         <name>.text:_I2sDmaInit</name>
         <load_address>0x17230</load_address>
         <run_address>0x17230</run_address>
         <size>0x461</size>
[...]
      </symbol>
      <symbol id="sm-f43">
         <name>_nr_fft_tbl_init</name>
         <value>0x16d87</value>
         <object_component_ref idref="oc-250"/>
      </symbol>
      <symbol id="sm-f44">
         <name>_nr_fft</name>
         <value>0x168a2</value>
         <object_component_ref idref="oc-250"/>
      </symbol>
      <symbol id="sm-f4c">
         <name>_nr_ffttable</name>
         <value>0x1ea8c</value>
         <object_component_ref idref="oc-325"/>
      </symbol>
      <symbol id="sm-fa5">
         <name>_nr_thr_glim</name>
         <value>0x16e29</value>
         <object_component_ref idref="oc-256"/>
      </symbol>
      <symbol id="sm-fa6">
         <name>_nr_fft_win</name>
         <value>0x16f6d</value>
         <object_component_ref idref="oc-256"/>
      </symbol>
      <symbol id="sm-fa7">
         <name>_nr_Xpow_calc</name>
         <value>0x17020</value>
         <object_component_ref idref="oc-256"/>
      </symbol>
      <symbol id="sm-fa8">
         <name>_nr_vad</name>
         <value>0x16d89</value>
         <object_component_ref idref="oc-256"/>
      </symbol>
      <symbol id="sm-fa9">
         <name>_nr_sqrt_coef</name>
         <value>0x1f748</value>
         <object_component_ref idref="oc-326"/>
      </symbol>
      <symbol id="sm-faa">
         <name>_nr_sqrt</name>
         <value>0x16dbc</value>
         <object_component_ref idref="oc-256"/>
      </symbol>
      <symbol id="sm-fab">
         <name>_nr_fft_scale</name>
         <value>0x170f6</value>
         <object_component_ref idref="oc-256"/>
      </symbol>
      <symbol id="sm-fac">
         <name>_nr_main</name>
         <value>0x17129</value>
         <object_component_ref idref="oc-256"/>
      </symbol>
      <symbol id="sm-fb8">
         <name>_nr_apply_gain</name>
         <value>0x190ce</value>
         <object_component_ref idref="oc-25b"/>
      </symbol>
      <symbol id="sm-fb9">
         <name>_nr_noise_upd</name>
         <value>0x1903c</value>
         <object_component_ref idref="oc-25b"/>
      </symbol>
      <symbol id="sm-fba">
         <name>_nr_wiener</name>
         <value>0x18e75</value>
         <object_component_ref idref="oc-25b"/>
      </symbol>
      <symbol id="sm-fbb">
         <name>_nr_ifft_win</name>
         <value>0x190ae</value>
         <object_component_ref idref="oc-25b"/>
      </symbol>
      <symbol id="sm-fcf">
         <name>_nr_apply_gain_opt</name>
         <value>0x1b52b</value>
         <object_component_ref idref="oc-260"/>
      </symbol>
      <symbol id="sm-fd0">
         <name>_nr_lfxf</name>
         <value>0x1b500</value>
         <object_component_ref idref="oc-260"/>
      </symbol>
      <symbol id="sm-fd1">
         <name>_nr_ifft_win_opt</name>
         <value>0x1b57a</value>
         <object_component_ref idref="oc-260"/>
      </symbol>
      <symbol id="sm-1000">
         <name>_nr_noise_upd_opt</name>
         <value>0x187d1</value>
         <object_component_ref idref="oc-264"/>
      </symbol>
      <symbol id="sm-1001">
         <name>_nr_wiener_opt1</name>
         <value>0x18660</value>
         <object_component_ref idref="oc-264"/>
      </symbol>
      <symbol id="sm-1002">
         <name>_nr_wiener_opt3</name>
         <value>0x18773</value>
         <object_component_ref idref="oc-264"/>
      </symbol>
      <symbol id="sm-1003">
         <name>_nr_wiener_opt2</name>
         <value>0x186ee</value>
         <object_component_ref idref="oc-264"/>
      </symbol>
      <symbol id="sm-1004">
         <name>_nr_wiener_opt</name>
         <value>0x18590</value>
         <object_component_ref idref="oc-264"/>
      </symbol>
      <symbol id="sm-101e">
         <name>_nr_win_6ms_16k</name>
         <value>0x1f168</value>
         <object_component_ref idref="oc-32e"/>
      </symbol>
      <symbol id="sm-101f">
         <name>_nr_win_3ms_16k</name>
         <value>0x1f486</value>
         <object_component_ref idref="oc-32b"/>
      </symbol>
      <symbol id="sm-1020">
         <name>_nr_win_5ms_8k</name>
         <value>0x1f546</value>
         <object_component_ref idref="oc-329"/>
      </symbol>
      <symbol id="sm-1021">
         <name>_nr_win_4ms_8k</name>
         <value>0x1f66c</value>
         <object_component_ref idref="oc-328"/>
      </symbol>
      <symbol id="sm-1022">
         <name>_nr_win_6ms_8k</name>
         <value>0x1f4e6</value>
         <object_component_ref idref="oc-32a"/>
      </symbol>
      <symbol id="sm-1023">
         <name>_nr_win_3ms_8k</name>
         <value>0x1f6ac</value>
         <object_component_ref idref="oc-327"/>
      </symbol>
      <symbol id="sm-1024">
         <name>_nr_win_4ms_16k</name>
         <value>0x1f406</value>
         <object_component_ref idref="oc-32c"/>
      </symbol>
      <symbol id="sm-1025">
         <name>_nr_win</name>
         <value>0x333c8</value>
         <object_component_ref idref="oc-268"/>
      </symbol>
      <symbol id="sm-1026">
         <name>_nr_win_5ms_16k</name>
         <value>0x1f2c8</value>
         <object_component_ref idref="oc-32d"/>
      </symbol>
      <symbol id="sm-1030">
         <name>_printf</name>
         <value>0x1cc8a</value>
         <object_component_ref idref="oc-26c"/>
      </symbol>
      <symbol id="sm-103a">
         <name>__tmpnams</name>
         <value>0x32a04</value>
         <object_component_ref idref="oc-270"/>
      </symbol>
      <symbol id="sm-103b">
         <name>__ft_end</name>
         <value>0x32b44</value>
         <object_component_ref idref="oc-270"/>
      </symbol>
      <symbol id="sm-103c">
         <name>__ftable</name>
         <value>0x32914</value>
         <object_component_ref idref="oc-270"/>
      </symbol>
      <symbol id="sm-104e">
         <name>__printfi</name>
         <value>0x132b2</value>
         <object_component_ref idref="oc-274"/>
      </symbol>
      <symbol id="sm-1058">
         <name>___isinf</name>
         <value>0x1cfe1</value>
         <object_component_ref idref="oc-27a"/>
      </symbol>
      <symbol id="sm-1062">
         <name>__eqld</name>
         <value>0x1a252</value>
         <object_component_ref idref="oc-27e"/>
      </symbol>
      <symbol id="sm-1063">
         <name>__cmpd</name>
         <value>0x1a286</value>
         <object_component_ref idref="oc-27e"/>
      </symbol>
      <symbol id="sm-1064">
         <name>__neqd</name>
         <value>0x1a0f4</value>
         <object_component_ref idref="oc-27e"/>
      </symbol>
      <symbol id="sm-1065">
         <name>__gtrd</name>
         <value>0x1a1bd</value>
         <object_component_ref idref="oc-27e"/>
      </symbol>
      <symbol id="sm-1066">
         <name>__geqd</name>
         <value>0x1a208</value>
         <object_component_ref idref="oc-27e"/>
      </symbol>
      <symbol id="sm-1067">
         <name>__leqd</name>
         <value>0x1a170</value>
         <object_component_ref idref="oc-27e"/>
      </symbol>
      <symbol id="sm-1068">
         <name>__lssd</name>
         <value>0x1a128</value>
         <object_component_ref idref="oc-27e"/>
      </symbol>
      <symbol id="sm-1072">
         <name>__divull</name>
         <value>0x1970b</value>
         <object_component_ref idref="oc-282"/>
      </symbol>
      <symbol id="sm-1073">
         <name>__mpylli</name>
         <value>0x19653</value>
         <object_component_ref idref="oc-282"/>
      </symbol>
      <symbol id="sm-1074">
         <name>__remlli</name>
         <value>0x19624</value>
         <object_component_ref idref="oc-282"/>
      </symbol>
      <symbol id="sm-1075">
         <name>__divlli</name>
         <value>0x197ff</value>
         <object_component_ref idref="oc-282"/>
      </symbol>
      <symbol id="sm-1076">
         <name>__remull</name>
         <value>0x195d6</value>
         <object_component_ref idref="oc-282"/>
      </symbol>
      <symbol id="sm-1080">
         <name>__fixdi</name>
         <value>0x1cf4f</value>
         <object_component_ref idref="oc-286"/>
      </symbol>
      <symbol id="sm-108a">
         <name>__fixdli</name>
         <value>0x1c5af</value>
         <object_component_ref idref="oc-28a"/>
      </symbol>
      <symbol id="sm-1096">
         <name>__fltlid</name>
         <value>0x1c837</value>
         <object_component_ref idref="oc-28e"/>
      </symbol>
      <symbol id="sm-10a0">
         <name>__negd</name>
         <value>0x1d04d</value>
         <object_component_ref idref="oc-293"/>
      </symbol>
      <symbol id="sm-10aa">
         <name>__subd</name>
         <value>0x1d014</value>
         <object_component_ref idref="oc-297"/>
      </symbol>
      <symbol id="sm-10b4">
         <name>_atoi</name>
         <value>0x1ca80</value>
         <object_component_ref idref="oc-29b"/>
      </symbol>
      <symbol id="sm-10bc">
         <name>__ctypes_</name>
         <value>0x1ed8c</value>
         <object_component_ref idref="oc-32f"/>
      </symbol>
      <symbol id="sm-10c6">
         <name>_putchar</name>
         <value>0x1bc9d</value>
         <object_component_ref idref="oc-2a1"/>
      </symbol>
      <symbol id="sm-10c7">
         <name>_putc</name>
         <value>0x1bc06</value>
         <object_component_ref idref="oc-2a1"/>
      </symbol>
      <symbol id="sm-10c8">
         <name>_fputc</name>
         <value>0x1bc06</value>
         <object_component_ref idref="oc-2a1"/>
      </symbol>
      <symbol id="sm-10d2">
         <name>__doflush</name>
         <value>0x1b857</value>
         <object_component_ref idref="oc-2a5"/>
      </symbol>
      <symbol id="sm-10d3">
         <name>_fflush</name>
         <value>0x1b8c0</value>
         <object_component_ref idref="oc-2a5"/>
      </symbol>
      <symbol id="sm-10dd">
         <name>__rd_ok</name>
         <value>0x1b664</value>
         <object_component_ref idref="oc-2a9"/>
      </symbol>
      <symbol id="sm-10de">
         <name>__wrt_ok</name>
         <value>0x1b5e4</value>
         <object_component_ref idref="oc-2a9"/>
      </symbol>
      <symbol id="sm-10ec">
         <name>_puts</name>
         <value>0x1adc0</value>
         <object_component_ref idref="oc-2ad"/>
      </symbol>
      <symbol id="sm-10ed">
         <name>_fputs</name>
         <value>0x1ac8b</value>
         <object_component_ref idref="oc-2ad"/>
      </symbol>
      <symbol id="sm-10f7">
         <name>_fseek</name>
         <value>0x1c764</value>
         <object_component_ref idref="oc-2b2"/>
      </symbol>
      <symbol id="sm-1109">
         <name>_add_device</name>
         <value>0x15d82</value>
         <object_component_ref idref="oc-2b6"/>
      </symbol>
      <symbol id="sm-110a">
         <name>_rename</name>
         <value>0x15aa4</value>
         <object_component_ref idref="oc-2b6"/>
      </symbol>
      <symbol id="sm-110b">
         <name>_read</name>
         <value>0x15b33</value>
         <object_component_ref idref="oc-2b6"/>
      </symbol>
      <symbol id="sm-110c">
         <name>_unlink</name>
         <value>0x15a71</value>
         <object_component_ref idref="oc-2b6"/>
      </symbol>
      <symbol id="sm-110d">
         <name>_remove_device</name>
         <value>0x15afd</value>
         <object_component_ref idref="oc-2b6"/>
      </symbol>
      <symbol id="sm-110e">
         <name>_open</name>
         <value>0x15be1</value>
         <object_component_ref idref="oc-2b6"/>
      </symbol>
      <symbol id="sm-110f">
         <name>_find_registered_device</name>
         <value>0x15d06</value>
         <object_component_ref idref="oc-2b6"/>
      </symbol>
      <symbol id="sm-1110">
         <name>_lseek</name>
         <value>0x15ca0</value>
         <object_component_ref idref="oc-2b6"/>
      </symbol>
      <symbol id="sm-1111">
         <name>_close</name>
         <value>0x15d0f</value>
         <object_component_ref idref="oc-2b6"/>
      </symbol>
      <symbol id="sm-1112">
         <name>_write</name>
         <value>0x1592f</value>
         <object_component_ref idref="oc-2b6"/>
      </symbol>
      <symbol id="sm-111e">
         <name>_HOSTopen</name>
         <value>0x1617d</value>
         <object_component_ref idref="oc-2bc"/>
      </symbol>
      <symbol id="sm-111f">
         <name>_HOSTread</name>
         <value>0x160f0</value>
         <object_component_ref idref="oc-2bc"/>
      </symbol>
      <symbol id="sm-1120">
         <name>_HOSTtime</name>
         <value>0x15fe4</value>
         <object_component_ref idref="oc-2bc"/>
      </symbol>
      <symbol id="sm-1121">
         <name>_getenv</name>
         <value>0x15e72</value>
         <object_component_ref idref="oc-2bc"/>
      </symbol>
      <symbol id="sm-1122">
         <name>_HOSTrename</name>
         <value>0x16042</value>
         <object_component_ref idref="oc-2bc"/>
      </symbol>
      <symbol id="sm-1123">
         <name>_HOSTclock</name>
         <value>0x1633c</value>
         <object_component_ref idref="oc-2bc"/>
      </symbol>
      <symbol id="sm-1124">
         <name>_HOSTwrite</name>
         <value>0x15eed</value>
         <object_component_ref idref="oc-2bc"/>
      </symbol>
      <symbol id="sm-1125">
         <name>_HOSTlseek</name>
         <value>0x1621c</value>
         <object_component_ref idref="oc-2bc"/>
      </symbol>
      <symbol id="sm-1126">
         <name>_HOSTunlink</name>
         <value>0x15f7a</value>
         <object_component_ref idref="oc-2bc"/>
      </symbol>
      <symbol id="sm-1127">
         <name>_HOSTclose</name>
         <value>0x162d1</value>
         <object_component_ref idref="oc-2bc"/>
      </symbol>
      <symbol id="sm-1131">
         <name>_ltoa</name>
         <value>0x1c0a6</value>
         <object_component_ref idref="oc-2c1"/>
      </symbol>
      <symbol id="sm-113b">
         <name>__remli</name>
         <value>0x1cd29</value>
         <object_component_ref idref="oc-2c5"/>
      </symbol>
      <symbol id="sm-1146">
         <name>_memccpy</name>
         <value>0x1cfa3</value>
         <object_component_ref idref="oc-2c9"/>
      </symbol>
      <symbol id="sm-1158">
         <name>C$$IO$$</name>
         <value>0x1bb4a</value>
         <object_component_ref idref="oc-2d0"/>
      </symbol>
      <symbol id="sm-1159">
         <name>__CIOBUF_</name>
         <value>0x6d40</value>
         <object_component_ref idref="oc-2cf"/>
      </symbol>
      <symbol id="sm-115a">
         <name>_readmsg</name>
         <value>0x1c68b</value>
         <object_component_ref idref="oc-2cd"/>
      </symbol>
      <symbol id="sm-115b">
         <name>_writemsg</name>
         <value>0x1ba95</value>
         <object_component_ref idref="oc-2d0"/>
      </symbol>
      <symbol id="sm-1165">
         <name>_setvbuf</name>
         <value>0x1b41a</value>
         <object_component_ref idref="oc-2d3"/>
      </symbol>
      <symbol id="sm-1174">
         <name>__cleanup</name>
         <value>0x1921a</value>
         <object_component_ref idref="oc-2d7"/>
      </symbol>
      <symbol id="sm-1175">
         <name>_fopen</name>
         <value>0x1933d</value>
         <object_component_ref idref="oc-2d7"/>
      </symbol>
      <symbol id="sm-1176">
         <name>_freopen</name>
         <value>0x19274</value>
         <object_component_ref idref="oc-2d7"/>
      </symbol>
      <symbol id="sm-1180">
         <name>_fclose</name>
         <value>0x1c123</value>
         <object_component_ref idref="oc-2dd"/>
      </symbol>
      <symbol id="sm-118a">
         <name>_remove</name>
         <value>0x1d05d</value>
         <object_component_ref idref="oc-2e1"/>
      </symbol>
      <symbol id="sm-1194">
         <name>_sprintf</name>
         <value>0x1c4d0</value>
         <object_component_ref idref="oc-2e5"/>
      </symbol>
      <symbol id="sm-11a8">
         <name>_svd_signal_pow</name>
         <value>0x1b9d9</value>
         <object_component_ref idref="oc-2e9"/>
      </symbol>
      <symbol id="sm-11a9">
         <name>_svdGetDecision</name>
         <value>0x1ba46</value>
         <object_component_ref idref="oc-2e9"/>
      </symbol>
      <symbol id="sm-11aa">
         <name>_svdProcess</name>
         <value>0x1ba07</value>
         <object_component_ref idref="oc-2e9"/>
      </symbol>
      <symbol id="sm-11ab">
         <name>_svdGetLevels</name>
         <value>0x1ba34</value>
         <object_component_ref idref="oc-2e9"/>
      </symbol>
      <symbol id="sm-1213">
         <name>_snlProcess</name>
         <value>0x1821a</value>
         <object_component_ref idref="oc-2ee"/>
      </symbol>
      <symbol id="sm-1214">
         <name>_snlGetLevels</name>
         <value>0x1856e</value>
         <object_component_ref idref="oc-2ee"/>
      </symbol>
      <symbol id="sm-1221">
         <name>_svdGetSizes</name>
         <value>0x1c9b7</value>
         <object_component_ref idref="oc-2f3"/>
      </symbol>
      <symbol id="sm-1222">
         <name>_svdInit</name>
         <value>0x1c966</value>
         <object_component_ref idref="oc-2f3"/>
      </symbol>
      <symbol id="sm-1232">
         <name>_snlInit</name>
         <value>0x1c6f8</value>
         <object_component_ref idref="oc-2f8"/>
      </symbol>
      <symbol id="sm-1233">
         <name>_snlGetSizes</name>
         <value>0x1c755</value>
         <object_component_ref idref="oc-2f8"/>
      </symbol>
      <symbol id="sm-1255">
         <name>_utlScaleDown6dB</name>
         <value>0x1ccec</value>
         <object_component_ref idref="oc-2fd"/>
      </symbol>
      <symbol id="sm-1256">
         <name>_utlLsMemSet</name>
         <value>0x1ccfe</value>
         <object_component_ref idref="oc-2fd"/>
      </symbol>
      <symbol id="sm-1257">
         <name>_utlScaleUp6dB</name>
         <value>0x1ccda</value>
         <object_component_ref idref="oc-2fd"/>
      </symbol>
      <symbol id="sm-1258">
         <name>_utlLFractMemSet</name>
         <value>0x1cd0c</value>
         <object_component_ref idref="oc-2fd"/>
      </symbol>
      <symbol id="sm-1259">
         <name>_utlFractMemSet</name>
         <value>0x1cd1b</value>
         <object_component_ref idref="oc-2fd"/>
      </symbol>
      <symbol id="sm-1267">
         <name>_utlLin2dBPower</name>
         <value>0x1cb91</value>
         <object_component_ref idref="oc-302"/>
      </symbol>
      <symbol id="sm-127a">
         <name>_utlVecSum</name>
         <value>0x1be5f</value>
         <object_component_ref idref="oc-307"/>
      </symbol>
      <symbol id="sm-127b">
         <name>_utlSin</name>
         <value>0x1bde8</value>
         <object_component_ref idref="oc-307"/>
      </symbol>
      <symbol id="sm-127c">
         <name>_utl_SinCTable</name>
         <value>0x1f72c</value>
         <object_component_ref idref="oc-308"/>
      </symbol>
      <symbol id="sm-127d">
         <name>_utlLVecSum</name>
         <value>0x1be0e</value>
         <object_component_ref idref="oc-307"/>
      </symbol>
      <symbol id="sm-127e">
         <name>_utlLsVecMax</name>
         <value>0x1be47</value>
         <object_component_ref idref="oc-307"/>
      </symbol>
      <symbol id="sm-127f">
         <name>_utlLFractVecMax</name>
         <value>0x1be2d</value>
         <object_component_ref idref="oc-307"/>
      </symbol>
      <symbol id="sm-128d">
         <name>_utldB2LinPower</name>
         <value>0x1cdbc</value>
         <object_component_ref idref="oc-30c"/>
      </symbol>
      <symbol id="sm-1297">
         <name>iRTA_F_or</name>
         <value>0x3ed9</value>
         <object_component_ref idref="oc-311"/>
      </symbol>
      <symbol id="sm-1298">
         <name>RTA_F_or</name>
         <value>0x3ec2</value>
         <object_component_ref idref="oc-311"/>
      </symbol>
      <symbol id="sm-1299">
         <name>RTA_F_andn</name>
         <value>0x3eac</value>
         <object_component_ref idref="oc-311"/>
      </symbol>
   </symbol_table>
</link_info>
