******************************************************************************
              TMS320C55x Linker PC v4.4.1                      
******************************************************************************
>> Linked Tue Jun 20 23:45:14 2023

OUTPUT FILE NAME:   <Pro0207_ADC.out>
ENTRY POINT SYMBOL: "_c_int00"  address: 000142e8


MEMORY CONFIGURATION

         name            origin    length      used     unused   attr    fill
                        (bytes)   (bytes)    (bytes)   (bytes)
----------------------  --------  ---------  --------  --------  ----  --------
  MMR                   00000000   000000c0  00000000  000000c0  RWIX
  SPRAM                 000000c0   00000040  00000000  00000040  RWIX
  VECS                  00000100   00000100  00000100  00000000  RWIX
  DARAM0                00000200   00003e00  00000444  000039bc  RWIX
  DARAM1                00004000   00004000  00000418  00003be8  RWIX
  DARAM2                00008000   00004000  00000000  00004000  RWIX
  DARAM3                0000c000   00004000  00000000  00004000  RWIX
  SARAM0                00010000   00004000  00000082  00003f7e  RWIX
  SARAM1                00014000   00008000  00000374  00007c8c  RWIX
  SARAM3                0001c000   00004000  00000000  00004000  RWIX
  SARAM4                00020000   00004000  00000000  00004000  RWIX
  SARAM5                00024000   00004000  00000000  00004000  RWIX
  SARAM6                00028000   00004000  00000000  00004000  RWIX
  SARAM7                0002c000   00004000  00000000  00004000  RWIX
  SARAM8                00030000   00004000  00000000  00004000  RWIX
  SARAM9                00034000   00004000  00000000  00004000  RWIX
  SARAM10               00038000   00004000  00000000  00004000  RWIX
  SARAM11               0003c000   00004000  00000000  00004000  RWIX
  SARAM12               00040000   00004000  00000000  00004000  RWIX
  SARAM13               00044000   00004000  00000000  00004000  RWIX
  SARAM14               00048000   00004000  00000000  00004000  RWIX
  SARAM15               0004c000   00004000  00000000  00004000  RWIX
  CE0                   00050000   003b0000  00000000  003b0000  RWIX
  CE1                   00400000   00400000  00000000  00400000  RWIX
  CE2                   00800000   00400000  00000000  00400000  RWIX
  CE3                   00c00000   003f8000  00000000  003f8000  RWIX
  PDROM                 00ff8000   00007f00  00000000  00007f00  RWIX


SECTION ALLOCATION MAP
(Addresses surrounded by []'s are displayed for convenience only!)

output                                                          attributes/
section   page  orgn(bytes) orgn(words) len(bytes) len(words)   input sections
--------  ----  ----------- ----------- ---------- ----------   --------------
vectors      0     00000100  [ 00000080 ] 00000100          *   
                   00000100  [ 00000080 ] 00000100          *   rts55x.lib : vectors.obj (vectors)

.stack       0   [ 00000200 ]  00000100          *   00000100   UNINITIALIZED
                 [ 00000200 ]  00000100          *   00000100   --HOLE--

.sysstack 
*            0   [ 00000400 ]  00000200          *   00000100   UNINITIALIZED
                 [ 00000400 ]  00000200          *   00000100   --HOLE--

.csldata     0   [ 00000600 ]  00000300          *   00000022   UNINITIALIZED
                 [ 00000600 ]  00000300          *   00000022   csl5509ax.lib : csl_csldat.obj (.csldata:SYS_data)

.data        0   [ 00004000 ]  00002000          *   00000000   UNINITIALIZED

.bss         0   [ 00004000 ]  00002000          *   0000020c   UNINITIALIZED
                 [ 00004000 ]  00002000          *   00000204   adc.obj (.bss)
                 [ 00004408 ]  00002204          *   00000004   rts55x.lib : _lock.obj (.bss)
                 [ 00004410 ]  00002208          *   00000004              : exit.obj (.bss)

.cinit       0   [ 00010000 ]  00008000          *   00000041   
                 [ 00010000 ]  00008000          *   00000025   csl5509ax.lib : csl_csldat.obj (.cinit)
                 [ 0001004a ]  00008025          *   0000000a   rts55x.lib : _lock.obj (.cinit)
                 [ 0001005e ]  0000802f          *   0000000a              : exit.obj (.cinit)
                 [ 00010072 ]  00008039          *   00000007   adc.obj (.cinit)
                 [ 00010080 ]  00008040          *   00000001   --HOLE-- [fill = 0]

.text        0     00014000  [ 0000a000 ] 00000374          *   
                   00014000  [ 0000a000 ] 000000ed          *   adc.obj (.text)
                   000140ed  [ 0000a076+] 00000002          *   rts55x.lib : vectors.obj (.text)
                   000140ef  [ 0000a077 ] 00000001          *   --HOLE-- [fill = 20]
                   000140f0  [ 0000a078 ] 0000006e          *   csl5509ax.lib : pll_cfg.obj (.text:PLL_config)
                   0001415e  [ 0000a0af ] 00000002          *   --HOLE-- [fill = 20]
                   00014160  [ 0000a0b0 ] 00000063          *                 : adc_read.obj (.text:ADC_read)
                   000141c3  [ 0000a0e1 ] 00000001          *   --HOLE-- [fill = 20]
                   000141c4  [ 0000a0e2 ] 0000004e          *                 : adc_setfreq.obj (.text:ADC_setFreq)
                   00014212  [ 0000a109 ] 0000004d          *   rts55x.lib : autoinit.obj (.text)
                   0001425f  [ 0000a12f+] 0000004b          *              : args_main.obj (.text)
                   000142aa  [ 0000a155 ] 0000003e          *              : exit.obj (.text)
                   000142e8  [ 0000a174 ] 00000034          *              : boot.obj (.text)
                   0001431c  [ 0000a18e ] 00000012          *              : _lock.obj (.text)
                   0001432e  [ 0000a197 ] 00000002          *   --HOLE-- [fill = 20]
                   00014330  [ 0000a198 ] 0000000f          *   csl5509ax.lib : irq_gdisab.obj (.text:IRQ_globalDisable)
                   0001433f  [ 0000a19f ] 00000001          *   --HOLE-- [fill = 20]
                   00014340  [ 0000a1a0 ] 0000000d          *                 : _csl_init.obj (.text:_CSL_init)
                   0001434d  [ 0000a1a6 ] 00000003          *   --HOLE-- [fill = 20]
                   00014350  [ 0000a1a8 ] 0000000c          *                 : csl.obj (.text:CSL_init)
                   0001435c  [ 0000a1ae ] 0000000c          *                 : irq_grest.obj (.text:IRQ_globalRestore)
                   00014368  [ 0000a1b4 ] 00000007          *   rts55x.lib : exit.obj (.text:CIO_breakpoint)
                   0001436f  [ 0000a1b7 ] 00000001          *   --HOLE-- [fill = 20]
                   00014370  [ 0000a1b8 ] 00000002          *   csl5509ax.lib : csl.obj (.text)
                   00014372  [ 0000a1b9 ] 00000002          *   --HOLE-- [fill = 20]


GLOBAL SYMBOLS: SORTED ALPHABETICALLY BY Name 

abs. value/
byte addr   word addr   name
---------   ---------   ----
00000002                $TI_capability$C5500$CallingConvention
00000002                $TI_capability$C5500$MemoryModel
00000001                $TI_capability_requires_rev2
            00002000    .bss
            00002000    .data
00014000                .text
00014369                C$$EXIT
00014160                _ADC_read
000141c4                _ADC_setFreq
00014370                _CSL5509A_LIB_
            00000300    _CSL_SysData
00014350                _CSL_init
00014330                _IRQ_globalDisable
0001435c                _IRQ_globalRestore
000140f0                _PLL_config
00000100                _Reset
00014052                _SDRAM_init
00014340                __CSL_init
            00000200    __STACK_END
00000200                __STACK_SIZE
00000200                __SYSSTACK_SIZE
00000001                __TI_args_main
ffffffff                ___binit__
            00002000    ___bss__
ffffffff                ___c_args__
            00008000    ___cinit__
            00002000    ___data__
            00002000    ___edata__
            0000220c    ___end__
00014374                ___etext__
ffffffff                ___pinit__
00014000                ___text__
0001425f                __args_main
            00002208    __cleanup_ptr
            0000220a    __dtors_ptr
            00002204    __lock
0001432c                __nop
00014324                __register_lock
0001431c                __register_unlock
            00000100    __stack
            00000200    __sysstack
            00002206    __unlock
00014368                _abort
00014212                _auto_init
000142e8                _c_int00
000142aa                _exit
00014010                _main
            00002200    _myConfig
            00002000    _nADC0
            00002100    _nADC1
000140cb                _wait
ffffffff                binit
            00008000    cinit
            00002000    edata
            0000220c    end
00014374                etext
ffffffff                pinit


GLOBAL SYMBOLS: SORTED BY Symbol Address 

abs. value/
byte addr   word addr   name
---------   ---------   ----
00000001                $TI_capability_requires_rev2
00000001                __TI_args_main
00000002                $TI_capability$C5500$CallingConvention
00000002                $TI_capability$C5500$MemoryModel
00000100                _Reset
00000200                __STACK_SIZE
00000200                __SYSSTACK_SIZE
            00000100    __stack
            00000200    __STACK_END
            00000200    __sysstack
            00000300    _CSL_SysData
            00002000    .bss
            00002000    .data
            00002000    ___bss__
            00002000    ___data__
            00002000    ___edata__
            00002000    _nADC0
            00002000    edata
            00002100    _nADC1
            00002200    _myConfig
            00002204    __lock
            00002206    __unlock
            00002208    __cleanup_ptr
            0000220a    __dtors_ptr
            0000220c    ___end__
            0000220c    end
            00008000    ___cinit__
            00008000    cinit
00014000                .text
00014000                ___text__
00014010                _main
00014052                _SDRAM_init
000140cb                _wait
000140f0                _PLL_config
00014160                _ADC_read
000141c4                _ADC_setFreq
00014212                _auto_init
0001425f                __args_main
000142aa                _exit
000142e8                _c_int00
0001431c                __register_unlock
00014324                __register_lock
0001432c                __nop
00014330                _IRQ_globalDisable
00014340                __CSL_init
00014350                _CSL_init
0001435c                _IRQ_globalRestore
00014368                _abort
00014369                C$$EXIT
00014370                _CSL5509A_LIB_
00014374                ___etext__
00014374                etext
ffffffff                ___binit__
ffffffff                ___c_args__
ffffffff                ___pinit__
ffffffff                binit
ffffffff                pinit

[57 symbols]
