******************************************************************************
         TMS320C55x COFF Linker PC v3.3.2                      
******************************************************************************
>> Linked Tue Sep 29 15:09:52 2009

OUTPUT FILE NAME:   <./Debug/IIR.out>
ENTRY POINT SYMBOL: "_c_int00"  address: 00000100


MEMORY CONFIGURATION

         name            origin    length      used     unused   attr    fill
                        (bytes)   (bytes)    (bytes)   (bytes)
----------------------  --------  ---------  --------  --------  ----  --------
  DARAM                 00000100   00007f00  0000149d  00006a63  RWIX
  VECT                  00008000   00000100  00000100  00000000  RWIX
  DARAM2                00008100   00000200  00000000  00000200  RWIX
  DARAM3                00008300   00007d00  00000d88  00006f78  RWIX
  SARAM                 00010000   00030000  00000000  00030000  RWIX
  SDRAM                 00040000   003e0000  00000000  003e0000  RWIX


SECTION ALLOCATION MAP
(Addresses surrounded by []'s are displayed for convenience only!)

output                                                          attributes/
section   page  orgn(bytes) orgn(words) len(bytes) len(words)   input sections
--------  ----  ----------- ----------- ---------- ----------   --------------
.data        0   [ 00000000 ]  00000000          *   00000000   UNINITIALIZED

.trcinit     0   [ 00000100 ]  00000080          *   00000000   UNINITIALIZED

.gblinit     0   [ 00000100 ]  00000080          *   00000000   UNINITIALIZED

frt          0   [ 00000100 ]  00000080          *   00000000   UNINITIALIZED

.pinit       0   [ 00000100 ]  00000080          *   00000000   UNINITIALIZED

.sysinit     0   [ 00000100 ]  00000080          *   00000000   UNINITIALIZED

.text        0     00000100  [ 00000080 ] 00001407          *   
                   00000100  [ 00000080 ] 0000003b          *   rts55x.lib : boot.obj (.text)
                   0000013b  [ 0000009d+] 000000b6          *              : exit.obj (.text)
                   000001f1  [ 000000f8+] 00000007          *              : exit.obj (.text:CIO_breakpoint)
                   000001f8  [ 000000fc ] 00000002          *              : vectors.obj (.text)
                   000001fa  [ 000000fd ] 00000012          *              : _lock.obj (.text)
                   0000020c  [ 00000106 ] 0000003c          *              : args_main.obj (.text)
                   00000248  [ 00000124 ] 00000062          *              : autoinit.obj (.text)
                   000002aa  [ 00000155 ] 000002d7          *   iir.obj (.text)
                   00000581  [ 000002c0+] 0000021b          *   rts55x.lib : addd.obj (.text)
                   0000079c  [ 000003ce ] 00000212          *              : cmpd.obj (.text)
                   000009ae  [ 000004d7 ] 00000226          *              : cos.obj (.text)
                   00000bd4  [ 000005ea ] 000000e3          *              : divd.obj (.text)
                   00000cb7  [ 0000065b+] 0000002a          *              : fixdi.obj (.text)
                   00000ce1  [ 00000670+] 00000079          *              : fixdli.obj (.text)
                   00000d5a  [ 000006ad ] 0000000c          *              : fltid.obj (.text)
                   00000d66  [ 000006b3 ] 00000071          *              : fltlid.obj (.text)
                   00000dd7  [ 000006eb+] 000000d1          *              : frcdivd.obj (.text)
                   00000ea8  [ 00000754 ] 00000013          *              : lmpy.obj (.text)
                   00000ebb  [ 0000075d+] 000000bf          *              : modf.obj (.text)
                   00000f7a  [ 000007bd ] 000000fa          *              : mpyd.obj (.text)
                   00001074  [ 0000083a ] 00000010          *              : negd.obj (.text)
                   00001084  [ 00000842 ] 000000c1          *              : round.obj (.text)
                   00001145  [ 000008a2+] 00000200          *              : sin.obj (.text)
                   00001345  [ 000009a2+] 00000014          *              : subd.obj (.text)
                   00001359  [ 000009ac+] 00000041          *              : trunc.obj (.text)
                   0000139a  [ 000009cd ] 00000076          *              : frcmpyd.obj (.text)
                   00001410  [ 00000a08 ] 000000f6          *              : ldexp.obj (.text)
                   00001506  [ 00000a83 ] 00000001          *   --HOLE-- [fill = 20]

.cinit       0   [ 00001508 ]  00000a84          *   0000004b   
                 [ 00001508 ]  00000a84          *   00000018   iir.obj (.cinit)
                 [ 00001538 ]  00000a9c          *   0000000e   rts55x.lib : exit.obj (.cinit)
                 [ 00001554 ]  00000aaa          *   0000000b              : sin.obj (.cinit)
                 [ 0000156a ]  00000ab5          *   0000000b              : cos.obj (.cinit)
                 [ 00001580 ]  00000ac0          *   0000000a              : _lock.obj (.cinit)
                 [ 00001594 ]  00000aca          *   00000004              : errno.obj (.cinit)
                 [ 0000159c ]  00000ace          *   00000001   --HOLE-- [fill = 0]

.vectors     0   [ 00008000 ]  00004000          *   00000000   UNINITIALIZED

vectors      0     00008000  [ 00004000 ] 00000100          *   
                   00008000  [ 00004000 ] 00000100          *   rts55x.lib : vectors.obj (vectors)

.far         0   [ 00008300 ]  00004180          *   00000000   UNINITIALIZED

.switch      0   [ 00008300 ]  00004180          *   00000000   UNINITIALIZED

.sysmem      0   [ 00008300 ]  00004180          *   00000000   UNINITIALIZED

.cio         0   [ 00008300 ]  00004180          *   00000000   UNINITIALIZED

.MEM$obj     0   [ 00008300 ]  00004180          *   00000000   UNINITIALIZED

.sysheap     0   [ 00008300 ]  00004180          *   00000000   UNINITIALIZED

.bss         0   [ 00008300 ]  00004180          *   0000047c   UNINITIALIZED
                 [ 00008300 ]  00004180          *   00000421   iir.obj (.bss)
                 [ 00008b42 ]  000045a1          *   00000001   rts55x.lib : errno.obj (.bss)
                 [ 00008b44 ]  000045a2          *   00000046              : exit.obj (.bss)
                 [ 00008bd0 ]  000045e8          *   00000008              : sin.obj (.bss)
                 [ 00008be0 ]  000045f0          *   00000008              : cos.obj (.bss)
                 [ 00008bf0 ]  000045f8          *   00000004              : _lock.obj (.bss)

.sysstack 
*            0   [ 00008bf8 ]  000045fc          *   000000fa   UNINITIALIZED

.stack       0   [ 00008dec ]  000046f6          *   000000fa   UNINITIALIZED

.const       0   [ 00008fe0 ]  000047f0          *   00000054   
                 [ 00008fe0 ]  000047f0          *   00000016   rts55x.lib : cos.obj (.const)
                 [ 0000900c ]  00004806          *   00000014              : sin.obj (.const)
                 [ 00009034 ]  0000481a          *   0000000c   iir.obj (.const)
                 [ 0000904c ]  00004826          *   0000000a   rts55x.lib : ldexp.obj (.const)
                 [ 00009060 ]  00004830          *   00000008              : round.obj (.const)
                 [ 00009070 ]  00004838          *   00000006              : modf.obj (.const)
                 [ 0000907c ]  0000483e          *   00000004              : trunc.obj (.const)
                 [ 00009084 ]  00004842          *   00000002              : fltlid.obj (.const)


GLOBAL SYMBOLS: SORTED ALPHABETICALLY BY Name 

abs. value/
byte addr   word addr   name
---------   ---------   ----
00000002                $TI_capability$C5500$MemoryModel
00000001                $TI_capability_requires_rev2
            00004180    .bss
            00000000    .data
00000100                .text
000001f2                C$$EXIT
00000ea8                I$$LMPY
000004cd                _IIR
0000039a                _InputWave
00008000                _Reset
000001f4                __STACK_SIZE
000001f4                __SYSSTACK_SIZE
ffffffff                ___binit__
            00004180    ___bss__
ffffffff                ___c_args__
            00000a84    ___cinit__
            00000000    ___data__
            00000000    ___edata__
            000045fc    ___end__
00001507                ___etext__
ffffffff                ___pinit__
00000100                ___text__
00000581                __addd
0000020c                __args_main
            000045e4    __cleanup_ptr
0000096e                __cmpd
00000bd4                __divd
            000045e6    __dtors_ptr
00000930                __eqld
00000cb7                __fixdi
00000ce1                __fixdli
00000d5a                __fltid
00000d66                __fltlid
00000dd7                __frcdivd
0000139a                __frcmpyd
000008db                __geqd
00000885                __gtrd
0000082d                __leqd
            000045f8    __lock
000007da                __lssd
00000f7a                __mpyd
00000ea8                __mpyli
00001074                __negd
0000079c                __neqd
0000020a                __nop
00001084                __nround
00000202                __register_lock
000001fa                __register_unlock
            000046f6    __stack
00001345                __subd
            000045fc    __sysstack
00001359                __trunc
            000045fa    __unlock
000001f1                _abort
0000019b                _atexit
00000248                _auto_init
00000100                _c_int00
000009ae                _cos
            000045a1    _errno
0000013b                _exit
            0000419c    _f2PI
            00004184    _fAn
            00004180    _fBn
            000041a0    _fIn
            00004190    _fInput
            000043a0    _fOut
            00004192    _fOutput
            00004194    _fSignal1
            00004196    _fSignal2
            00004198    _fStepSignal1
            0000419a    _fStepSignal2
            00004188    _fXn
            0000418c    _fYn
            0000419e    _i
00001410                _ldexp
000002aa                _main
00000ebb                _modf
            0000419f    _nIn
            000045a0    _nOut
00001145                _sin
ffffffff                binit
            00000a84    cinit
            00000000    edata
            000045fc    end
00001507                etext
ffffffff                pinit


GLOBAL SYMBOLS: SORTED BY Symbol Address 

abs. value/
byte addr   word addr   name
---------   ---------   ----
            00000000    .data
            00000000    ___data__
            00000000    ___edata__
            00000000    edata
00000001                $TI_capability_requires_rev2
00000002                $TI_capability$C5500$MemoryModel
00000100                _c_int00
00000100                ___text__
00000100                .text
0000013b                _exit
0000019b                _atexit
000001f1                _abort
000001f2                C$$EXIT
000001f4                __STACK_SIZE
000001f4                __SYSSTACK_SIZE
000001fa                __register_unlock
00000202                __register_lock
0000020a                __nop
0000020c                __args_main
00000248                _auto_init
000002aa                _main
0000039a                _InputWave
000004cd                _IIR
00000581                __addd
0000079c                __neqd
000007da                __lssd
0000082d                __leqd
00000885                __gtrd
000008db                __geqd
00000930                __eqld
0000096e                __cmpd
000009ae                _cos
00000bd4                __divd
00000cb7                __fixdi
00000ce1                __fixdli
00000d5a                __fltid
00000d66                __fltlid
00000dd7                __frcdivd
00000ea8                __mpyli
00000ea8                I$$LMPY
00000ebb                _modf
00000f7a                __mpyd
00001074                __negd
00001084                __nround
00001145                _sin
00001345                __subd
00001359                __trunc
0000139a                __frcmpyd
00001410                _ldexp
00001507                etext
00001507                ___etext__
            00000a84    ___cinit__
            00000a84    cinit
00008000                _Reset
            00004180    .bss
            00004180    ___bss__
            00004180    _fBn
            00004184    _fAn
            00004188    _fXn
            0000418c    _fYn
            00004190    _fInput
            00004192    _fOutput
            00004194    _fSignal1
            00004196    _fSignal2
            00004198    _fStepSignal1
            0000419a    _fStepSignal2
            0000419c    _f2PI
            0000419e    _i
            0000419f    _nIn
            000041a0    _fIn
            000043a0    _fOut
            000045a0    _nOut
            000045a1    _errno
            000045e4    __cleanup_ptr
            000045e6    __dtors_ptr
            000045f8    __lock
            000045fa    __unlock
            000045fc    end
            000045fc    ___end__
            000045fc    __sysstack
            000046f6    __stack
ffffffff                ___c_args__
ffffffff                pinit
ffffffff                binit
ffffffff                ___binit__
ffffffff                ___pinit__

[86 symbols]
