******************************************************************************
         TMS320C55x COFF Linker PC Version 2.56                
******************************************************************************
>> Linked Mon Jul 02 18:24:38 2007

OUTPUT FILE NAME:   <./Debug/5509eeprom.out>
ENTRY POINT SYMBOL: "_c_int00"  address: 0001540f


MEMORY CONFIGURATION

                  name            origin    length      used    attr    fill
                                 (bytes)   (bytes)    (bytes)
         ----------------------  --------  ---------  --------  ----  --------
         MMR                     00000000   000000c0  00000000  RWIX
         SPRAM                   000000c0   00000040  00000000  RWIX
         VECS                    00000100   00000100  00000000  RWIX
         DARAM0                  00000200   00003e00  000004f8  RWIX
         DARAM1                  00004000   00004000  000004a0  RWIX
         DARAM2                  00008000   00004000  00000000  RWIX
         DARAM3                  0000c000   00004000  00000000  RWIX
         SARAM0                  00010000   00004000  00000166  RWIX
         SARAM1                  00014000   00005000  00001471  RWIX
         SARAM2                  00019000   00003000  00000000  RWIX
         SARAM3                  0001c000   00004000  00000000  RWIX
         SARAM4                  00020000   00004000  00000000  RWIX
         SARAM5                  00024000   00004000  00000000  RWIX
         SARAM6                  00028000   00004000  00000000  RWIX
         SARAM7                  0002c000   00004000  00000000  RWIX
         SARAM8                  00030000   00004000  00000000  RWIX
         SARAM9                  00034000   00004000  00000000  RWIX
         SARAM10                 00038000   00004000  00000000  RWIX
         SARAM11                 0003c000   00004000  00000000  RWIX
         SARAM12                 00040000   00004000  00000000  RWIX
         SARAM13                 00044000   00004000  00000000  RWIX
         SARAM14                 00048000   00004000  00000000  RWIX
         SARAM15                 0004c000   00004000  00000000  RWIX
         CE0                     00050000   003b0000  00000000  RWIX
         CE1                     00400000   00400000  00000000  RWIX
         CE2                     00800000   00400000  00000000  RWIX
         CE3                     00c00000   003f8000  00000000  RWIX
         PDROM                   00ff8000   00007f00  00000000  RWIX


SECTION ALLOCATION MAP
(Addresses surrounded by []'s are displayed for convenience only!)

output                                                          attributes/
section   page  orgn(bytes) orgn(words) len(bytes) len(words)   input sections
--------  ----  ----------- ----------- ---------- ----------   --------------
vectors      0   [ 00000100 ]  00000080          *   00000000   UNINITIALIZED

.stack       0   [ 00000200 ]  00000100          *   000000fa   UNINITIALIZED

.sysstack 
*            0   [ 000003f4 ]  000001fa          *   000000fa   UNINITIALIZED

.csldata     0   [ 000005e8 ]  000002f4          *   00000088   UNINITIALIZED
                 [ 000005e8 ]  000002f4          *   00000066   csl5509x.lib : csl_mcbspdat.obj (.csldata:MCBSP_data)
                 [ 000006b4 ]  0000035a          *   00000022                : csl_csldat.obj (.csldata:SYS_data)

.sysmem      0   [ 00004000 ]  00002000          *   00000000   UNINITIALIZED

.cio         0   [ 00004000 ]  00002000          *   00000000   UNINITIALIZED

.data        0   [ 00004000 ]  00002000          *   00000000   UNINITIALIZED

.const       0   [ 00004000 ]  00002000          *   00000000   UNINITIALIZED

.bss         0   [ 00004000 ]  00002000          *   00000250   UNINITIALIZED
                 [ 00004000 ]  00002000          *   00000206   eeprom.obj (.bss)
                 [ 0000440c ]  00002206          *   00000046   rts55x.lib : exit.obj (.bss)
                 [ 00004498 ]  0000224c          *   00000004              : _lock.obj (.bss)

.cinit       0   [ 00010000 ]  00008000          *   000000b3   
                 [ 00010000 ]  00008000          *   00000069   csl5509x.lib : csl_mcbspdat.obj (.cinit)
                 [ 000100d2 ]  00008069          *   00000025                : csl_csldat.obj (.cinit)
                 [ 0001011c ]  0000808e          *   0000000e   rts55x.lib : exit.obj (.cinit)
                 [ 00010138 ]  0000809c          *   0000000c   eeprom.obj (.cinit)
                 [ 00010150 ]  000080a8          *   0000000a   rts55x.lib : _lock.obj (.cinit)
                 [ 00010164 ]  000080b2          *   00000001   --HOLE-- [fill = 0]

.text        0     00014000  [ 0000a000 ] 00001471          *   
                   00014000  [ 0000a000 ] 00000e2b          *   eeprom.obj (.text)
                   00014e2b  [ 0000a715+] 00000001          *   --HOLE-- [fill = 20]
                   00014e2c  [ 0000a716 ] 00000261          *   csl5509x.lib : mcbsp_rst.obj (.text:MCBSP_reset)
                   0001508d  [ 0000a846+] 00000003          *   --HOLE-- [fill = 20]
                   00015090  [ 0000a848 ] 00000106          *                : mcbsp_open.obj (.text:MCBSP_open)
                   00015196  [ 0000a8cb ] 00000002          *   --HOLE-- [fill = 20]
                   00015198  [ 0000a8cc ] 0000006e          *                : pll_cfg.obj (.text:PLL_config)
                   00015206  [ 0000a903 ] 00000002          *   --HOLE-- [fill = 20]
                   00015208  [ 0000a904 ] 0000004e          *                : mcbsp_cls.obj (.text:MCBSP_close)
                   00015256  [ 0000a92b ] 00000002          *   --HOLE-- [fill = 20]
                   00015258  [ 0000a92c ] 0000002f          *                : mcbsp_r32.obj (.text:MCBSP_read32)
                   00015287  [ 0000a943+] 00000001          *   --HOLE-- [fill = 20]
                   00015288  [ 0000a944 ] 00000024          *                : mcbsp_w32.obj (.text:MCBSP_write32)
                   000152ac  [ 0000a956 ] 0000000f          *                : irq_gdisab.obj (.text:IRQ_globalDisable)
                   000152bb  [ 0000a95d+] 00000001          *   --HOLE-- [fill = 20]
                   000152bc  [ 0000a95e ] 0000000d          *                : _csl_init.obj (.text:_CSL_init)
                   000152c9  [ 0000a964+] 00000003          *   --HOLE-- [fill = 20]
                   000152cc  [ 0000a966 ] 0000000c          *                : csl.obj (.text:CSL_init)
                   000152d8  [ 0000a96c ] 0000000c          *                : irq_grest.obj (.text:IRQ_globalRestore)
                   000152e4  [ 0000a972 ] 00000007          *                : mcbsp_r16.obj (.text:MCBSP_read16)
                   000152eb  [ 0000a975+] 00000001          *   --HOLE-- [fill = 20]
                   000152ec  [ 0000a976 ] 00000007          *                : mcbsp_w16.obj (.text:MCBSP_write16)
                   000152f3  [ 0000a979+] 00000001          *   --HOLE-- [fill = 20]
                   000152f4  [ 0000a97a ] 00000002          *                : csl.obj (.text)
                   000152f6  [ 0000a97b ] 000000ae          *   rts55x.lib : exit.obj (.text)
                   000153a4  [ 0000a9d2 ] 0000006b          *              : autoinit.obj (.text)
                   0001540f  [ 0000aa07+] 00000048          *              : boot.obj (.text)
                   00015457  [ 0000aa2b+] 00000012          *              : _lock.obj (.text)
                   00015469  [ 0000aa34+] 00000007          *              : exit.obj (.text:CIO_breakpoint)
                   00015470  [ 0000aa38 ] 00000001          *   --HOLE-- [fill = 20]

isrs         0   [ 00019000 ]  0000c800          *   00000000   UNINITIALIZED


GLOBAL SYMBOLS: SORTED ALPHABETICALLY BY Name 

abs. value/
byte addr   word addr   name
---------   ---------   ----
            00002000    .bss
            00002000    .data
00014000                .text
0001546a                C$$EXIT
000152f4                _CSL5509_LIB_
            000002f4    _CSL_McbspData
            0000035a    _CSL_SysData
000152cc                _CSL_init
000152ac                _IRQ_globalDisable
000152d8                _IRQ_globalRestore
00015208                _MCBSP_close
00015090                _MCBSP_open
000152e4                _MCBSP_read16
00015258                _MCBSP_read32
00014e2c                _MCBSP_reset
000152ec                _MCBSP_write16
00015288                _MCBSP_write32
00015198                _PLL_config
00014118                _SPIEND_Delay
00014c90                _SPIWR_Delay
00014d90                _SPI_ReadSignal
00014918                _SPI_ReadStatusReg
00014cc0                _SPI_WrieSignal
000148ac                _SPI_WrieStatusReg
000144f8                _SPI_WriteDI
00014490                _SPI_WriteEN
00014560                _SPI_status_init
00014974                _SPI_wrdatainit
00014148                _SPI_writecominit
00014460                _WRITECOM_Delay
0001487c                _WrReg_Delay
000152bc                __CSL_init
000001f4                __STACK_SIZE
000001f4                __SYSSTACK_SIZE
            00002000    ___bss__
            00008000    ___cinit__
            00002000    ___data__
            00002000    ___edata__
            00002250    ___end__
00015471                ___etext__
ffffffff                ___pinit__
00014000                ___text__
            00002248    __cleanup_ptr
            0000224a    __dtors_ptr
            0000224c    __lock
00015457                __nop
00015459                __register_lock
00015461                __register_unlock
            00000100    __stack
            000001fa    __sysstack
            0000224e    __unlock
00015469                _abort
00015352                _atexit
000153a4                _auto_init
0001540f                _c_int00
            00002006    _data_read
000152f6                _exit
            00002004    _hMcbsp
00014010                _main
            00002000    _myConfig
            00008000    cinit
            00002000    edata
            00002250    end
00015471                etext
ffffffff                pinit


GLOBAL SYMBOLS: SORTED BY Symbol Address 

abs. value/
byte addr   word addr   name
---------   ---------   ----
000001f4                __STACK_SIZE
000001f4                __SYSSTACK_SIZE
            00000100    __stack
            000001fa    __sysstack
            000002f4    _CSL_McbspData
            0000035a    _CSL_SysData
            00002000    ___bss__
            00002000    .bss
            00002000    .data
            00002000    ___data__
            00002000    _myConfig
            00002000    edata
            00002000    ___edata__
            00002004    _hMcbsp
            00002006    _data_read
            00002248    __cleanup_ptr
            0000224a    __dtors_ptr
            0000224c    __lock
            0000224e    __unlock
            00002250    ___end__
            00002250    end
            00008000    ___cinit__
            00008000    cinit
00014000                ___text__
00014000                .text
00014010                _main
00014118                _SPIEND_Delay
00014148                _SPI_writecominit
00014460                _WRITECOM_Delay
00014490                _SPI_WriteEN
000144f8                _SPI_WriteDI
00014560                _SPI_status_init
0001487c                _WrReg_Delay
000148ac                _SPI_WrieStatusReg
00014918                _SPI_ReadStatusReg
00014974                _SPI_wrdatainit
00014c90                _SPIWR_Delay
00014cc0                _SPI_WrieSignal
00014d90                _SPI_ReadSignal
00014e2c                _MCBSP_reset
00015090                _MCBSP_open
00015198                _PLL_config
00015208                _MCBSP_close
00015258                _MCBSP_read32
00015288                _MCBSP_write32
000152ac                _IRQ_globalDisable
000152bc                __CSL_init
000152cc                _CSL_init
000152d8                _IRQ_globalRestore
000152e4                _MCBSP_read16
000152ec                _MCBSP_write16
000152f4                _CSL5509_LIB_
000152f6                _exit
00015352                _atexit
000153a4                _auto_init
0001540f                _c_int00
00015457                __nop
00015459                __register_lock
00015461                __register_unlock
00015469                _abort
0001546a                C$$EXIT
00015471                etext
00015471                ___etext__
ffffffff                pinit
ffffffff                ___pinit__

[65 symbols]
