******************************************************************************
         TMS320C55x COFF Linker PC v3.3.2                      
******************************************************************************
>> Linked Tue Sep 29 15:18:04 2009

OUTPUT FILE NAME:   <./Debug/uart.out>
ENTRY POINT SYMBOL: "_c_int00"  address: 00014000


MEMORY CONFIGURATION

         name            origin    length      used     unused   attr    fill
                        (bytes)   (bytes)    (bytes)   (bytes)
----------------------  --------  ---------  --------  --------  ----  --------
  MMR                   00000000   000000c0  00000000  000000c0  RWIX
  SPRAM                 000000c0   00000040  00000028  00000018  RWIX
  VECS                  00000100   00000100  00000100  00000000  RWIX
  DARAM0                00000200   00003e00  000008f8  00003508  RWIX
  DARAM1                00004000   00004000  00000140  00003ec0  RWIX
  DARAM2                00008000   00004000  00000000  00004000  RWIX
  DARAM3                0000c000   00004000  00000000  00004000  RWIX
  SARAM0                00010000   00004000  000001d2  00003e2e  RWIX
  SARAM1                00014000   00005000  00000fec  00004014  RWIX
  SARAM2                00019000   00003000  00000100  00002f00  RWIX
  SARAM3                0001c000   00004000  00000000  00004000  RWIX
  SARAM4                00020000   00004000  00000000  00004000  RWIX
  SARAM5                00024000   00004000  00000000  00004000  RWIX
  SARAM6                00028000   00004000  00000000  00004000  RWIX
  SARAM7                0002c000   00004000  00000000  00004000  RWIX
  SARAM8                00030000   00004000  00000000  00004000  RWIX
  SARAM9                00034000   00004000  00000000  00004000  RWIX
  SARAM10               00038000   00004000  00000000  00004000  RWIX
  SARAM11               0003c000   00004000  00000000  00004000  RWIX
  SARAM12               00040000   00004000  00000000  00004000  RWIX
  SARAM13               00044000   00004000  00000000  00004000  RWIX
  SARAM14               00048000   00004000  00000000  00004000  RWIX
  SARAM15               0004c000   00004000  00000000  00004000  RWIX
  CE0                   00050000   003b0000  00000000  003b0000  RWIX
  CE1                   00400000   00400000  00000000  00400000  RWIX
  CE2                   00800000   00400000  00000000  00400000  RWIX
  CE3                   00c00000   003f8000  00000000  003f8000  RWIX
  PDROM                 00ff8000   00007f00  00000000  00007f00  RWIX


SECTION ALLOCATION MAP
(Addresses surrounded by []'s are displayed for convenience only!)

output                                                          attributes/
section   page  orgn(bytes) orgn(words) len(bytes) len(words)   input sections
--------  ----  ----------- ----------- ---------- ----------   --------------
.switch      0   [ 000000c0 ]  00000060          *   00000014   
                 [ 000000c0 ]  00000060          *   00000014   uart.obj (.switch)

vectors      0     00000100  [ 00000080 ] 00000100          *   
                   00000100  [ 00000080 ] 00000100          *   rts55x.lib : vectors.obj (vectors)

.stack       0   [ 00000200 ]  00000100          *   000001f4   UNINITIALIZED

.sysstack 
*            0   [ 000005e8 ]  000002f4          *   000001f4   UNINITIALIZED

.csldata     0   [ 000009d0 ]  000004e8          *   00000094   UNINITIALIZED
                 [ 000009d0 ]  000004e8          *   00000066   csl5509ax.lib : csl_mcbspdat.obj (.csldata:MCBSP_data)
                 [ 00000a9c ]  0000054e          *   00000022                 : csl_csldat.obj (.csldata:SYS_data)
                 [ 00000ae0 ]  00000570          *   0000000c                 : csl_timdat.obj (.csldata:TIMER_data)

.sysmem      0   [ 00004000 ]  00002000          *   00000000   UNINITIALIZED

.data        0   [ 00004000 ]  00002000          *   00000000   UNINITIALIZED

.const       0   [ 00004000 ]  00002000          *   00000000   UNINITIALIZED

.cio         0   [ 00004000 ]  00002000          *   00000000   UNINITIALIZED

.bss         0   [ 00004000 ]  00002000          *   000000a0   UNINITIALIZED
                 [ 00004000 ]  00002000          *   00000055   uart.obj (.bss)
                 [ 000040ac ]  00002056          *   00000046   rts55x.lib : exit.obj (.bss)
                 [ 00004138 ]  0000209c          *   00000004              : _lock.obj (.bss)

.cinit       0   [ 00010000 ]  00008000          *   000000e9   
                 [ 00010000 ]  00008000          *   00000069   csl5509ax.lib : csl_mcbspdat.obj (.cinit)
                 [ 000100d2 ]  00008069          *   00000033   uart.obj (.cinit)
                 [ 00010138 ]  0000809c          *   00000025   csl5509ax.lib : csl_csldat.obj (.cinit)
                 [ 00010182 ]  000080c1          *   0000000f                 : csl_timdat.obj (.cinit)
                 [ 000101a0 ]  000080d0          *   0000000e   rts55x.lib : exit.obj (.cinit)
                 [ 000101bc ]  000080de          *   0000000a              : _lock.obj (.cinit)
                 [ 000101d0 ]  000080e8          *   00000001   --HOLE-- [fill = 0]

.text        0     00014000  [ 0000a000 ] 00000fec          *   
                   00014000  [ 0000a000 ] 0000003b          *   rts55x.lib : boot.obj (.text)
                   0001403b  [ 0000a01d+] 000000b6          *              : exit.obj (.text)
                   000140f1  [ 0000a078+] 00000007          *              : exit.obj (.text:CIO_breakpoint)
                   000140f8  [ 0000a07c ] 00000002          *              : vectors.obj (.text)
                   000140fa  [ 0000a07d ] 00000012          *              : _lock.obj (.text)
                   0001410c  [ 0000a086 ] 0000003c          *              : args_main.obj (.text)
                   00014148  [ 0000a0a4 ] 00000062          *              : autoinit.obj (.text)
                   000141aa  [ 0000a0d5 ] 000003fe          *   uart.obj (.text)
                   000145a8  [ 0000a2d4 ] 00000002          *   vectors_timer1.obj (.text)
                   000145aa  [ 0000a2d5 ] 0000000d          *   csl5509ax.lib : _csl_init.obj (.text:_CSL_init)
                   000145b7  [ 0000a2db+] 00000002          *                 : csl.obj (.text)
                   000145b9  [ 0000a2dc+] 0000000c          *                 : csl.obj (.text:CSL_init)
                   000145c5  [ 0000a2e2+] 00000037          *                 : irq_clear.obj (.text:IRQ_clear)
                   000145fc  [ 0000a2fe ] 00000062          *                 : irq_enab.obj (.text:IRQ_enable)
                   0001465e  [ 0000a32f ] 0000000f          *                 : irq_gdisab.obj (.text:IRQ_globalDisable)
                   0001466d  [ 0000a336+] 0000000f          *                 : irq_genab.obj (.text:IRQ_globalEnable)
                   0001467c  [ 0000a33e ] 0000000c          *                 : irq_grest.obj (.text:IRQ_globalRestore)
                   00014688  [ 0000a344 ] 00000089          *                 : irq_pluga.obj (.text)
                   00014711  [ 0000a388+] 00000037          *                 : irq_setvecs.obj (.text:IRQ_setVecs)
                   00014748  [ 0000a3a4 ] 00000130          *                 : mcbsp_cfg.obj (.text:MCBSP_config)
                   00014878  [ 0000a43c ] 00000130          *                 : mcbsp_gcfg.obj (.text:MCBSP_getCOnfig)
                   000149a8  [ 0000a4d4 ] 00000115          *                 : mcbsp_open.obj (.text:MCBSP_open)
                   00014abd  [ 0000a55e+] 00000279          *                 : mcbsp_rst.obj (.text:MCBSP_reset)
                   00014d36  [ 0000a69b ] 00000064          *                 : pll_cfg.obj (.text:PLL_config)
                   00014d9a  [ 0000a6cd ] 00000050          *                 : tim_cfg.obj (.text:TIMER_config)
                   00014dea  [ 0000a6f5 ] 000000cb          *                 : tim_open.obj (.text:TIMER_open)
                   00014eb5  [ 0000a75a+] 00000116          *                 : tim_rstt.obj (.text:TIMER_reset)
                   00014fcb  [ 0000a7e5+] 00000020          *                 : tim_start.obj (.text:TIMER_start)
                   00014feb  [ 0000a7f5+] 00000001          *   --HOLE-- [fill = 20]

isrs         0   [ 00019000 ]  0000c800          *   00000000   UNINITIALIZED

.vectors     0     00019000  [ 0000c800 ] 00000100          *   
                   00019000  [ 0000c800 ] 00000100          *   vectors_timer1.obj (.vectors)


GLOBAL SYMBOLS: SORTED ALPHABETICALLY BY Name 

abs. value/
byte addr   word addr   name
---------   ---------   ----
00000002                $TI_capability$C5500$MemoryModel
00000001                $TI_capability_requires_rev2
            00002000    .bss
            00002000    .data
00014000                .text
000140f2                C$$EXIT
000145b7                _CSL5509A_LIB_
            000004e8    _CSL_McbspData
            0000054e    _CSL_SysData
            00000570    _CSL_TimerData
000145b9                _CSL_init
000145c5                _IRQ_clear
000145fc                _IRQ_enable
0001465e                _IRQ_globalDisable
0001466d                _IRQ_globalEnable
0001467c                _IRQ_globalRestore
00014688                _IRQ_plug
00014711                _IRQ_setVecs
00014748                _MCBSP_config
00014878                _MCBSP_getConfig
000149a8                _MCBSP_open
00014abd                _MCBSP_reset
            00002029    _Mcbsp1Config
            0000200e    _Mcbsptest
            00002000    _PCR_1
00014d36                _PLL_config
00000100                _Reset
00014d9a                _TIMER_config
00014dea                _TIMER_open
00014eb5                _TIMER_reset
00014fcb                _TIMER_start
00019000                _VECSTART
000145aa                __CSL_init
000003e8                __STACK_SIZE
000003e8                __SYSSTACK_SIZE
ffffffff                ___binit__
            00002000    ___bss__
ffffffff                ___c_args__
            00008000    ___cinit__
            00002000    ___data__
            00002000    ___edata__
            000020a0    ___end__
00014fec                ___etext__
ffffffff                ___pinit__
00014000                ___text__
0001410c                __args_main
            00002098    __cleanup_ptr
            0000209a    __dtors_ptr
            0000209c    __lock
0001410a                __nop
00014102                __register_lock
000140fa                __register_unlock
            00000100    __stack
            000002f4    __sysstack
            0000209e    __unlock
000140f1                _abort
0001409b                _atexit
00014148                _auto_init
00014000                _c_int00
000141ba                _delay
            0000200a    _eventId0
0001403b                _exit
            00002044    _hMcbsp
            00002046    _i
00014274                _main
            00002008    _mhTimer0
            00002001    _myConfig
            0000200c    _old_intm
000141dc                _settimer
            00002047    _temp
            00002005    _timCfg0
            0000200d    _tim_val
000142f7                _timer0Isr
            0000200b    _timer0_cnt
            00002048    _timer0_cnten
            0000204e    _uart_bitcnt
            0000204d    _uart_bitscan
            00002051    _uart_bitsend
            00002052    _uart_bitsendcnt
            00002049    _uart_rec
            0000204b    _uart_recflag
            0000204f    _uart_recstart
            0000204a    _uart_send
            00002050    _uart_sendbitcnt
            00002053    _uart_sendcnten
            00002054    _uart_sendend
            0000204c    _uart_sendflag
ffffffff                binit
            00008000    cinit
            00002000    edata
            000020a0    end
00014fec                etext
00019010                int0
00019018                int1
00019060                int10
00019068                int11
00019070                int12
00019078                int13
00019080                int14
00019088                int15
00019090                int16
00019098                int17
000190a0                int18
000190a8                int19
00019020                int2
000190b0                int20
000190b8                int21
000190c0                int22
000190c8                int23
000190d0                int24
000190d8                int25
000190e0                int26
000190e8                int27
000190f0                int28
000190f8                int29
00019028                int3
00019030                int4
00019038                int5
00019040                int6
00019048                int7
00019050                int8
00019058                int9
00019008                nmi
000145a8                no_isr
ffffffff                pinit


GLOBAL SYMBOLS: SORTED BY Symbol Address 

abs. value/
byte addr   word addr   name
---------   ---------   ----
00000001                $TI_capability_requires_rev2
00000002                $TI_capability$C5500$MemoryModel
00000100                _Reset
            00000100    __stack
000003e8                __STACK_SIZE
000003e8                __SYSSTACK_SIZE
            000002f4    __sysstack
            000004e8    _CSL_McbspData
            0000054e    _CSL_SysData
            00000570    _CSL_TimerData
            00002000    .data
            00002000    ___data__
            00002000    ___edata__
            00002000    .bss
            00002000    ___bss__
            00002000    _PCR_1
            00002000    edata
            00002001    _myConfig
            00002005    _timCfg0
            00002008    _mhTimer0
            0000200a    _eventId0
            0000200b    _timer0_cnt
            0000200c    _old_intm
            0000200d    _tim_val
            0000200e    _Mcbsptest
            00002029    _Mcbsp1Config
            00002044    _hMcbsp
            00002046    _i
            00002047    _temp
            00002048    _timer0_cnten
            00002049    _uart_rec
            0000204a    _uart_send
            0000204b    _uart_recflag
            0000204c    _uart_sendflag
            0000204d    _uart_bitscan
            0000204e    _uart_bitcnt
            0000204f    _uart_recstart
            00002050    _uart_sendbitcnt
            00002051    _uart_bitsend
            00002052    _uart_bitsendcnt
            00002053    _uart_sendcnten
            00002054    _uart_sendend
            00002098    __cleanup_ptr
            0000209a    __dtors_ptr
            0000209c    __lock
            0000209e    __unlock
            000020a0    end
            000020a0    ___end__
            00008000    cinit
            00008000    ___cinit__
00014000                ___text__
00014000                .text
00014000                _c_int00
0001403b                _exit
0001409b                _atexit
000140f1                _abort
000140f2                C$$EXIT
000140fa                __register_unlock
00014102                __register_lock
0001410a                __nop
0001410c                __args_main
00014148                _auto_init
000141ba                _delay
000141dc                _settimer
00014274                _main
000142f7                _timer0Isr
000145a8                no_isr
000145aa                __CSL_init
000145b7                _CSL5509A_LIB_
000145b9                _CSL_init
000145c5                _IRQ_clear
000145fc                _IRQ_enable
0001465e                _IRQ_globalDisable
0001466d                _IRQ_globalEnable
0001467c                _IRQ_globalRestore
00014688                _IRQ_plug
00014711                _IRQ_setVecs
00014748                _MCBSP_config
00014878                _MCBSP_getConfig
000149a8                _MCBSP_open
00014abd                _MCBSP_reset
00014d36                _PLL_config
00014d9a                _TIMER_config
00014dea                _TIMER_open
00014eb5                _TIMER_reset
00014fcb                _TIMER_start
00014fec                etext
00014fec                ___etext__
00019000                _VECSTART
00019008                nmi
00019010                int0
00019018                int1
00019020                int2
00019028                int3
00019030                int4
00019038                int5
00019040                int6
00019048                int7
00019050                int8
00019058                int9
00019060                int10
00019068                int11
00019070                int12
00019078                int13
00019080                int14
00019088                int15
00019090                int16
00019098                int17
000190a0                int18
000190a8                int19
000190b0                int20
000190b8                int21
000190c0                int22
000190c8                int23
000190d0                int24
000190d8                int25
000190e0                int26
000190e8                int27
000190f0                int28
000190f8                int29
ffffffff                ___c_args__
ffffffff                pinit
ffffffff                binit
ffffffff                ___binit__
ffffffff                ___pinit__

[125 symbols]
