******************************************************************************
              TMS320C55x Linker PC v4.4.0                      
******************************************************************************
>> Linked Sun Mar 22 23:34:32 2015

OUTPUT FILE NAME:   <E:/Program/DSP/Programme_For_CCS4/ADDR2GPIO/ADDR2GPIO/../Debug/timer.out>
ENTRY POINT SYMBOL: "_c_int00"  address: 000143be


MEMORY CONFIGURATION

         name            origin    length      used     unused   attr    fill
                        (bytes)   (bytes)    (bytes)   (bytes)
----------------------  --------  ---------  --------  --------  ----  --------
  MMR                   00000000   000000c0  00000000  000000c0  RWIX
  SPRAM                 000000c0   00000040  00000000  00000040  RWIX
  VECS                  00000100   00000100  00000100  00000000  RWIX
  DARAM0                00000200   00003e00  00000928  000034d8  RWIX
  DARAM1                00004000   00004000  00000024  00003fdc  RWIX
  DARAM2                00008000   00004000  00000000  00004000  RWIX
  DARAM3                0000c000   00004000  00000000  00004000  RWIX
  SARAM0                00010000   00004000  000000aa  00003f56  RWIX
  SARAM1                00014000   00008000  000005a9  00007a57  RWIX
  SARAM3                0001c000   00004000  00000000  00004000  RWIX
  SARAM4                00020000   00004000  00000000  00004000  RWIX
  SARAM5                00024000   00004000  00000000  00004000  RWIX
  SARAM6                00028000   00004000  00000000  00004000  RWIX
  SARAM7                0002c000   00004000  00000000  00004000  RWIX
  SARAM8                00030000   00004000  00000000  00004000  RWIX
  SARAM9                00034000   00004000  00000000  00004000  RWIX
  SARAM10               00038000   00004000  00000000  00004000  RWIX
  SARAM11               0003c000   00004000  00000000  00004000  RWIX
  SARAM12               00040000   00004000  00000000  00004000  RWIX
  SARAM13               00044000   00004000  00000000  00004000  RWIX
  SARAM14               00048000   00004000  00000000  00004000  RWIX
  SARAM15               0004c000   00004000  00000000  00004000  RWIX
  CE0                   00050000   003b0000  00000000  003b0000  RWIX
  CE1                   00400000   00400000  00000000  00400000  RWIX
  CE2                   00800000   00400000  00000000  00400000  RWIX
  CE3                   00c00000   003f8000  00000000  003f8000  RWIX
  PDROM                 00ff8000   00007f00  00000000  00007f00  RWIX


SECTION ALLOCATION MAP
(Addresses surrounded by []'s are displayed for convenience only!)

output                                                          attributes/
section   page  orgn(bytes) orgn(words) len(bytes) len(words)   input sections
--------  ----  ----------- ----------- ---------- ----------   --------------
.vectors     0     00000100  [ 00000080 ] 00000100          *   
                   00000100  [ 00000080 ] 00000100          *   vectors.obj (.vectors)

.stack       0   [ 00000200 ]  00000100          *   000001f4   UNINITIALIZED
                 [ 00000200 ]  00000100          *   000001f4   --HOLE--

.sysstack 
*            0   [ 000005e8 ]  000002f4          *   000001f4   UNINITIALIZED
                 [ 000005e8 ]  000002f4          *   000001f4   --HOLE--

.csldata     0   [ 000009d0 ]  000004e8          *   0000002c   UNINITIALIZED
                 [ 000009d0 ]  000004e8          *   00000020   csl5509.lib : csl_csldat.obj (.csldata:SYS_data)
                 [ 00000a10 ]  00000508          *   0000000c               : csl_timdat.obj (.csldata:TIMER_data)

vectors      0     00000a28  [ 00000514 ] 00000100          *   
                   00000a28  [ 00000514 ] 00000100          *   rts55.lib : vectors.obj (vectors)

.data        0   [ 00004000 ]  00002000          *   00000000   UNINITIALIZED

.bss         0   [ 00004000 ]  00002000          *   00000012   UNINITIALIZED
                 [ 00004000 ]  00002000          *   00000009   timer.obj (.bss)
                 [ 00004012 ]  00002009          *   00000001   --HOLE--
                 [ 00004014 ]  0000200a          *   00000004   rts55.lib : _lock.obj (.bss)
                 [ 0000401c ]  0000200e          *   00000004             : exit.obj (.bss)

.cinit       0   [ 00010000 ]  00008000          *   00000055   
                 [ 00010000 ]  00008000          *   00000023   csl5509.lib : csl_csldat.obj (.cinit)
                 [ 00010046 ]  00008023          *   0000000f               : csl_timdat.obj (.cinit)
                 [ 00010064 ]  00008032          *   0000000e   timer.obj (.cinit)
                 [ 00010080 ]  00008040          *   0000000a   rts55.lib : _lock.obj (.cinit)
                 [ 00010094 ]  0000804a          *   0000000a             : exit.obj (.cinit)
                 [ 000100a8 ]  00008054          *   00000001   --HOLE-- [fill = 0]

.text        0     00014000  [ 0000a000 ] 000005a9          *   
                   00014000  [ 0000a000 ] 000000e5          *   csl5509.lib : tim_rstt.obj (.text:TIMER_reset)
                   000140e5  [ 0000a072+] 0000009c          *   timer.obj (.text)
                   00014181  [ 0000a0c0+] 0000009a          *   csl5509.lib : tim_open.obj (.text:TIMER_open)
                   0001421b  [ 0000a10d+] 00000089          *               : irq_pluga.obj (.text)
                   000142a4  [ 0000a152 ] 0000006b          *   rts55.lib : autoinit.obj (.text)
                   0001430f  [ 0000a187+] 0000005d          *   timer.obj (.text:retain)
                   0001436c  [ 0000a1b6 ] 00000052          *   csl5509.lib : irq_enab.obj (.text:IRQ_enable)
                   000143be  [ 0000a1df ] 0000004c          *   rts55.lib : boot.obj (.text)
                   0001440a  [ 0000a205 ] 0000004b          *   csl5509.lib : tim_cfg.obj (.text:TIMER_config)
                   00014455  [ 0000a22a+] 00000040          *   rts55.lib : args_main.obj (.text)
                   00014495  [ 0000a24a+] 00000039          *   csl5509.lib : irq_clear.obj (.text:IRQ_clear)
                   000144ce  [ 0000a267 ] 00000038          *   rts55.lib : exit.obj (.text)
                   00014506  [ 0000a283 ] 0000002b          *   csl5509.lib : irq_setvecs.obj (.text:IRQ_setVecs)
                   00014531  [ 0000a298+] 0000001d          *               : tim_start.obj (.text:TIMER_start)
                   0001454e  [ 0000a2a7 ] 00000010          *   rts55.lib : _lock.obj (.text)
                   0001455e  [ 0000a2af ] 0000000d          *   csl5509.lib : irq_gdisab.obj (.text:IRQ_globalDisable)
                   0001456b  [ 0000a2b5+] 0000000d          *               : irq_genab.obj (.text:IRQ_globalEnable)
                   00014578  [ 0000a2bc ] 0000000c          *               : csl.obj (.text:CSL_init)
                   00014584  [ 0000a2c2 ] 0000000c          *               : irq_grest.obj (.text:IRQ_globalRestore)
                   00014590  [ 0000a2c8 ] 0000000b          *               : _csl_init.obj (.text:_CSL_init)
                   0001459b  [ 0000a2cd+] 00000007          *   rts55.lib : exit.obj (.text:CIO_breakpoint)
                   000145a2  [ 0000a2d1 ] 00000002          *   csl5509.lib : csl.obj (.text)
                   000145a4  [ 0000a2d2 ] 00000002          *   rts55.lib : vectors.obj (.text)
                   000145a6  [ 0000a2d3 ] 00000002          *   vectors.obj (.text)
                   000145a8  [ 0000a2d4 ] 00000001          *   --HOLE-- [fill = 20]


GLOBAL SYMBOLS: SORTED ALPHABETICALLY BY Name 

abs. value/
byte addr   word addr   name
---------   ---------   ----
00000002                $TI_capability$C5500$CallingConvention
00000001                $TI_capability$C5500$MemoryModel
00000001                $TI_capability_requires_rev2
            00002000    .bss
            00002000    .data
00014000                .text
0001459c                C$$EXIT
000145a2                _CSL5509_LIB_
            000004e8    _CSL_SysData
            00000508    _CSL_TimerData
00014578                _CSL_init
00014495                _IRQ_clear
0001436c                _IRQ_enable
0001455e                _IRQ_globalDisable
0001456b                _IRQ_globalEnable
00014584                _IRQ_globalRestore
0001421b                _IRQ_plug
00014506                _IRQ_setVecs
00000a28                _Reset
0001440a                _TIMER_config
00014181                _TIMER_open
00014000                _TIMER_reset
00014531                _TIMER_start
00000100                _VECSTART
00014590                __CSL_init
            000002f4    __STACK_END
000003e8                __STACK_SIZE
000003e8                __SYSSTACK_SIZE
00000001                __TI_args_main
ffffffff                ___binit__
            00002000    ___bss__
ffffffff                ___c_args__
            00008000    ___cinit__
            00002000    ___data__
            00002000    ___edata__
            00002012    ___end__
000145a9                ___etext__
ffffffff                ___pinit__
00014000                ___text__
00014455                __args_main
            0000200e    __cleanup_ptr
            00002010    __dtors_ptr
            0000200a    __lock
0001455c                __nop
00014555                __register_lock
0001454e                __register_unlock
            00000100    __stack
            000002f4    __sysstack
            0000200c    __unlock
0001459b                _abort
000142a4                _auto_init
000143be                _c_int00
            00002003    _eventId0
000144ce                _exit
000140f5                _main
            00002004    _mhTimer0
            00002006    _old_intm
            00002000    _timCfg0
            00002007    _tim_val
0001430f                _timer0Isr
            00002005    _timer0_cnt
            00002008    _xfchange
ffffffff                binit
            00008000    cinit
            00002000    edata
            00002012    end
000145a9                etext
00000110                int0
00000118                int1
00000160                int10
00000168                int11
00000170                int12
00000178                int13
00000180                int14
00000188                int15
00000190                int16
00000198                int17
000001a0                int18
000001a8                int19
00000120                int2
000001b0                int20
000001b8                int21
000001c0                int22
000001c8                int23
000001d0                int24
000001d8                int25
000001e0                int26
000001e8                int27
000001f0                int28
000001f8                int29
00000128                int3
00000130                int4
00000138                int5
00000140                int6
00000148                int7
00000150                int8
00000158                int9
00000108                nmi
000145a6                no_isr
ffffffff                pinit


GLOBAL SYMBOLS: SORTED BY Symbol Address 

abs. value/
byte addr   word addr   name
---------   ---------   ----
00000001                $TI_capability$C5500$MemoryModel
00000001                $TI_capability_requires_rev2
00000001                __TI_args_main
00000002                $TI_capability$C5500$CallingConvention
00000100                _VECSTART
00000108                nmi
00000110                int0
00000118                int1
00000120                int2
00000128                int3
00000130                int4
00000138                int5
00000140                int6
00000148                int7
00000150                int8
00000158                int9
00000160                int10
00000168                int11
00000170                int12
00000178                int13
00000180                int14
00000188                int15
00000190                int16
00000198                int17
000001a0                int18
000001a8                int19
000001b0                int20
000001b8                int21
000001c0                int22
000001c8                int23
000001d0                int24
000001d8                int25
000001e0                int26
000001e8                int27
000001f0                int28
000001f8                int29
            00000100    __stack
000003e8                __STACK_SIZE
000003e8                __SYSSTACK_SIZE
            000002f4    __STACK_END
            000002f4    __sysstack
            000004e8    _CSL_SysData
            00000508    _CSL_TimerData
00000a28                _Reset
            00002000    .bss
            00002000    .data
            00002000    ___bss__
            00002000    ___data__
            00002000    ___edata__
            00002000    _timCfg0
            00002000    edata
            00002003    _eventId0
            00002004    _mhTimer0
            00002005    _timer0_cnt
            00002006    _old_intm
            00002007    _tim_val
            00002008    _xfchange
            0000200a    __lock
            0000200c    __unlock
            0000200e    __cleanup_ptr
            00002010    __dtors_ptr
            00002012    ___end__
            00002012    end
            00008000    ___cinit__
            00008000    cinit
00014000                .text
00014000                _TIMER_reset
00014000                ___text__
000140f5                _main
00014181                _TIMER_open
0001421b                _IRQ_plug
000142a4                _auto_init
0001430f                _timer0Isr
0001436c                _IRQ_enable
000143be                _c_int00
0001440a                _TIMER_config
00014455                __args_main
00014495                _IRQ_clear
000144ce                _exit
00014506                _IRQ_setVecs
00014531                _TIMER_start
0001454e                __register_unlock
00014555                __register_lock
0001455c                __nop
0001455e                _IRQ_globalDisable
0001456b                _IRQ_globalEnable
00014578                _CSL_init
00014584                _IRQ_globalRestore
00014590                __CSL_init
0001459b                _abort
0001459c                C$$EXIT
000145a2                _CSL5509_LIB_
000145a6                no_isr
000145a9                ___etext__
000145a9                etext
ffffffff                ___binit__
ffffffff                ___c_args__
ffffffff                ___pinit__
ffffffff                binit
ffffffff                pinit

[100 symbols]
