******************************************************************************
         TMS320C55x COFF Linker PC Version 2.56                
******************************************************************************
>> Linked Tue Feb 03 15:25:51 2004

OUTPUT FILE NAME:   <./Debug/timer.out>
ENTRY POINT SYMBOL: "_c_int00"  address: 00014575


MEMORY CONFIGURATION

                  name            origin    length      used    attr    fill
                                 (bytes)   (bytes)    (bytes)
         ----------------------  --------  ---------  --------  ----  --------
         MMR                     00000000   000000c0  00000000  RWIX
         SPRAM                   000000c0   00000040  00000000  RWIX
         VECS                    00000100   00000100  00000100  RWIX
         DARAM0                  00000200   00003e00  00000828  RWIX
         DARAM1                  00004000   00004000  000000a8  RWIX
         DARAM2                  00008000   00004000  00000000  RWIX
         DARAM3                  0000c000   00004000  00000000  RWIX
         SARAM0                  00010000   00004000  000000b2  RWIX
         SARAM1                  00014000   00008000  000005d5  RWIX
         SARAM3                  0001c000   00004000  00000000  RWIX
         SARAM4                  00020000   00004000  00000000  RWIX
         SARAM5                  00024000   00004000  00000000  RWIX
         SARAM6                  00028000   00004000  00000000  RWIX
         SARAM7                  0002c000   00004000  00000000  RWIX
         SARAM8                  00030000   00004000  00000000  RWIX
         SARAM9                  00034000   00004000  00000000  RWIX
         SARAM10                 00038000   00004000  00000000  RWIX
         SARAM11                 0003c000   00004000  00000000  RWIX
         SARAM12                 00040000   00004000  00000000  RWIX
         SARAM13                 00044000   00004000  00000000  RWIX
         SARAM14                 00048000   00004000  00000000  RWIX
         SARAM15                 0004c000   00004000  00000000  RWIX
         CE0                     00050000   003b0000  00000000  RWIX
         CE1                     00400000   00400000  00000000  RWIX
         CE2                     00800000   00400000  00000000  RWIX
         CE3                     00c00000   003f8000  00000000  RWIX
         PDROM                   00ff8000   00007f00  00000000  RWIX


SECTION ALLOCATION MAP
(Addresses surrounded by []'s are displayed for convenience only!)

output                                                          attributes/
section   page  orgn(bytes) orgn(words) len(bytes) len(words)   input sections
--------  ----  ----------- ----------- ---------- ----------   --------------
.vectors     0     00000100  [ 00000080 ] 00000100          *   
                   00000100  [ 00000080 ] 00000100          *   vectors.obj (.vectors)

dmaMem       0   [ 00000200 ]  00000100          *   00000000   UNINITIALIZED

.stack       0   [ 00000200 ]  00000100          *   000001f4   UNINITIALIZED

.sysstack 
*            0   [ 000005e8 ]  000002f4          *   000001f4   UNINITIALIZED

.csldata     0   [ 000009d0 ]  000004e8          *   0000002c   UNINITIALIZED
                 [ 000009d0 ]  000004e8          *   00000020   csl5509.lib : csl_csldat.obj (.csldata:SYS_data)
                 [ 00000a10 ]  00000508          *   0000000c               : csl_timdat.obj (.csldata:TIMER_data)

.sysmem      0   [ 00004000 ]  00002000          *   00000000   UNINITIALIZED

.cio         0   [ 00004000 ]  00002000          *   00000000   UNINITIALIZED

.data        0   [ 00004000 ]  00002000          *   00000000   UNINITIALIZED

.const       0   [ 00004000 ]  00002000          *   00000000   UNINITIALIZED

.bss         0   [ 00004000 ]  00002000          *   00000054   UNINITIALIZED
                 [ 00004000 ]  00002000          *   00000046   rts55.lib : exit.obj (.bss)
                 [ 0000408c ]  00002046          *   00000009   timer.obj (.bss)
                 [ 000040a0 ]  00002050          *   00000004   rts55.lib : _lock.obj (.bss)

.cinit       0   [ 00010000 ]  00008000          *   00000059   
                 [ 00010000 ]  00008000          *   00000023   csl5509.lib : csl_csldat.obj (.cinit)
                 [ 00010046 ]  00008023          *   0000000f               : csl_timdat.obj (.cinit)
                 [ 00010064 ]  00008032          *   0000000e   timer.obj (.cinit)
                 [ 00010080 ]  00008040          *   0000000e   rts55.lib : exit.obj (.cinit)
                 [ 0001009c ]  0000804e          *   0000000a             : _lock.obj (.cinit)
                 [ 000100b0 ]  00008058          *   00000001   --HOLE-- [fill = 0]

.text        0     00014000  [ 0000a000 ] 000005d5          *   
                   00014000  [ 0000a000 ] 00000108          *   timer.obj (.text)
                   00014108  [ 0000a084 ] 000000ed          *   csl5509.lib : tim_rstt.obj (.text:TIMER_reset)
                   000141f5  [ 0000a0fa+] 00000002          *   vectors.obj (.text)
                   000141f7  [ 0000a0fb+] 00000001          *   --HOLE-- [fill = 20]
                   000141f8  [ 0000a0fc ] 00000097          *   csl5509.lib : tim_open.obj (.text:Timer_open)
                   0001428f  [ 0000a147+] 00000001          *   --HOLE-- [fill = 20]
                   00014290  [ 0000a148 ] 00000058          *               : irq_enab.obj (.text:IRQ_enable)
                   000142e8  [ 0000a174 ] 0000004b          *               : tim_cfg.obj (.text:TIMER_config)
                   00014333  [ 0000a199+] 00000001          *   --HOLE-- [fill = 20]
                   00014334  [ 0000a19a ] 00000039          *               : irq_clear.obj (.text:IRQ_clear)
                   0001436d  [ 0000a1b6+] 00000003          *   --HOLE-- [fill = 20]
                   00014370  [ 0000a1b8 ] 0000002b          *               : irq_setvecs.obj (.text:IRQ_setVecs)
                   0001439b  [ 0000a1cd+] 00000001          *   --HOLE-- [fill = 20]
                   0001439c  [ 0000a1ce ] 0000001d          *               : tim_start.obj (.text:TIMER_start)
                   000143b9  [ 0000a1dc+] 00000003          *   --HOLE-- [fill = 20]
                   000143bc  [ 0000a1de ] 0000000d          *               : irq_genab.obj (.text:IRQ_globalEnable)
                   000143c9  [ 0000a1e4+] 00000003          *   --HOLE-- [fill = 20]
                   000143cc  [ 0000a1e6 ] 0000000d          *               : irq_gdisab.obj (.text:IRQ_globalDisable)
                   000143d9  [ 0000a1ec+] 00000003          *   --HOLE-- [fill = 20]
                   000143dc  [ 0000a1ee ] 0000000c          *               : irq_grest.obj (.text:IRQ_globalRestore)
                   000143e8  [ 0000a1f4 ] 0000000c          *               : csl.obj (.text:CSL_init)
                   000143f4  [ 0000a1fa ] 0000000b          *               : _csl_init.obj (.text:_CSL_init)
                   000143ff  [ 0000a1ff+] 00000001          *   --HOLE-- [fill = 20]
                   00014400  [ 0000a200 ] 00000002          *               : csl.obj (.text)
                   00014402  [ 0000a201 ] 00000099          *   rts55.lib : exit.obj (.text)
                   0001449b  [ 0000a24d+] 0000006f          *   csl5509.lib : irq_pluga.obj (.text)
                   0001450a  [ 0000a285 ] 0000006b          *   rts55.lib : autoinit.obj (.text)
                   00014575  [ 0000a2ba+] 00000048          *             : boot.obj (.text)
                   000145bd  [ 0000a2de+] 00000010          *             : _lock.obj (.text)
                   000145cd  [ 0000a2e6+] 00000007          *             : exit.obj (.text:CIO_breakpoint)
                   000145d4  [ 0000a2ea ] 00000001          *   --HOLE-- [fill = 20]


GLOBAL SYMBOLS: SORTED ALPHABETICALLY BY Name 

abs. value/
byte addr   word addr   name
---------   ---------   ----
            00002000    .bss
            00002000    .data
00014000                .text
000145ce                C$$EXIT
00014400                _CSL5509_LIB_
            000004e8    _CSL_SysData
            00000508    _CSL_TimerData
000143e8                _CSL_init
00014334                _IRQ_clear
00014290                _IRQ_enable
000143cc                _IRQ_globalDisable
000143bc                _IRQ_globalEnable
000143dc                _IRQ_globalRestore
0001449b                _IRQ_plug
00014370                _IRQ_setVecs
000142e8                _TIMER_config
000141f8                _TIMER_open
00014108                _TIMER_reset
0001439c                _TIMER_start
00000100                _VECSTART
000143f4                __CSL_init
000003e8                __STACK_SIZE
000003e8                __SYSSTACK_SIZE
            00002000    ___bss__
            00008000    ___cinit__
            00002000    ___data__
            00002000    ___edata__
            00002054    ___end__
000145d5                ___etext__
ffffffff                ___pinit__
00014000                ___text__
            00002042    __cleanup_ptr
            00002044    __dtors_ptr
            00002050    __lock
000145bd                __nop
000145bf                __register_lock
000145c6                __register_unlock
            00000100    __stack
            000002f4    __sysstack
            00002052    __unlock
000145cd                _abort
00014451                _atexit
0001450a                _auto_init
00014575                _c_int00
            00002049    _eventId0
00014402                _exit
00014010                _main
            0000204a    _mhTimer0
            0000204c    _old_intm
            00002046    _timCfg0
            0000204d    _tim_val
00014094                _timer0Isr
            0000204b    _timer0_cnt
            0000204e    _xfchange
            00008000    cinit
            00002000    edata
            00002054    end
000145d5                etext
00000110                int0
00000118                int1
00000160                int10
00000168                int11
00000170                int12
00000178                int13
00000180                int14
00000188                int15
00000190                int16
00000198                int17
000001a0                int18
000001a8                int19
00000120                int2
000001b0                int20
000001b8                int21
000001c0                int22
000001c8                int23
000001d0                int24
000001d8                int25
000001e0                int26
000001e8                int27
000001f0                int28
000001f8                int29
00000128                int3
00000130                int4
00000138                int5
00000140                int6
00000148                int7
00000150                int8
00000158                int9
00000108                nmi
000141f5                no_isr
ffffffff                pinit


GLOBAL SYMBOLS: SORTED BY Symbol Address 

abs. value/
byte addr   word addr   name
---------   ---------   ----
00000100                _VECSTART
00000108                nmi
00000110                int0
00000118                int1
00000120                int2
00000128                int3
00000130                int4
00000138                int5
00000140                int6
00000148                int7
00000150                int8
00000158                int9
00000160                int10
00000168                int11
00000170                int12
00000178                int13
00000180                int14
00000188                int15
00000190                int16
00000198                int17
000001a0                int18
000001a8                int19
000001b0                int20
000001b8                int21
000001c0                int22
000001c8                int23
000001d0                int24
000001d8                int25
000001e0                int26
000001e8                int27
000001f0                int28
000001f8                int29
            00000100    __stack
000003e8                __STACK_SIZE
000003e8                __SYSSTACK_SIZE
            000002f4    __sysstack
            000004e8    _CSL_SysData
            00000508    _CSL_TimerData
            00002000    ___edata__
            00002000    ___data__
            00002000    ___bss__
            00002000    .data
            00002000    edata
            00002000    .bss
            00002042    __cleanup_ptr
            00002044    __dtors_ptr
            00002046    _timCfg0
            00002049    _eventId0
            0000204a    _mhTimer0
            0000204b    _timer0_cnt
            0000204c    _old_intm
            0000204d    _tim_val
            0000204e    _xfchange
            00002050    __lock
            00002052    __unlock
            00002054    end
            00002054    ___end__
            00008000    ___cinit__
            00008000    cinit
00014000                .text
00014000                ___text__
00014010                _main
00014094                _timer0Isr
00014108                _TIMER_reset
000141f5                no_isr
000141f8                _TIMER_open
00014290                _IRQ_enable
000142e8                _TIMER_config
00014334                _IRQ_clear
00014370                _IRQ_setVecs
0001439c                _TIMER_start
000143bc                _IRQ_globalEnable
000143cc                _IRQ_globalDisable
000143dc                _IRQ_globalRestore
000143e8                _CSL_init
000143f4                __CSL_init
00014400                _CSL5509_LIB_
00014402                _exit
00014451                _atexit
0001449b                _IRQ_plug
0001450a                _auto_init
00014575                _c_int00
000145bd                __nop
000145bf                __register_lock
000145c6                __register_unlock
000145cd                _abort
000145ce                C$$EXIT
000145d5                etext
000145d5                ___etext__
ffffffff                pinit
ffffffff                ___pinit__

[91 symbols]
