******************************************************************************
              TMS320C55x Linker PC v4.4.1                      
******************************************************************************
>> Linked Mon Jun 12 22:09:51 2023

OUTPUT FILE NAME:   <Pro0208_SINE.out>
ENTRY POINT SYMBOL: "_c_int00"  address: 000151aa


MEMORY CONFIGURATION

         name            origin    length      used     unused   attr    fill
                        (bytes)   (bytes)    (bytes)   (bytes)
----------------------  --------  ---------  --------  --------  ----  --------
  MMR                   00000000   000000c0  00000000  000000c0  RWIX
  SPRAM                 000000c0   00000040  00000000  00000040  RWIX
  VECS                  00000100   00000100  00000100  00000000  RWIX
  DARAM0                00000200   00003e00  00000444  000039bc  RWIX
  DARAM1                00004000   00004000  00001034  00002fcc  RWIX
  DARAM2                00008000   00004000  00000000  00004000  RWIX
  DARAM3                0000c000   00004000  00000000  00004000  RWIX
  SARAM0                00010000   00004000  00000098  00003f68  RWIX
  SARAM1                00014000   00008000  00001288  00006d78  RWIX
  SARAM3                0001c000   00004000  00000000  00004000  RWIX
  SARAM4                00020000   00004000  00000000  00004000  RWIX
  SARAM5                00024000   00004000  00000000  00004000  RWIX
  SARAM6                00028000   00004000  00000000  00004000  RWIX
  SARAM7                0002c000   00004000  00000000  00004000  RWIX
  SARAM8                00030000   00004000  00000000  00004000  RWIX
  SARAM9                00034000   00004000  00000000  00004000  RWIX
  SARAM10               00038000   00004000  00000000  00004000  RWIX
  SARAM11               0003c000   00004000  00000000  00004000  RWIX
  SARAM12               00040000   00004000  00000000  00004000  RWIX
  SARAM13               00044000   00004000  00000000  00004000  RWIX
  SARAM14               00048000   00004000  00000000  00004000  RWIX
  SARAM15               0004c000   00004000  00000000  00004000  RWIX
  CE0                   00050000   003b0000  00000000  003b0000  RWIX
  CE1                   00400000   00400000  00000000  00400000  RWIX
  CE2                   00800000   00400000  00000000  00400000  RWIX
  CE3                   00c00000   003f8000  00000000  003f8000  RWIX
  PDROM                 00ff8000   00007f00  00000000  00007f00  RWIX


SECTION ALLOCATION MAP
(Addresses surrounded by []'s are displayed for convenience only!)

output                                                          attributes/
section   page  orgn(bytes) orgn(words) len(bytes) len(words)   input sections
--------  ----  ----------- ----------- ---------- ----------   --------------
vectors      0     00000100  [ 00000080 ] 00000100          *   
                   00000100  [ 00000080 ] 00000100          *   rts55x.lib : vectors.obj (vectors)

.stack       0   [ 00000200 ]  00000100          *   00000100   UNINITIALIZED
                 [ 00000200 ]  00000100          *   00000100   --HOLE--

.sysstack 
*            0   [ 00000400 ]  00000200          *   00000100   UNINITIALIZED
                 [ 00000400 ]  00000200          *   00000100   --HOLE--

.csldata     0   [ 00000600 ]  00000300          *   00000022   UNINITIALIZED
                 [ 00000600 ]  00000300          *   00000022   csl5509ax.lib : csl_csldat.obj (.csldata:SYS_data)

.data        0   [ 00004000 ]  00002000          *   00000000   UNINITIALIZED

.bss         0   [ 00004000 ]  00002000          *   000007e4   UNINITIALIZED
                 [ 00004000 ]  00002000          *   000007d4   sine.obj (.bss)
                 [ 00004fa8 ]  000027d4          *   00000008   rts55x.lib : sin.obj (.bss)
                 [ 00004fb8 ]  000027dc          *   00000004              : _lock.obj (.bss)
                 [ 00004fc0 ]  000027e0          *   00000004              : exit.obj (.bss)

.const       0   [ 00004fc8 ]  000027e4          *   00000036   
                 [ 00004fc8 ]  000027e4          *   00000014   rts55x.lib : sin.obj (.const)
                 [ 00004ff0 ]  000027f8          *   00000008              : divd.obj (.const:_initial_approx$1)
                 [ 00005000 ]  00002800          *   00000008              : round.obj (.const)
                 [ 00005010 ]  00002808          *   00000006              : modf.obj (.const)
                 [ 0000501c ]  0000280e          *   00000004              : trunc.obj (.const)
                 [ 00005024 ]  00002812          *   00000004   sine.obj (.const)
                 [ 0000502c ]  00002816          *   00000002   rts55x.lib : fltlid.obj (.const)
                 [ 00005030 ]  00002818          *   00000002              : fltuld.obj (.const)

.cinit       0   [ 00010000 ]  00008000          *   0000004c   
                 [ 00010000 ]  00008000          *   00000025   csl5509ax.lib : csl_csldat.obj (.cinit)
                 [ 0001004a ]  00008025          *   0000000b   rts55x.lib : sin.obj (.cinit)
                 [ 00010060 ]  00008030          *   0000000a              : _lock.obj (.cinit)
                 [ 00010074 ]  0000803a          *   0000000a              : exit.obj (.cinit)
                 [ 00010088 ]  00008044          *   00000007   sine.obj (.cinit)
                 [ 00010096 ]  0000804b          *   00000001   --HOLE-- [fill = 0]

.text        0     00014000  [ 0000a000 ] 00001288          *   
                   00014000  [ 0000a000 ] 000003cc          *   rts55x.lib : divd.obj (.text)
                   000143cc  [ 0000a1e6 ] 0000025a          *              : addd.obj (.text)
                   00014626  [ 0000a313 ] 000001f2          *              : sin.obj (.text)
                   00014818  [ 0000a40c ] 000001ea          *              : cmpd.obj (.text)
                   00014a02  [ 0000a501 ] 0000019c          *   sine.obj (.text)
                   00014b9e  [ 0000a5cf ] 0000014c          *   rts55x.lib : mpyd.obj (.text)
                   00014cea  [ 0000a675 ] 000000bf          *              : modf.obj (.text)
                   00014da9  [ 0000a6d4+] 00000076          *              : frcmpyd.obj (.text)
                   00014e1f  [ 0000a70f+] 00000073          *              : frcmpyd_div.obj (.text)
                   00014e92  [ 0000a749 ] 0000006f          *              : fixdli.obj (.text)
                   00014f01  [ 0000a780+] 00000002          *              : vectors.obj (.text)
                   00014f03  [ 0000a781 ] 00000001          *   --HOLE-- [fill = 20]
                   00014f04  [ 0000a782 ] 0000006e          *   csl5509ax.lib : pll_cfg.obj (.text:PLL_config)
                   00014f72  [ 0000a7b9 ] 00000067          *   rts55x.lib : fltlid.obj (.text)
                   00014fd9  [ 0000a7ec+] 0000005f          *              : round.obj (.text)
                   00015038  [ 0000a81c ] 0000005b          *              : fltuld.obj (.text)
                   00015093  [ 0000a849+] 0000004d          *              : autoinit.obj (.text)
                   000150e0  [ 0000a870 ] 0000004b          *              : args_main.obj (.text)
                   0001512b  [ 0000a895+] 00000041          *              : trunc.obj (.text)
                   0001516c  [ 0000a8b6 ] 0000003e          *              : exit.obj (.text)
                   000151aa  [ 0000a8d5 ] 00000034          *              : boot.obj (.text)
                   000151de  [ 0000a8ef ] 0000002a          *              : fixdi.obj (.text)
                   00015208  [ 0000a904 ] 00000014          *              : subd.obj (.text)
                   0001521c  [ 0000a90e ] 00000013          *              : lmpy.obj (.text)
                   0001522f  [ 0000a917+] 00000012          *              : _lock.obj (.text)
                   00015241  [ 0000a920+] 00000010          *              : negd.obj (.text)
                   00015251  [ 0000a928 ] 00000003          *   --HOLE-- [fill = 20]
                   00015254  [ 0000a92a ] 0000000d          *   csl5509ax.lib : _csl_init.obj (.text:_CSL_init)
                   00015261  [ 0000a930 ] 00000003          *   --HOLE-- [fill = 20]
                   00015264  [ 0000a932 ] 0000000c          *                 : csl.obj (.text:CSL_init)
                   00015270  [ 0000a938 ] 0000000c          *   rts55x.lib : fltid.obj (.text)
                   0001527c  [ 0000a93e ] 00000007          *              : exit.obj (.text:CIO_breakpoint)
                   00015283  [ 0000a941 ] 00000001          *   --HOLE-- [fill = 20]
                   00015284  [ 0000a942 ] 00000002          *   csl5509ax.lib : csl.obj (.text)
                   00015286  [ 0000a943 ] 00000002          *   --HOLE-- [fill = 20]


GLOBAL SYMBOLS: SORTED ALPHABETICALLY BY Name 

abs. value/
byte addr   word addr   name
---------   ---------   ----
00000002                $TI_capability$C5500$CallingConvention
00000002                $TI_capability$C5500$MemoryModel
00000001                $TI_capability_requires_rev2
            00002000    .bss
            00002000    .data
00014000                .text
0001527d                C$$EXIT
0001521c                I$$LMPY
00015284                _CSL5509A_LIB_
            00000300    _CSL_SysData
00015264                _CSL_init
00014f04                _PLL_config
00000100                _Reset
00014b03                _SDRAM_init
00015254                __CSL_init
            00000200    __STACK_END
00000200                __STACK_SIZE
00000200                __SYSSTACK_SIZE
00000001                __TI_args_main
ffffffff                ___binit__
            00002000    ___bss__
ffffffff                ___c_args__
            00008000    ___cinit__
            00002000    ___data__
            00002000    ___edata__
            000027e4    ___end__
00015288                ___etext__
ffffffff                ___pinit__
00014000                ___text__
000143cc                __addd
000150e0                __args_main
            000027e0    __cleanup_ptr
000149aa                __cmpd
00014000                __divd
            000027e2    __dtors_ptr
00014976                __eqld
000151de                __fixdi
00014e92                __fixdli
00015270                __fltid
00014f72                __fltlid
00015038                __fltuld
00014da9                __frcmpyd
00014e1f                __frcmpyd_div
0001492c                __geqd
000148e1                __gtrd
00014894                __leqd
            000027dc    __lock
0001484c                __lssd
00014b9e                __mpyd
0001521c                __mpyli
00015241                __negd
00014818                __neqd
0001523f                __nop
00014fd9                __nround
00015237                __register_lock
0001522f                __register_unlock
            00000100    __stack
00015208                __subd
            00000200    __sysstack
0001512b                __trunc
            000027de    __unlock
0001527c                _abort
00015093                _auto_init
000151aa                _c_int00
0001516c                _exit
00014acf                _main
00014cea                _modf
            000027d0    _myConfig
            00002000    _nSine
00014626                _sin
00014b7c                _wait
ffffffff                binit
            00008000    cinit
            00002000    edata
            000027e4    end
00015288                etext
ffffffff                pinit


GLOBAL SYMBOLS: SORTED BY Symbol Address 

abs. value/
byte addr   word addr   name
---------   ---------   ----
00000001                $TI_capability_requires_rev2
00000001                __TI_args_main
00000002                $TI_capability$C5500$CallingConvention
00000002                $TI_capability$C5500$MemoryModel
00000100                _Reset
00000200                __STACK_SIZE
00000200                __SYSSTACK_SIZE
            00000100    __stack
            00000200    __STACK_END
            00000200    __sysstack
            00000300    _CSL_SysData
            00002000    .bss
            00002000    .data
            00002000    ___bss__
            00002000    ___data__
            00002000    ___edata__
            00002000    _nSine
            00002000    edata
            000027d0    _myConfig
            000027dc    __lock
            000027de    __unlock
            000027e0    __cleanup_ptr
            000027e2    __dtors_ptr
            000027e4    ___end__
            000027e4    end
            00008000    ___cinit__
            00008000    cinit
00014000                .text
00014000                ___text__
00014000                __divd
000143cc                __addd
00014626                _sin
00014818                __neqd
0001484c                __lssd
00014894                __leqd
000148e1                __gtrd
0001492c                __geqd
00014976                __eqld
000149aa                __cmpd
00014acf                _main
00014b03                _SDRAM_init
00014b7c                _wait
00014b9e                __mpyd
00014cea                _modf
00014da9                __frcmpyd
00014e1f                __frcmpyd_div
00014e92                __fixdli
00014f04                _PLL_config
00014f72                __fltlid
00014fd9                __nround
00015038                __fltuld
00015093                _auto_init
000150e0                __args_main
0001512b                __trunc
0001516c                _exit
000151aa                _c_int00
000151de                __fixdi
00015208                __subd
0001521c                I$$LMPY
0001521c                __mpyli
0001522f                __register_unlock
00015237                __register_lock
0001523f                __nop
00015241                __negd
00015254                __CSL_init
00015264                _CSL_init
00015270                __fltid
0001527c                _abort
0001527d                C$$EXIT
00015284                _CSL5509A_LIB_
00015288                ___etext__
00015288                etext
ffffffff                ___binit__
ffffffff                ___c_args__
ffffffff                ___pinit__
ffffffff                binit
ffffffff                pinit

[77 symbols]
