******************************************************************************
              TMS320C55x Linker PC v4.4.0                      
******************************************************************************
>> Linked Sun Apr 05 18:36:12 2015

OUTPUT FILE NAME:   <E:/Program/DSP/VC5509A/Codec/codec/../Debug/codec.out>
ENTRY POINT SYMBOL: "_c_int00"  address: 00014eda


MEMORY CONFIGURATION

         name            origin    length      used     unused   attr    fill
                        (bytes)   (bytes)    (bytes)   (bytes)
----------------------  --------  ---------  --------  --------  ----  --------
  MMR                   00000000   000000c0  00000000  000000c0  RWIX
  SPRAM                 000000c0   00000040  00000000  00000040  RWIX
  VECS                  00000100   00000100  00000100  00000000  RWIX
  DARAM0                00000200   00003e00  000008e0  00003520  RWIX
  DARAM1                00004000   00004000  000000f4  00003f0c  RWIX
  DARAM2                00008000   00004000  00000000  00004000  RWIX
  DARAM3                0000c000   00004000  00000000  00004000  RWIX
  SARAM0                00010000   00004000  00000212  00003dee  RWIX
  SARAM1                00014000   00005000  00000f98  00004068  RWIX
  SARAM2                00019000   00003000  00000000  00003000  RWIX
  SARAM3                0001c000   00004000  00000000  00004000  RWIX
  SARAM4                00020000   00004000  00000000  00004000  RWIX
  SARAM5                00024000   00004000  00000000  00004000  RWIX
  SARAM6                00028000   00004000  00000000  00004000  RWIX
  SARAM7                0002c000   00004000  00000000  00004000  RWIX
  SARAM8                00030000   00004000  00000000  00004000  RWIX
  SARAM9                00034000   00004000  00000000  00004000  RWIX
  SARAM10               00038000   00004000  00000000  00004000  RWIX
  SARAM11               0003c000   00004000  00000000  00004000  RWIX
  SARAM12               00040000   00004000  00000000  00004000  RWIX
  SARAM13               00044000   00004000  00000000  00004000  RWIX
  SARAM14               00048000   00004000  00000000  00004000  RWIX
  SARAM15               0004c000   00004000  00000000  00004000  RWIX
  CE0                   00050000   003b0000  00000000  003b0000  RWIX
  CE1                   00400000   00400000  00000000  00400000  RWIX
  CE2                   00800000   00400000  00000000  00400000  RWIX
  CE3                   00c00000   003f8000  00000000  003f8000  RWIX
  PDROM                 00ff8000   00007f00  00000000  00007f00  RWIX


SECTION ALLOCATION MAP
(Addresses surrounded by []'s are displayed for convenience only!)

output                                                          attributes/
section   page  orgn(bytes) orgn(words) len(bytes) len(words)   input sections
--------  ----  ----------- ----------- ---------- ----------   --------------
vectors      0     00000100  [ 00000080 ] 00000100          *   
                   00000100  [ 00000080 ] 00000100          *   rts55x.lib : vectors.obj (vectors)

.stack       0   [ 00000200 ]  00000100          *   000001f4   UNINITIALIZED
                 [ 00000200 ]  00000100          *   000001f4   --HOLE--

.sysstack 
*            0   [ 000005e8 ]  000002f4          *   000001f4   UNINITIALIZED
                 [ 000005e8 ]  000002f4          *   000001f4   --HOLE--

.csldata     0   [ 000009d0 ]  000004e8          *   00000088   UNINITIALIZED
                 [ 000009d0 ]  000004e8          *   00000066   csl5509ax.lib : csl_mcbspdat.obj (.csldata:MCBSP_data)
                 [ 00000a9c ]  0000054e          *   00000022                 : csl_csldat.obj (.csldata:SYS_data)

.data        0   [ 00004000 ]  00002000          *   00000000   UNINITIALIZED

.bss         0   [ 00004000 ]  00002000          *   00000070   UNINITIALIZED
                 [ 00004000 ]  00002000          *   00000067   codec.obj (.bss)
                 [ 000040ce ]  00002067          *   00000001   --HOLE--
                 [ 000040d0 ]  00002068          *   00000004   rts55x.lib : _lock.obj (.bss)
                 [ 000040d8 ]  0000206c          *   00000004              : exit.obj (.bss)

.const       0   [ 000040e0 ]  00002070          *   0000000a   
                 [ 000040e0 ]  00002070          *   0000000a   codec.obj (.const:_$P$T0$1)

.cinit       0   [ 00010000 ]  00008000          *   00000109   
                 [ 00010000 ]  00008000          *   00000069   csl5509ax.lib : csl_mcbspdat.obj (.cinit)
                 [ 000100d2 ]  00008069          *   00000066   codec.obj (.cinit)
                 [ 0001019e ]  000080cf          *   00000025   csl5509ax.lib : csl_csldat.obj (.cinit)
                 [ 000101e8 ]  000080f4          *   0000000a   rts55x.lib : _lock.obj (.cinit)
                 [ 000101fc ]  000080fe          *   0000000a              : exit.obj (.cinit)
                 [ 00010210 ]  00008108          *   00000001   --HOLE-- [fill = 0]

.text        0     00014000  [ 0000a000 ] 00000f98          *   
                   00014000  [ 0000a000 ] 000004a9          *   codec.obj (.text)
                   000144a9  [ 0000a254+] 00000279          *   csl5509ax.lib : mcbsp_rst.obj (.text:MCBSP_reset)
                   00014722  [ 0000a391 ] 000001af          *                 : i2c_write.obj (.text:I2C_write)
                   000148d1  [ 0000a468+] 00000130          *                 : mcbsp_cfg.obj (.text:MCBSP_config)
                   00014a01  [ 0000a500+] 00000130          *                 : mcbsp_gcfg.obj (.text:MCBSP_getCOnfig)
                   00014b31  [ 0000a598+] 00000115          *                 : mcbsp_open.obj (.text:MCBSP_open)
                   00014c46  [ 0000a623 ] 0000007e          *                 : mcbsp_start.obj (.text:MCBSP_start)
                   00014cc4  [ 0000a662 ] 00000072          *                 : i2c_gcfg.obj (.text:I2C_getConfig)
                   00014d36  [ 0000a69b ] 0000006a          *                 : i2c_setup.obj (.text:I2C_setup)
                   00014da0  [ 0000a6d0 ] 00000064          *                 : pll_cfg.obj (.text:PLL_config)
                   00014e04  [ 0000a702 ] 0000004d          *   rts55x.lib : autoinit.obj (.text)
                   00014e51  [ 0000a728+] 0000004b          *              : args_main.obj (.text)
                   00014e9c  [ 0000a74e ] 0000003e          *              : exit.obj (.text)
                   00014eda  [ 0000a76d ] 00000034          *              : boot.obj (.text)
                   00014f0e  [ 0000a787 ] 0000002a          *              : udiv.obj (.text)
                   00014f38  [ 0000a79c ] 00000012          *              : _lock.obj (.text)
                   00014f4a  [ 0000a7a5 ] 0000000f          *   csl5509ax.lib : irq_gdisab.obj (.text:IRQ_globalDisable)
                   00014f59  [ 0000a7ac+] 0000000d          *                 : _csl_init.obj (.text:_CSL_init)
                   00014f66  [ 0000a7b3 ] 0000000c          *                 : csl.obj (.text:CSL_init)
                   00014f72  [ 0000a7b9 ] 0000000c          *                 : irq_grest.obj (.text:IRQ_globalRestore)
                   00014f7e  [ 0000a7bf ] 00000007          *   rts55x.lib : exit.obj (.text:CIO_breakpoint)
                   00014f85  [ 0000a7c2+] 00000007          *   csl5509ax.lib : mcbsp_r16.obj (.text:MCBSP_read16)
                   00014f8c  [ 0000a7c6 ] 00000007          *                 : mcbsp_w16.obj (.text:MCBSP_write16)
                   00014f93  [ 0000a7c9+] 00000002          *                 : csl.obj (.text)
                   00014f95  [ 0000a7ca+] 00000002          *   rts55x.lib : vectors.obj (.text)
                   00014f97  [ 0000a7cb ] 00000001          *   --HOLE-- [fill = 20]


GLOBAL SYMBOLS: SORTED ALPHABETICALLY BY Name 

abs. value/
byte addr   word addr   name
---------   ---------   ----
00000002                $TI_capability$C5500$CallingConvention
00000002                $TI_capability$C5500$MemoryModel
00000001                $TI_capability_requires_rev2
            00002000    .bss
            00002000    .data
00014000                .text
00014f7f                C$$EXIT
00014f0e                I$$UDIV
00014f23                I$$UMOD
00014f93                _CSL5509A_LIB_
            000004e8    _CSL_McbspData
            0000054e    _CSL_SysData
00014f66                _CSL_init
0001430f                _Delay
00014cc4                _I2C_getConfig
00014d36                _I2C_setup
00014722                _I2C_write
            0000203b    _I2Cinit
00014f4a                _IRQ_globalDisable
00014f72                _IRQ_globalRestore
000148d1                _MCBSP_config
00014a01                _MCBSP_getConfig
00014b31                _MCBSP_open
00014f85                _MCBSP_read16
000144a9                _MCBSP_reset
00014c46                _MCBSP_start
00014f8c                _MCBSP_write16
            00002020    _Mcbsp1Config
            00002005    _Mcbsptest
00014da0                _PLL_config
00000100                _Reset
00014f59                __CSL_init
            000002f4    __STACK_END
000003e8                __STACK_SIZE
000003e8                __SYSSTACK_SIZE
00000001                __TI_args_main
ffffffff                ___binit__
            00002000    ___bss__
ffffffff                ___c_args__
            00008000    ___cinit__
            00002000    ___data__
            00002000    ___edata__
            00002070    ___end__
00014f98                ___etext__
ffffffff                ___pinit__
00014000                ___text__
00014e51                __args_main
            0000206c    __cleanup_ptr
00014f0e                __divu
            0000206e    __dtors_ptr
            00002068    __lock
00014f48                __nop
00014f40                __register_lock
00014f38                __register_unlock
00014f23                __remu
            00000100    __stack
            000002f4    __sysstack
            0000206a    __unlock
00014f7e                _abort
            00002054    _analog_aduio_path_control
00014e04                _auto_init
00014eda                _c_int00
00014010                _delay
            0000204c    _digital_audio_inteface_format
            00002056    _digital_audio_path_control
            00002058    _digital_interface_activation
00014e9c                _exit
            00002062    _hMcbsp
            00002065    _i
            00002064    _i2c_status
            0000205e    _left_headphone_volume_control
            0000205a    _left_line_input_volume_control
00014032                _main
            00002000    _myConfig
            00002004    _play_mode
            00002052    _power_down_control
            00002050    _reset
            00002060    _right_headphone_volume_control
            0000205c    _right_line_input_volume_control
            0000204e    _sample_rate_control
00014358                _scan_keyboard
            00002066    _temp
            00002042    _testI2C
ffffffff                binit
            00008000    cinit
            00002000    edata
            00002070    end
00014f98                etext
ffffffff                pinit


GLOBAL SYMBOLS: SORTED BY Symbol Address 

abs. value/
byte addr   word addr   name
---------   ---------   ----
00000001                $TI_capability_requires_rev2
00000001                __TI_args_main
00000002                $TI_capability$C5500$CallingConvention
00000002                $TI_capability$C5500$MemoryModel
00000100                _Reset
            00000100    __stack
000003e8                __STACK_SIZE
000003e8                __SYSSTACK_SIZE
            000002f4    __STACK_END
            000002f4    __sysstack
            000004e8    _CSL_McbspData
            0000054e    _CSL_SysData
            00002000    .bss
            00002000    .data
            00002000    ___bss__
            00002000    ___data__
            00002000    ___edata__
            00002000    _myConfig
            00002000    edata
            00002004    _play_mode
            00002005    _Mcbsptest
            00002020    _Mcbsp1Config
            0000203b    _I2Cinit
            00002042    _testI2C
            0000204c    _digital_audio_inteface_format
            0000204e    _sample_rate_control
            00002050    _reset
            00002052    _power_down_control
            00002054    _analog_aduio_path_control
            00002056    _digital_audio_path_control
            00002058    _digital_interface_activation
            0000205a    _left_line_input_volume_control
            0000205c    _right_line_input_volume_control
            0000205e    _left_headphone_volume_control
            00002060    _right_headphone_volume_control
            00002062    _hMcbsp
            00002064    _i2c_status
            00002065    _i
            00002066    _temp
            00002068    __lock
            0000206a    __unlock
            0000206c    __cleanup_ptr
            0000206e    __dtors_ptr
            00002070    ___end__
            00002070    end
            00008000    ___cinit__
            00008000    cinit
00014000                .text
00014000                ___text__
00014010                _delay
00014032                _main
0001430f                _Delay
00014358                _scan_keyboard
000144a9                _MCBSP_reset
00014722                _I2C_write
000148d1                _MCBSP_config
00014a01                _MCBSP_getConfig
00014b31                _MCBSP_open
00014c46                _MCBSP_start
00014cc4                _I2C_getConfig
00014d36                _I2C_setup
00014da0                _PLL_config
00014e04                _auto_init
00014e51                __args_main
00014e9c                _exit
00014eda                _c_int00
00014f0e                I$$UDIV
00014f0e                __divu
00014f23                I$$UMOD
00014f23                __remu
00014f38                __register_unlock
00014f40                __register_lock
00014f48                __nop
00014f4a                _IRQ_globalDisable
00014f59                __CSL_init
00014f66                _CSL_init
00014f72                _IRQ_globalRestore
00014f7e                _abort
00014f7f                C$$EXIT
00014f85                _MCBSP_read16
00014f8c                _MCBSP_write16
00014f93                _CSL5509A_LIB_
00014f98                ___etext__
00014f98                etext
ffffffff                ___binit__
ffffffff                ___c_args__
ffffffff                ___pinit__
ffffffff                binit
ffffffff                pinit

[89 symbols]
