******************************************************************************
              TMS320C55x Linker PC v4.4.1                      
******************************************************************************
>> Linked Wed Sep 13 16:55:11 2017

OUTPUT FILE NAME:   <c55AudioDemo.out>
ENTRY POINT SYMBOL: "_c_int00"  address: 0004bbc7


MEMORY CONFIGURATION

         name            origin    length      used     unused   attr    fill
                        (bytes)   (bytes)    (bytes)   (bytes)
----------------------  --------  ---------  --------  --------  ----  --------
  DARAM                 000000c0   0000fe40  0000e8fa  00001546  RWIX
  VECT                  0000ff00   00000100  00000100  00000000  RWIX
  SARAM                 00010000   0003e000  0003c5be  00001a42  RWIX
  SARAM31               0004e000   00002000  00000000  00002000  RWIX
  SRAM                  00050000   007b0000  00000000  007b0000  RWIX
  NOR                   00800000   00400000  00000000  00400000  RWIX
  NAND                  00e00000   00100000  00000000  00100000  RWIX
  Char_ROM              00fe0000   00000600  00000600  00000000  RWIX


SECTION ALLOCATION MAP
(Addresses surrounded by []'s are displayed for convenience only!)

output                                                          attributes/
section   page  orgn(bytes) orgn(words) len(bytes) len(words)   input sections
--------  ----  ----------- ----------- ---------- ----------   --------------
.pinit       0   [ 00010000 ]  00008000          *   00000000   UNINITIALIZED

.vers        0   [ 00000000 ]  00000000          *   00000044   COPY SECTION
                 [ 00000000 ]  00000000          *   00000044   c55AudioDemocfg.obj (.vers)

.bss         0   [ 000000c0 ]  00000060          *   00002fb0   UNINITIALIZED
                 [ 000000c0 ]  00000060          *   00001604   audio_data_collection.obj (.bss)
                 [ 00002cc8 ]  00001664          *   00000d24   C55XXCSL_LP.lib : csl_mmcsd_ataIf.obj (.bss)
                 [ 00004710 ]  00002388          *   0000027c   audio_data_read.obj (.bss)
                 [ 00004c08 ]  00002604          *   0000018a   audio_utils.obj (.bss)
                 [ 00004f1c ]  0000278e          *   00000119   rts55h.lib : defs.obj (.bss)
                 [ 0000514e ]  000028a7          *   00000001              : errno.obj (.bss)
                 [ 00005150 ]  000028a8          *   00000118   ble_fw_upgrade.obj (.bss)
                 [ 00005380 ]  000029c0          *   00000102   sbl.obj (.bss)
                 [ 00005584 ]  00002ac2          *   000000d0   rts55h.lib : trgdrv.obj (.bss)
                 [ 00005724 ]  00002b92          *   000000a8   recognizer.obj (.bss)
                 [ 00005874 ]  00002c3a          *   0000008a   bios_NONINST.a55H : knl.o55H (.bss)
                 [ 00005988 ]  00002cc4          *   00000084   C55XXCSL_LP.lib : csl_intc.obj (.bss)
                 [ 00005a90 ]  00002d48          *   00000078   sys_state.obj (.bss)
                 [ 00005b80 ]  00002dc0          *   00000071   rts55h.lib : lowlev.obj (.bss)
                 [ 00005c62 ]  00002e31          *   00000001              : fopen.obj (.bss)
                 [ 00005c64 ]  00002e32          *   00000036   codec_config.obj (.bss)
                 [ 00005cd0 ]  00002e68          *   00000034   bios_NONINST.a55H : tsk.o55H (.bss)
                 [ 00005d38 ]  00002e9c          *   0000002a   C55XXCSL_LP.lib : csl_i2s.obj (.bss)
                 [ 00005d8c ]  00002ec6          *   00000028   bios_NONINST.a55H : tsk_stup.o55H (.bss)
                 [ 00005ddc ]  00002eee          *   00000024   C55XXCSL_LP.lib : csl_mmcsd.obj (.bss)
                 [ 00005e24 ]  00002f12          *   00000023   bios_NONINST.a55H : obj_init.o55H (.bss)
                 [ 00005e6a ]  00002f35          *   00000001   --HOLE--
                 [ 00005e6c ]  00002f36          *   0000001c   sbl_image_int.obj (.bss)
                 [ 00005ea4 ]  00002f52          *   0000001a   TIesrEngineC55.lib : load.obj (.bss)
                 [ 00005ed8 ]  00002f6c          *   00000014   bios_NONINST.a55H : sys.o55H (.bss)
                 [ 00005f00 ]  00002f80          *   00000012   C55XXCSL_LP.lib : csl_i2c.obj (.bss)
                 [ 00005f24 ]  00002f92          *   00000012   user_interface.obj (.bss)
                 [ 00005f48 ]  00002fa4          *   0000000f   c55AudioDemocfg.obj (.bss)
                 [ 00005f66 ]  00002fb3          *   00000001   --HOLE--
                 [ 00005f68 ]  00002fb4          *   0000000e   pll_control.obj (.bss)
                 [ 00005f84 ]  00002fc2          *   0000000c   bios5505.a55H : clk5505_data.o55H (.bss)
                 [ 00005f9c ]  00002fce          *   0000000b   sbl_tl.obj (.bss)
                 [ 00005fb2 ]  00002fd9          *   00000001   --HOLE--
                 [ 00005fb4 ]  00002fda          *   00000008   bios_NONINST.a55H : knl_tick.o55H (.bss)
                 [ 00005fc4 ]  00002fe2          *   00000006                     : utl_putc.o55H (.bss)
                 [ 00005fd0 ]  00002fe8          *   00000006   sys_init.obj (.bss)
                 [ 00005fdc ]  00002fee          *   00000004   atafs_bios_drv_lib.lib : ata_.obj (.bss)
                 [ 00005fe4 ]  00002ff2          *   00000004   bios_NONINST.a55H : clk_data.o55H (.bss)
                 [ 00005fec ]  00002ff6          *   00000004   gpio_control.obj (.bss)
                 [ 00005ff4 ]  00002ffa          *   00000004   rts55h.lib : _lock.obj (.bss)
                 [ 00005ffc ]  00002ffe          *   00000004              : exit.obj (.bss)
                 [ 00006004 ]  00003002          *   00000003   C55XXCSL_LP.lib : csl_spi.obj (.bss)
                 [ 0000600a ]  00003005          *   00000003                   : csl_sysctrl.obj (.bss)
                 [ 00006010 ]  00003008          *   00000002   atafs_bios_drv_lib.lib : ata_readword.obj (.bss)
                 [ 00006014 ]  0000300a          *   00000002                          : atacreate.obj (.bss)
                 [ 00006018 ]  0000300c          *   00000002   bios_NONINST.a55H : clk_data2.o55H (.bss)
                 [ 0000601c ]  0000300e          *   00000002                     : mem_asm.o55H (.bss)

.data        0   [ 000000c0 ]  00000060          *   00000000   UNINITIALIZED

.clk         0   [ 000000c0 ]  00000060          *   00000000   UNINITIALIZED

.prd         0   [ 000000c0 ]  00000060          *   00000000   UNINITIALIZED

.hst         0   [ 000000c0 ]  00000060          *   00000000   UNINITIALIZED

.pip         0   [ 000000c0 ]  00000060          *   00000000   UNINITIALIZED

.const       0   [ 00006020 ]  00003010          *   000014b5   
                 [ 00006020 ]  00003010          *   00000388   src_ti_huge.l55 : srccoef.obj (.const)
                 [ 00006730 ]  00003398          *   000001fd   audio_data_read.obj (.const:.string)
                 [ 00006b2a ]  00003595          *   00000001   TIesrEngineC55.lib : jac_one.obj (.const)
                 [ 00006b2c ]  00003596          *   000001d9   sys_state.obj (.const:.string)
                 [ 00006ede ]  0000376f          *   000001a0   TIesrEngineC55.lib : mfcc_f.obj (.const:_cosxfm26)
                 [ 0000721e ]  0000390f          *   00000180                      : mfcc_f.obj (.const:_mel_filter20)
                 [ 0000751e ]  00003a8f          *   00000180                      : mfcc_f.obj (.const:_mel_filter26)
                 [ 0000781e ]  00003c0f          *   00000101   rts55h.lib : ctype.obj (.const:__ctypes_)
                 [ 00007a20 ]  00003d10          *   00000100   TIesrEngineC55.lib : mfcc_f.obj (.const:_hw)
                 [ 00007c20 ]  00003e10          *   000000c8                      : mfcc_f.obj (.const:_cosxfm20)
                 [ 00007db0 ]  00003ed8          *   000000b5   sys_init.obj (.const:.string)
                 [ 00007f1a ]  00003f8d          *   00000080   TIesrEngineC55.lib : mfcc_f.obj (.const:_w_imag)
                 [ 0000801a ]  0000400d          *   00000080                      : mfcc_f.obj (.const:_w_real)
                 [ 0000811a ]  0000408d          *   00000001   --HOLE-- [fill = 0]
                 [ 0000811c ]  0000408e          *   0000006f   eq_ti_huge.l55 : eqcoeff.obj (.const)
                 [ 000081fa ]  000040fd          *   00000001   --HOLE-- [fill = 0]
                 [ 000081fc ]  000040fe          *   0000005a   src_ti_huge.l55 : src_ti_apply.obj (.const:_SRC_TI_Interpolators)
                 [ 000082b0 ]  00004158          *   00000051                   : src_ti_rate.obj (.const:_SRC_TI_ConversionIndex)
                 [ 00008352 ]  000041a9          *   00000001   --HOLE-- [fill = 0]
                 [ 00008354 ]  000041aa          *   0000004f   bios_NONINST.a55H : tsk_stup.o55H (.const)
                 [ 000083f2 ]  000041f9          *   00000001   --HOLE-- [fill = 0]
                 [ 000083f4 ]  000041fa          *   00000037   TIesrEngineC55.lib : load.obj (.const:.string)
                 [ 00008462 ]  00004231          *   00000001   --HOLE-- [fill = 0]
                 [ 00008464 ]  00004232          *   00000034                      : jac-estm.obj (.const:_pPriorChannelInvvar)
                 [ 000084cc ]  00004266          *   00000028   src_ti_huge.l55 : src_ti_vtable.obj (.const:_SRC_TI_ISRC)
                 [ 0000851c ]  0000428e          *   00000025   audio_utils.obj (.const:.string)
                 [ 00008566 ]  000042b3          *   00000001   --HOLE-- [fill = 0]
                 [ 00008568 ]  000042b4          *   00000024   rts55h.lib : _printfi.obj (.const:.string)
                 [ 000085b0 ]  000042d8          *   00000024   src_ti_huge.l55 : src_ti_apply.obj (.const:_SRC_TI_LowPassFilters)
                 [ 000085f8 ]  000042fc          *   00000023   bios_NONINST.a55H : utl_doab.o55H (.const)
                 [ 0000863e ]  0000431f          *   00000001   --HOLE-- [fill = 0]
                 [ 00008640 ]  00004320          *   00000022                     : utl_doer.o55H (.const)
                 [ 00008684 ]  00004342          *   00000020   eq_ti_huge.l55 : eq_ti_vtable.obj (.const:_EQ_TI_IEQ)
                 [ 000086c4 ]  00004362          *   00000019   TIesrEngineC55.lib : jac-estm.obj (.const:.string)
                 [ 000086f6 ]  0000437b          *   00000016                      : search.obj (.const:_$P$T0$1)
                 [ 00008722 ]  00004391          *   00000001   --HOLE-- [fill = 0]
                 [ 00008724 ]  00004392          *   00000014   audio_utils.obj (.const:_EQ_TI_48KHzCoeffs)
                 [ 0000874c ]  000043a6          *   00000014   audio_utils.obj (.const:_EQ_TI_48KHzDeltaCoeffs)
                 [ 00008774 ]  000043ba          *   00000014   audio_utils.obj (.const:_EQ_TI_8KHzCoeffs)
                 [ 0000879c ]  000043ce          *   00000014   audio_utils.obj (.const:_EQ_TI_8KHzDeltaCoeffs)
                 [ 000087c4 ]  000043e2          *   00000012   src_ti_huge.l55 : smplrate.obj (.const:_SRC_TI_rates)
                 [ 000087e8 ]  000043f4          *   00000010   TIesrEngineC55.lib : siinit.obj (.const:_K_mean)
                 [ 00008808 ]  00004404          *   0000000f                      : rapidsearch.obj (.const)
                 [ 00008826 ]  00004413          *   00000001   --HOLE-- [fill = 0]
                 [ 00008828 ]  00004414          *   0000000c   rts55h.lib : _printfi.obj (.const)
                 [ 00008840 ]  00004420          *   0000000a   TIesrEngineC55.lib : mfcc_f.obj (.const:_coef_1downto1over10_in_Q15)
                 [ 00008854 ]  0000442a          *   0000000a   sbl_image_int.obj (.const)
                 [ 00008868 ]  00004434          *   00000009   TIesrEngineC55.lib : dist.obj (.const:_coef_logpoly)
                 [ 0000887a ]  0000443d          *   00000008                      : jac-estm.obj (.const)
                 [ 0000888a ]  00004445          *   00000008                      : pmc_f.obj (.const:_coef_log)
                 [ 0000889a ]  0000444d          *   00000008   user_interface.obj (.const:_gSarData2PbnState)
                 [ 000088aa ]  00004455          *   00000008   rts55h.lib : divd.obj (.const:_initial_approx$1)
                 [ 000088ba ]  0000445d          *   00000007   TIesrEngineC55.lib : dist.obj (.const:_coef_powpoly)
                 [ 000088c8 ]  00004464          *   00000006   recognizer.obj (.const:.string)
                 [ 000088d4 ]  0000446a          *   00000006   TIesrEngineC55.lib : mfcc_f.obj (.const:_mu_scale_p2_dyn)
                 [ 000088e0 ]  00004470          *   00000006                      : mfcc_f.obj (.const:_mu_scale_p2_sta)
                 [ 000088ec ]  00004476          *   00000006   user_interface.obj (.const)
                 [ 000088f8 ]  0000447c          *   00000005   TIesrEngineC55.lib : uttdet.obj (.const)
                 [ 00008902 ]  00004481          *   00000005                      : dist.obj (.const:_$P$T0$1)
                 [ 0000890c ]  00004486          *   00000005                      : dist.obj (.const:_$P$T1$2)
                 [ 00008916 ]  0000448b          *   00000004   pll_control.obj (.const:_pllCfg_100MHz)
                 [ 0000891e ]  0000448f          *   00000004   pll_control.obj (.const:_pllCfg_120MHz)
                 [ 00008926 ]  00004493          *   00000004   pll_control.obj (.const:_pllCfg_40MHz)
                 [ 0000892e ]  00004497          *   00000004   pll_control.obj (.const:_pllCfg_50MHz)
                 [ 00008936 ]  0000449b          *   00000004   pll_control.obj (.const:_pllCfg_60MHz)
                 [ 0000893e ]  0000449f          *   00000004   pll_control.obj (.const:_pllCfg_75MHz)
                 [ 00008946 ]  000044a3          *   00000001   --HOLE-- [fill = 0]
                 [ 00008948 ]  000044a4          *   00000004   bios_NONINST.a55H : mem_allo.o55H (.const)
                 [ 00008950 ]  000044a8          *   00000004                     : mem_free.o55H (.const)
                 [ 00008958 ]  000044ac          *   00000003   TIesrEngineC55.lib : rapidsearch.obj (.const:_CM_LOGIST_PARA)
                 [ 0000895e ]  000044af          *   00000003                      : rapidsearch.obj (.const:_CM_UV_ACC)
                 [ 00008964 ]  000044b2          *   00000003                      : rapidsearch.obj (.const:_CM_UV_REJ)
                 [ 0000896a ]  000044b5          *   00000003                      : pmc_f.obj (.const:_coef_twomx)
                 [ 00008970 ]  000044b8          *   00000002   rts55h.lib : fputs.obj (.const:.string)
                 [ 00008974 ]  000044ba          *   00000002   sbl_image_int.obj (.const:.string)
                 [ 00008978 ]  000044bc          *   00000002   user_interface.obj (.const:_gAllowedPbnStates)
                 [ 0000897c ]  000044be          *   00000002   rts55h.lib : fltlid.obj (.const)
                 [ 00008980 ]  000044c0          *   00000002              : fltuld.obj (.const)
                 [ 00008984 ]  000044c2          *   00000002   sys_init.obj (.const)
                 [ 00008988 ]  000044c4          *   00000001   bios_NONINST.a55H : tsk.o55H (.const)

.mem         0   [ 0000898a ]  000044c5          *   00000001   UNINITIALIZED
                 [ 0000898a ]  000044c5          *   00000001   c55AudioDemocfg.obj (.mem)

.sysstack 
*            0   [ 0000898c ]  000044c6          *   00000400   UNINITIALIZED
                 [ 0000898c ]  000044c6          *   00000400   --HOLE--

.stack       0   [ 0000918c ]  000048c6          *   00001000   UNINITIALIZED
                 [ 0000918c ]  000048c6          *   00001000   --HOLE--

.gd_mu       0   [ 0000b18c ]  000058c6          *   00000d85   
                 [ 0000b18c ]  000058c6          *   00000d85   gd_mu.obj (.gd_mu)

.TSK_idle$stk 
*            0   [ 0000cc98 ]  0000664c          *   00000500   UNINITIALIZED
                 [ 0000cc98 ]  0000664c          *   00000500   c55AudioDemocfg.obj (.TSK_idle$stk)

MP3_DARAM_HEAP 
*            0   [ 0000d698 ]  00006b4c          *   00000220   UNINITIALIZED
                 [ 0000d698 ]  00006b4c          *   00000220   audio_utils.obj (MP3_DARAM_HEAP)

.sts         0   [ 0000dad8 ]  00006d6c          *   00000070   UNINITIALIZED
                 [ 0000dad8 ]  00006d6c          *   00000070   c55AudioDemocfg.obj (.sts)

.sem         0   [ 0000dbb8 ]  00006ddc          *   00000016   UNINITIALIZED
                 [ 0000dbb8 ]  00006ddc          *   00000016   c55AudioDemocfg.obj (.sem)

.log         0   [ 0000dbe4 ]  00006df2          *   0000000a   UNINITIALIZED
                 [ 0000dbe4 ]  00006df2          *   0000000a   c55AudioDemocfg.obj (.log)

.args        0   [ 0000dbf8 ]  00006dfc          *   00000004   
                 [ 0000dbf8 ]  00006dfc          *   00000004   --HOLE-- [fill = 0]

.LOG_system$buf 
*            0   [ 0000dc00 ]  00006e00          *   00000200   UNINITIALIZED
                 [ 0000dc00 ]  00006e00          *   00000200   c55AudioDemocfg.obj (.LOG_system$buf)

.trace       0   [ 0000e000 ]  00007000          *   00000200   
                 [ 0000e000 ]  00007000          *   00000200   --HOLE-- [fill = 00]

.swi         0   [ 0000e400 ]  00007200          *   00000118   UNINITIALIZED
                 [ 0000e400 ]  00007200          *   00000118   c55AudioDemocfg.obj (.swi)

.hwi_disp_sec 
*            0   [ 0000e630 ]  00007318          *   000000c0   UNINITIALIZED
                 [ 0000e630 ]  00007318          *   000000c0   bios_NONINST.a55H : hwi_disp_asm.o55H (.hwi_disp_sec)

.sysdata     0   [ 0000e7b0 ]  000073d8          *   000000b0   UNINITIALIZED
                 [ 0000e7b0 ]  000073d8          *   000000b0   bios_NONINST.a55H : biosdata.o55H (.sysdata)

.tsk         0   [ 0000e910 ]  00007488          *   0000002e   UNINITIALIZED
                 [ 0000e910 ]  00007488          *   0000002e   c55AudioDemocfg.obj (.tsk)

.gblinit     0   [ 0000e96c ]  000074b6          *   00000015   
                 [ 0000e96c ]  000074b6          *   00000015   c55AudioDemocfg.obj (.gblinit)

.sys         0   [ 0000e998 ]  000074cc          *   00000008   UNINITIALIZED
                 [ 0000e998 ]  000074cc          *   00000008   c55AudioDemocfg.obj (.sys)

.idl         0   [ 0000e9a8 ]  000074d4          *   00000004   UNINITIALIZED
                 [ 0000e9a8 ]  000074d4          *   00000004   c55AudioDemocfg.obj (.idl)

.idlcal      0   [ 0000e9b0 ]  000074d8          *   00000004   UNINITIALIZED
                 [ 0000e9b0 ]  000074d8          *   00000004   c55AudioDemocfg.obj (.idlcal)

.trcdata     0   [ 0000e9b8 ]  000074dc          *   00000003   
                 [ 0000e9b8 ]  000074dc          *   00000003   bios_NONINST.a55H : trc.o55H (.trcdata)

.hwi_vec     0     0000ff00  [ 00007f80 ] 00000100          *   
                   0000ff00  [ 00007f80 ] 00000100          *   c55AudioDemocfg.obj (.hwi_vec)

.text        0     00010000  [ 00008000 ] 0001f0de          *   
                   00010000  [ 00008000 ] 00003494          *   C55XXCSL_LP.lib : csl_mmcsd.obj (.text)
                   00013494  [ 00009a4a ] 00001533          *   rts55h.lib : _printfi.obj (.text)
                   000149c7  [ 0000a4e3+] 0000148c          *   C55XXCSL_LP.lib : csl_dma.obj (.text)
                   00015e53  [ 0000af29+] 00000a6a          *                   : csl_mmcsd_ataIf.obj (.text)
                   000168bd  [ 0000b45e+] 00000967          *                   : csl_i2c.obj (.text)
                   00017224  [ 0000b912 ] 0000084d          *   TIesrEngineC55.lib : jac-estm.obj (.text:_JAC_update)
                   00017a71  [ 0000bd38+] 00000819          *   C55XXCSL_LP.lib : csl_sar.obj (.text)
                   0001828a  [ 0000c145 ] 00000773          *                   : csl_i2s.obj (.text)
                   000189fd  [ 0000c4fe+] 000006e8          *   codec_config.obj (.text:_codecConfigPlayback)
                   000190e5  [ 0000c872+] 000006e1          *   C55XXCSL_LP.lib : csl_rtc.obj (.text)
                   000197c6  [ 0000cbe3 ] 000005ac          *   TIesrEngineC55.lib : search.obj (.text:_update_obs_prob)
                   00019d72  [ 0000ceb9 ] 0000056e          *                      : search.obj (.text:_EM_beta)
                   0001a2e0  [ 0000d170 ] 00000558          *                      : search.obj (.text:_back_trace_beam)
                   0001a838  [ 0000d41c ] 0000054e          *                      : liveproc.obj (.text:_MP_CallEachPass)
                   0001ad86  [ 0000d6c3 ] 00000538          *   rts55h.lib : trgdrv.obj (.text)
                   0001b2be  [ 0000d95f ] 00000518          *              : lowlev.obj (.text)
                   0001b7d6  [ 0000dbeb ] 000004ee          *   C55XXCSL_LP.lib : csl_gpio.obj (.text)
                   0001bcc4  [ 0000de62 ] 000004ec          *   TIesrEngineC55.lib : search.obj (.text:_path_propagation)
                   0001c1b0  [ 0000e0d8 ] 000004d2          *   atafs_bios_drv_lib.lib : atacreate.obj (.text)
                   0001c682  [ 0000e341 ] 000004c0          *   ble_fw_upgrade.obj (.text:_parse_hex_file)
                   0001cb42  [ 0000e5a1 ] 00000471          *   C55XXCSL_LP.lib : csl_spi.obj (.text)
                   0001cfb3  [ 0000e7d9+] 00000466          *   TIesrEngineC55.lib : search.obj (.text:_search_a_frame)
                   0001d419  [ 0000ea0c+] 0000040e          *   atafs_bios_drv_lib.lib : ata_bytes_seek.obj (.text)
                   0001d827  [ 0000ec13+] 000003c7          *   rts55h.lib : divd.obj (.text)
                   0001dbee  [ 0000edf7 ] 000003b3          *   TIesrEngineC55.lib : search.obj (.text:_init_search)
                   0001dfa1  [ 0000efd0+] 000003a7          *   C55XXCSL_LP.lib : csl_intc.obj (.text)
                   0001e348  [ 0000f1a4 ] 0000038a          *   codec_config.obj (.text:_codecConfigLoopback)
                   0001e6d2  [ 0000f369 ] 00000344          *   audio_data_read.obj (.text:_init_media)
                   0001ea16  [ 0000f50b ] 00000331          *   TIesrEngineC55.lib : engine_sireco_init.obj (.text:_TIesrEngineOpen)
                   0001ed47  [ 0000f6a3+] 00000320          *   atafs_bios_drv_lib.lib : atawrite_fatphy.obj (.text)
                   0001f067  [ 0000f833+] 000002f7          *   audio_data_collection.obj (.text:_I2sDmaInit)
                   0001f35e  [ 0000f9af ] 000002f2          *   audio_data_collection.obj (.text:_process_audio_data_sd)
                   0001f650  [ 0000fb28 ] 000002e1          *   eq_ti_huge.l55 : eq_ti_apply.obj (.text)
                   0001f931  [ 0000fc98+] 000002c2          *   TIesrEngineC55.lib : siinit.obj (.text:_AllocateTIesrMemory)
                   0001fbf3  [ 0000fdf9+] 000002ae          *                      : jac-estm.obj (.text:_ijac_update_t)
                   0001fea1  [ 0000ff50+] 0000029a          *                      : load.obj (.text:_load_models)
                   0002013b  [ 0001009d+] 00000290          *   recognizer.obj (.text:_swi_RecognizerFxn)
                   000203cb  [ 000101e5+] 00000288          *   sys_state.obj (.text:_swi_UpdateDisplayFxn)
                   00020653  [ 00010329+] 0000026c          *   rts55h.lib : fopen.obj (.text)
                   000208bf  [ 0001045f+] 00000265          *   C55XXCSL_LP.lib : csl_pll.obj (.text)
                   00020b24  [ 00010592 ] 0000025c          *   rts55h.lib : llmpy.obj (.text)
                   00020d80  [ 000106c0 ] 00000257          *              : addd.obj (.text)
                   00020fd7  [ 000107eb+] 00000246          *   TIesrEngineC55.lib : jac_one.obj (.text:_per_frame_jac_compensate)
                   0002121d  [ 0001090e+] 00000241          *                      : uttdet.obj (.text:_compute_uttdet)
                   0002145e  [ 00010a2f ] 0000023f          *                      : search.obj (.text:_find_best_sym)
                   0002169d  [ 00010b4e+] 00000023          *                      : siinit.obj (.text:_SetDefault)
                   000216c0  [ 00010b60 ] 0000023e          *   src_ti_huge.l55 : src_ti_interp.obj (.text)
                   000218fe  [ 00010c7f ] 00000231          *   atafs_bios_drv_lib.lib : ata.obj (.text)
                   00021b2f  [ 00010d97+] 00000228          *   TIesrEngineC55.lib : jac-estm.obj (.text:_JAC_make_net)
                   00021d57  [ 00010eab+] 00000226          *   rts55h.lib : fwrite.obj (.text)
                   00021f7d  [ 00010fbe+] 00000225          *   TIesrEngineC55.lib : search.obj (.text:_gauss_obs_score_f)
                   000221a2  [ 000110d1 ] 00000225          *                      : dist.obj (.text:_hlr_gauss_obs_score_f)
                   000223c7  [ 000111e3+] 00000224          *                      : search.obj (.text:_find_good_syms)
                   000225eb  [ 000112f5+] 00000216          *                      : pmc_f.obj (.text:_pmc_log_add)
                   00022801  [ 00011400+] 00000213          *                      : search.obj (.text:_compact_beam_cells)
                   00022a14  [ 0001150a ] 0000020c          *   C55XXCSL_LP.lib : csl_gpt.obj (.text)
                   00022c20  [ 00011610 ] 000001f6          *   TIesrEngineC55.lib : noise_sub.obj (.text:_noise_subs)
                   00022e16  [ 0001170b ] 000001ee          *   C55XXCSL_LP.lib : csl_sysctrl.obj (.text)
                   00023004  [ 00011802 ] 000001ea          *   rts55h.lib : cmpd.obj (.text)
                   000231ee  [ 000118f7 ] 000001e6          *   lcd_osd.obj (.text:_oled_init)
                   000233d4  [ 000119ea ] 000001cd          *   TIesrEngineC55.lib : rapidsearch.obj (.text:_cm_calc_confidence)
                   000235a1  [ 00011ad0+] 000001ca          *                      : search.obj (.text:_allocate_eval_cell)
                   0002376b  [ 00011bb5+] 000001c4          *                      : mfcc_f.obj (.text:_mel_scale_fft_spectrum)
                   0002392f  [ 00011c97+] 000001be          *                      : search.obj (.text:_EM_alpha_gnl)
                   00023aed  [ 00011d76+] 000001b7          *                      : mfcc_f.obj (.text:_compute_regression)
                   00023ca4  [ 00011e52 ] 000001b5          *   codec_config.obj (.text:_codecInputSelect)
                   00023e59  [ 00011f2c+] 000001b3          *   TIesrEngineC55.lib : search.obj (.text:_cross_model_path)
                   0002400c  [ 00012006 ] 000001ab          *   sys_init.obj (.text:_swi_SysInitFxn)
                   000241b7  [ 000120db+] 000001a5          *   TIesrEngineC55.lib : rapidsearch.obj (.text:_cm_open)
                   0002435c  [ 000121ae ] 0000019e          *                      : mfcc_f.obj (.text:_fft)
                   000244fa  [ 0001227d ] 0000019d          *   atafs_bios_drv_lib.lib : atawrite_fat.obj (.text)
                   00024697  [ 0001234b+] 0000018f          *   TIesrEngineC55.lib : search.obj (.text:_within_model_path)
                   00024826  [ 00012413 ] 00000187          *   atafs_bios_drv_lib.lib : ataread_fatphy.obj (.text)
                   000249ad  [ 000124d6+] 00000185          *   TIesrEngineC55.lib : mfcc_f.obj (.text:_fft_spectrum_to_mfcc)
                   00024b32  [ 00012599 ] 00000180          *                      : mfcc_f.obj (.text:_bit_rev)
                   00024cb2  [ 00012659 ] 0000017b          *   rts55h.lib : fputs.obj (.text)
                   00024e2d  [ 00012716+] 00000176          *   wave_parser.obj (.text:_extractWaveInfo)
                   00024fa3  [ 000127d1+] 00000175          *   audio_data_collection.obj (.text:_process_audio_data_linein)
                   00025118  [ 0001288c ] 00000174          *   TIesrEngineC55.lib : pmc_f.obj (.text:_log_spectral_compensation)
                   0002528c  [ 00012946 ] 00000174          *                      : pmc_f.obj (.text:_pmc)
                   00025400  [ 00012a00 ] 00000168          *   sys_state.obj (.text:_swi_updateBleFWFxn)
                   00025568  [ 00012ab4 ] 00000167          *   sys_state.obj (.text:_updateDisplay)
                   000256cf  [ 00012b67+] 00000166          *   audio_data_collection.obj (.text:_DMA_Isr)
                   00025835  [ 00012c1a+] 00000160          *   TIesrEngineC55.lib : search.obj (.text:_mark_cells_state)
                   00025995  [ 00012cca+] 0000015f          *                      : search.obj (.text:_EM_alpha_e)
                   00025af4  [ 00012d7a ] 0000015a          *   pll_control.obj (.text:_pll_sample)
                   00025c4e  [ 00012e27 ] 00000156          *   TIesrEngineC55.lib : uttdet.obj (.text:_uttdet_state_machine)
                   00025da4  [ 00012ed2 ] 00000152          *   user_interface.obj (.text:_userInterfaceInit)
                   00025ef6  [ 00012f7b ] 0000014f          *   src_ti_huge.l55 : src_ti_rate.obj (.text:_SRC_TI_setOutputRate)
                   00026045  [ 00013022+] 0000014f          *                   : src_ti_ialg.obj (.text:algInit:_SRC_TI_algInit)
                   00026194  [ 000130ca ] 0000014d          *                   : src_ti_rate.obj (.text:_SRC_TI_setInputRate)
                   000262e1  [ 00013170+] 0000014d          *   sys_init.obj (.text:_main)
                   0002642e  [ 00013217 ] 0000014b          *   rts55h.lib : mpyd.obj (.text)
                   00026579  [ 000132bc+] 00000148          *              : fread.obj (.text)
                   000266c1  [ 00013360+] 00000145          *   audio_utils.obj (.text:_EQ_create)
                   00026806  [ 00013403 ] 00000145          *   TIesrEngineC55.lib : mfcc_f.obj (.text:_dim_p2_init)
                   0002694b  [ 000134a5+] 00000140          *                      : dist.obj (.text:_hlr_expn)
                   00026a8b  [ 00013545+] 0000013d          *                      : mfcc_f.obj (.text:_cos_transform)
                   00026bc8  [ 000135e4 ] 00000137          *                      : rapidsearch.obj (.text:_cm_acc_seg_ratio_to_antimodel)
                   00026cff  [ 0001367f+] 00000137          *                      : load.obj (.text:_free_models)
                   00026e36  [ 0001371b ] 00000135          *   atafs_bios_drv_lib.lib : atadir__getdir.obj (.text)
                   00026f6b  [ 000137b5+] 0000012e          *   TIesrEngineC55.lib : jac-estm.obj (.text:_update_statistics)
                   00027099  [ 0001384c+] 0000012a          *                      : mfcc_f.obj (.text:_preemphasis)
                   000271c3  [ 000138e1+] 00000129          *   sbl_tl.obj (.text:_SPI_sendCommand)
                   000272ec  [ 00013976 ] 00000129          *   atafs_bios_drv_lib.lib : ataseek.obj (.text)
                   00027415  [ 00013a0a+] 00000126          *   lcd_osd.obj (.text:_print_char)
                   0002753b  [ 00013a9d+] 0000011c          *   audio_data_collection.obj (.text:_handle_txintr_sd)
                   00027657  [ 00013b2b+] 00000118          *   TIesrEngineC55.lib : rapidsearch.obj (.text:_cm_logistic)
                   0002776f  [ 00013bb7+] 00000115          *                      : mfcc_f.obj (.text:_fft_to_power_spectrum)
                   00027884  [ 00013c42 ] 00000108          *   atafs_bios_drv_lib.lib : atadirentry.obj (.text)
                   0002798c  [ 00013cc6 ] 00000106          *   TIesrEngineC55.lib : search.obj (.text:_grow_beam_cell)
                   00027a92  [ 00013d49 ] 000000fe          *   audio_data_collection.obj (.text:_startDma)
                   00027b90  [ 00013dc8 ] 000000fc          *   TIesrEngineC55.lib : load.obj (.text:_load_word_list)
                   00027c8c  [ 00013e46 ] 000000f8          *   codec_config.obj (.text:_aic_SetADCBiQuad)
                   00027d84  [ 00013ec2 ] 000000f7          *   audio_utils.obj (.text:_SRC_create)
                   00027e7b  [ 00013f3d+] 000000f4          *   TIesrEngineC55.lib : siproc.obj (.text:_CloseSearchEngine)
                   00027f6f  [ 00013fb7+] 000000f4          *                      : dist.obj (.text:_div32_32)
                   00028063  [ 00014031+] 000000f3          *   rts55h.lib : setvbuf.obj (.text)
                   00028156  [ 000140ab ] 000000f2          *   ble_fw_upgrade.obj (.text:_ascii2HexBytes)
                   00028248  [ 00014124 ] 000000f1          *   audio_utils.obj (.text:_eq_config)
                   00028339  [ 0001419c+] 000000f1          *   ble_fw_upgrade.obj (.text:_get_record_details)
                   0002842a  [ 00014215 ] 000000ee          *   sys_state.obj (.text:_processCommand)
                   00028518  [ 0001428c ] 000000ea          *   TIesrEngineC55.lib : search.obj (.text:_set_search_space)
                   00028602  [ 00014301 ] 000000e9          *                      : mfcc_f.obj (.text:_hamming_window)
                   000286eb  [ 00014375+] 000000e9          *   audio_data_read.obj (.text:_open_first_file)
                   000287d4  [ 000143ea ] 000000e8          *   sys_state.obj (.text:_GPIO_Isr)
                   000288bc  [ 0001445e ] 000000e8          *   atafs_bios_drv_lib.lib : atacreate_findcluster.obj (.text)
                   000289a4  [ 000144d2 ] 000000e7          *   TIesrEngineC55.lib : jac-estm.obj (.text:_jac_force_alignment)
                   00028a8b  [ 00014545+] 000000e4          *   atafs_bios_drv_lib.lib : ata_readword.obj (.text)
                   00028b6f  [ 000145b7+] 000000e2          *   TIesrEngineC55.lib : uttdet.obj (.text:_frequency_shaping)
                   00028c51  [ 00014628+] 000000e2          *   audio_data_collection.obj (.text:_swi_AudioDataCollectionFxn)
                   00028d33  [ 00014699+] 000000e2          *   user_interface.obj (.text:_swi_UserInputFxn)
                   00028e15  [ 0001470a+] 000000df          *   TIesrEngineC55.lib : search.obj (.text:_coloring_beam)
                   00028ef4  [ 0001477a ] 000000de          *                      : search.obj (.text:_next_beam_cell)
                   00028fd2  [ 000147e9 ] 000000de          *                      : pack.obj (.text:_vector_packing)
                   000290b0  [ 00014858 ] 000000dc          *                      : jac-estm.obj (.text:_JAC_save)
                   0002918c  [ 000148c6 ] 000000da          *                      : search.obj (.text:_EM_alpha_t)
                   00029266  [ 00014933 ] 000000da          *                      : search.obj (.text:_nb_sort)
                   00029340  [ 000149a0 ] 000000da          *   rts55h.lib : _io_perm.obj (.text)
                   0002941a  [ 00014a0d ] 000000d9          *   atafs_bios_drv_lib.lib : atadir_.obj (.text)
                   000294f3  [ 00014a79+] 000000d4          *   TIesrEngineC55.lib : dist.obj (.text:_log_polyfit)
                   000295c7  [ 00014ae3+] 000000d4          *                      : dist.obj (.text:_pow_polyfit)
                   0002969b  [ 00014b4d+] 000000d3          *   src_ti_huge.l55 : src_ti_apply.obj (.text:_SRC_TI_apply)
                   0002976e  [ 00014bb7 ] 000000d3          *   TIesrEngineC55.lib : mfcc_f.obj (.text:_ss_update_meanEn)
                   00029841  [ 00014c20+] 000000d2          *                      : search.obj (.text:_nb_uniq)
                   00029913  [ 00014c89+] 000000cd          *   audio_data_collection.obj (.text:_selectAudioSource)
                   000299e0  [ 00014cf0 ] 000000cb          *   gpio_control.obj (.text:_GpioInit)
                   00029aab  [ 00014d55+] 000000cb          *   TIesrEngineC55.lib : mfcc_f.obj (.text:_mfcc_a_window)
                   00029b76  [ 00014dbb ] 000000c9          *                      : siinit.obj (.text:_Init_Search)
                   00029c3f  [ 00014e1f+] 000000c8          *   ble_fw_upgrade.obj (.text:_get_high_addr)
                   00029d07  [ 00014e83+] 000000c7          *   TIesrEngineC55.lib : obsprob.obj (.text:_observation_likelihood)
                   00029dce  [ 00014ee7 ] 000000c4          *                      : rapidsearch.obj (.text:_cm_save)
                   00029e92  [ 00014f49 ] 000000bf          *   lcd_osd.obj (.text:_print_string)
                   00029f51  [ 00014fa8+] 000000bf          *   audio_data_read.obj (.text:_swi_ReadAudioDataFxn)
                   0002a010  [ 00015008 ] 000000be          *   rts55h.lib : trgmsg.obj (.text:CIO_breakpoint)
                   0002a0ce  [ 00015067 ] 000000be          *   audio_data_collection.obj (.text:_swi_AudioMicDataCollectionFxn)
                   0002a18c  [ 000150c6 ] 000000bd          *   TIesrEngineC55.lib : search.obj (.text:_EM_alpha_0)
                   0002a249  [ 00015124+] 000000bd          *                      : rapidsearch.obj (.text:_cm_hypo_ratio)
                   0002a306  [ 00015183 ] 000000bd          *                      : dist.obj (.text:_hlr_expn_q)
                   0002a3c3  [ 000151e1+] 000000bd          *                      : uttdet.obj (.text:_normalize)
                   0002a480  [ 00015240 ] 000000bc          *   audio_data_collection.obj (.text:_handle_txintr_linein)
                   0002a53c  [ 0001529e ] 000000bc          *   sys_state.obj (.text:_swi_ReadSPIDataFxn)
                   0002a5f8  [ 000152fc ] 000000bb          *   audio_data_read.obj (.text:_find_ble_firmware)
                   0002a6b3  [ 00015359+] 000000ba          *   TIesrEngineC55.lib : search.obj (.text:_eval_cell_overflow)
                   0002a76d  [ 000153b6+] 000000ba          *   audio_data_read.obj (.text:_find_ble_stack_firmware)
                   0002a827  [ 00015413+] 000000ba          *   rts55h.lib : fflush.obj (.text)
                   0002a8e1  [ 00015470+] 000000b1          *   TIesrEngineC55.lib : gmhmm_type_common.obj (.text:_GetAnswerWord)
                   0002a992  [ 000154c9 ] 000000b0          *   pll_control.obj (.text:_appGetSysClk)
                   0002aa42  [ 00015521 ] 000000af          *   atafs_bios_drv_lib.lib : ataread_.obj (.text)
                   0002aaf1  [ 00015578+] 000000ae          *   TIesrEngineC55.lib : search.obj (.text:_get_frame_time)
                   0002ab9f  [ 000155cf+] 000000ab          *   eq_ti_huge.l55 : eq_ti_ialg.obj (.text:algInit:_EQ_TI_algInit)
                   0002ac4a  [ 00015625 ] 000000ab          *   atafs_bios_drv_lib.lib : ataread__nextbroken.obj (.text)
                   0002acf5  [ 0001567a+] 000000aa          *   TIesrEngineC55.lib : search.obj (.text:_find_beam_index)
                   0002ad9f  [ 000156cf+] 000000aa          *                      : mfcc_f.obj (.text:_inverse_cos_transform)
                   0002ae49  [ 00015724+] 000000aa          *                      : my_fileio.obj (.text:_my_fwrite)
                   0002aef3  [ 00015779+] 000000a6          *   rts55h.lib : _bufread.obj (.text)
                   0002af99  [ 000157cc+] 000000a2          *              : fputc.obj (.text)
                   0002b03b  [ 0001581d+] 000000a0          *              : divul.obj (.text)
                   0002b0db  [ 0001586d+] 0000009f          *   sys_state.obj (.text:_processPushButton)
                   0002b17a  [ 000158bd ] 0000009d          *   TIesrEngineC55.lib : load.obj (.text:_load_var)
                   0002b217  [ 0001590b+] 00000098          *   audio_data_read.obj (.text:_read_file)
                   0002b2af  [ 00015957+] 00000098          *   TIesrEngineC55.lib : search.obj (.text:_update_time_table)
                   0002b347  [ 000159a3+] 00000098          *   atafs_bios_drv_lib.lib : ata_chdir.obj (.text)
                   0002b3df  [ 000159ef+] 00000096          *   TIesrEngineC55.lib : rapidsearch.obj (.text:_cm_load)
                   0002b475  [ 00015a3a+] 00000095          *                      : search.obj (.text:_init_cur_pos)
                   0002b50a  [ 00015a85 ] 00000095          *                      : load.obj (.text:_load_mu)
                   0002b59f  [ 00015acf+] 00000095          *                      : search.obj (.text:_next_time_cell)
                   0002b634  [ 00015b1a ] 00000094          *   sbl.obj (.text:_SBL_eraseFlash)
                   0002b6c8  [ 00015b64 ] 00000094          *   TIesrEngineC55.lib : search.obj (.text:_find_state_cell)
                   0002b75c  [ 00015bae ] 00000094          *   atafs_bios_drv_lib.lib : ataread.obj (.text)
                   0002b7f0  [ 00015bf8 ] 00000093          *   TIesrEngineC55.lib : mfcc_f.obj (.text:_ss_est_frmEn)
                   0002b883  [ 00015c41+] 00000092          *                      : rapidsearch.obj (.text:_cm_backup_adp)
                   0002b915  [ 00015c8a+] 00000092          *                      : rapidsearch.obj (.text:_cm_restore_adp)
                   0002b9a7  [ 00015cd3+] 00000090          *   audio_data_read.obj (.text:_open_next_file)
                   0002ba37  [ 00015d1b+] 0000008d          *   audio_utils.obj (.text:_src_config)
                   0002bac4  [ 00015d62 ] 0000008c          *   sys_init.obj (.text:_init_spi)
                   0002bb50  [ 00015da8 ] 0000008c          *   TIesrEngineC55.lib : jac-estm.obj (.text:_process_a_file_1)
                   0002bbdc  [ 00015dee ] 0000008c          *                      : pack.obj (.text:_vector_unpacking)
                   0002bc68  [ 00015e34 ] 0000008b          *                      : rapidsearch.obj (.text:_cm_init)
                   0002bcf3  [ 00015e79+] 0000008a          *                      : jac-estm.obj (.text:_JAC_clear)
                   0002bd7d  [ 00015ebe+] 0000008a          *   sbl_tl.obj (.text:_SBL_TL_sendCmd16)
                   0002be07  [ 00015f03+] 0000008a          *   sbl_tl.obj (.text:_SBL_TL_sendCmd)
                   0002be91  [ 00015f48+] 00000085          *   codec_config.obj (.text:_aic_writeCoef)
                   0002bf16  [ 00015f8b ] 00000085          *   TIesrEngineC55.lib : rapidsearch.obj (.text:_rj_dist)
                   0002bf9b  [ 00015fcd+] 00000083          *                      : dist.obj (.text:_hlr_logsum)
                   0002c01e  [ 0001600f ] 00000083          *                      : dist.obj (.text:_q15_x)
                   0002c0a1  [ 00016050+] 00000083          *                      : search.obj (.text:_search_if_comes_to_the_end_of_net)
                   0002c124  [ 00016092 ] 00000082          *                      : siinit.obj (.text:_OpenASR)
                   0002c1a6  [ 000160d3 ] 00000081          *                      : jac_one.obj (.text:_jac_one_mean)
                   0002c227  [ 00016113+] 00000080          *   ble_fw_upgrade.obj (.text:_download_data)
                   0002c2a7  [ 00016153+] 0000007c          *   lcd_osd.obj (.text:_clear_lcd_page)
                   0002c323  [ 00016191+] 0000007b          *   pll_control.obj (.text:_PLL_getConfig)
                   0002c39e  [ 000161cf ] 0000007b          *   codec_config.obj (.text:_aic_writeCoef_2)
                   0002c419  [ 0001620c+] 0000007a          *   sys_init.obj (.text:_ClockGatingAll)
                   0002c493  [ 00016249+] 00000079          *   ble_fw_upgrade.obj (.text:_bleFWUpgrade)
                   0002c50c  [ 00016286 ] 00000079          *   sys_init.obj (.text:_init_rtc)
                   0002c585  [ 000162c2+] 00000079          *   rts55h.lib : ltoa.obj (.text)
                   0002c5fe  [ 000162ff ] 00000077          *   atafs_bios_drv_lib.lib : ata_flush.obj (.text)
                   0002c675  [ 0001633a+] 00000077          *                          : ataread_calc.obj (.text)
                   0002c6ec  [ 00016376 ] 00000076          *   codec_config.obj (.text:_codec_write_reg_two)
                   0002c762  [ 000163b1 ] 00000076          *   rts55h.lib : fclose.obj (.text)
                   0002c7d8  [ 000163ec ] 00000076          *              : fixdul.obj (.text)
                   0002c84e  [ 00016427 ] 00000076          *              : frcmpyd.obj (.text)
                   0002c8c4  [ 00016462 ] 00000075          *   TIesrEngineC55.lib : dist.obj (.text:_hlr_log_one)
                   0002c939  [ 0001649c+] 00000075          *   rts55h.lib : ftell.obj (.text)
                   0002c9ae  [ 000164d7 ] 00000073          *   audio_data_collection.obj (.text:_stopPlay)
                   0002ca21  [ 00016510+] 00000073          *   rts55h.lib : frcmpyd_div.obj (.text)
                   0002ca94  [ 0001654a ] 00000071          *   audio_data_read.obj (.text:_swapBytes)
                   0002cb05  [ 00016582+] 00000070          *   rts55h.lib : remul.obj (.text)
                   0002cb75  [ 000165ba+] 0000006f          *   TIesrEngineC55.lib : rapidsearch.obj (.text:_cm_update_hypo)
                   0002cbe4  [ 000165f2 ] 0000006f          *   audio_data_read.obj (.text:_readBleFirmware)
                   0002cc53  [ 00016629+] 0000006f          *   TIesrEngineC55.lib : mfcc_f.obj (.text:_signal_to_power_spectrum)
                   0002ccc2  [ 00016661 ] 0000006e          *                      : jac-estm.obj (.text:_JAC_recover_backuped_net)
                   0002cd30  [ 00016698 ] 0000006e          *   rts55h.lib : fixdli.obj (.text)
                   0002cd9e  [ 000166cf ] 0000006c          *   sbl_tl.obj (.text:_SBL_TL_getRsp)
                   0002ce0a  [ 00016705 ] 0000006b          *   TIesrEngineC55.lib : jac-estm.obj (.text:_JAC_backup_net)
                   0002ce75  [ 0001673a+] 0000006b          *                      : jac-estm.obj (.text:_JAC_set_default_params)
                   0002cee0  [ 00016770 ] 0000006b          *   rts55h.lib : trgmsg.obj (.text)
                   0002cf4b  [ 000167a5+] 0000006a          *   TIesrEngineC55.lib : search.obj (.text:_nb_uniq_each)
                   0002cfb5  [ 000167da+] 00000069          *                      : gmhmm_type_common.obj (.text:_GetTIesrJAC)
                   0002d01e  [ 0001680f ] 00000069          *   src_ti_huge.l55 : src_ti_status.obj (.text:_SRC_TI_getStatus)
                   0002d087  [ 00016843+] 00000068          *   rts55h.lib : fseek.obj (.text)
                   0002d0ef  [ 00016877+] 00000067          *              : fltlid.obj (.text)
                   0002d156  [ 000168ab ] 00000064          *   user_interface.obj (.text:_getCurrentPBNState)
                   0002d1ba  [ 000168dd ] 00000061          *   TIesrEngineC55.lib : gmhmm_type_common.obj (.text:_OpenSearchEngine)
                   0002d21b  [ 0001690d+] 0000005e          *   user_interface.obj (.text:_chkAllowedPBNState)
                   0002d279  [ 0001693c+] 0000005e          *   TIesrEngineC55.lib : pack.obj (.text:_nbr_coding)
                   0002d2d7  [ 0001696b+] 0000005d          *                      : rapidsearch.obj (.text:_cm_calc_proddiff)
                   0002d334  [ 0001699a ] 0000005c          *   bios_NONINST.a55H : tsk_stup.o55H (.text)
                   0002d390  [ 000169c8 ] 0000005b          *   eq_ti_huge.l55 : eq_ti_status.obj (.text:_EQ_TI_setStatus)
                   0002d3eb  [ 000169f5+] 0000005b          *   wave_parser.obj (.text:_checkWaveHeader)
                   0002d446  [ 00016a23 ] 0000005b          *   TIesrEngineC55.lib : dist.obj (.text:_fx_sqrt)
                   0002d4a1  [ 00016a50+] 0000005b          *   atafs_bios_drv_lib.lib : ata_sector.obj (.text)
                   0002d4fc  [ 00016a7e ] 0000005b          *   rts55h.lib : fltuld.obj (.text)
                   0002d557  [ 00016aab+] 0000005a          *   user_interface.obj (.text:_gpt1Isr)
                   0002d5b1  [ 00016ad8+] 0000005a          *   atafs_bios_drv_lib.lib : ata_.obj (.text)
                   0002d60b  [ 00016b05+] 00000059          *   rts55h.lib : atoi.obj (.text)
                   0002d664  [ 00016b32 ] 00000056          *   user_interface.obj (.text:_updateMcStates)
                   0002d6ba  [ 00016b5d ] 00000056          *   rts55h.lib : memcpy.obj (.text)
                   0002d710  [ 00016b88 ] 00000055          *   TIesrEngineC55.lib : uttdet.obj (.text:_init_uttdet)
                   0002d765  [ 00016bb2+] 00000054          *                      : gmhmm_type_common.obj (.text:_SetTIesrJAC)
                   0002d7b9  [ 00016bdc+] 00000054          *                      : rapidsearch.obj (.text:_cm_update_status)
                   0002d80d  [ 00016c06+] 00000053          *   src_ti_huge.l55 : src_ti_status.obj (.text:_SRC_TI_setStatus)
                   0002d860  [ 00016c30 ] 00000051          *   TIesrEngineC55.lib : gmhmm_type_common.obj (.text:_GetTIesrSAD)
                   0002d8b1  [ 00016c58+] 0000004f          *   sys_init.obj (.text:_I2cInit)
                   0002d900  [ 00016c80 ] 0000004e          *   rts55h.lib : printf.obj (.text)
                   0002d94e  [ 00016ca7 ] 0000004d          *   TIesrEngineC55.lib : search.obj (.text:_init_high_pos)
                   0002d99b  [ 00016ccd+] 0000004d          *   audio_data_collection.obj (.text:_startPlay)
                   0002d9e8  [ 00016cf4 ] 0000004b          *   rts55h.lib : remli.obj (.text)
                   0002da33  [ 00016d19+] 0000004a          *   codec_config.obj (.text:_aic_SetBiQuadSection)
                   0002da7d  [ 00016d3e+] 0000004a          *   codec_config.obj (.text:_aic_SetOrd1IIRSection)
                   0002dac7  [ 00016d63+] 0000004a          *   TIesrEngineC55.lib : load.obj (.text:_load_model_file)
                   0002db11  [ 00016d88+] 0000004a          *   sys_state.obj (.text:_swi_SendSPIDataFxn)
                   0002db5b  [ 00016dad+] 0000004a          *   atafs_bios_drv_lib.lib : atadir.obj (.text)
                   0002dba5  [ 00016dd2+] 00000048          *   sys_init.obj (.text:_DeviceInit)
                   0002dbed  [ 00016df6+] 00000048          *   rts55h.lib : divli.obj (.text)
                   0002dc35  [ 00016e1a+] 00000047          *   lcd_osd.obj (.text:_OSD9616_send)
                   0002dc7c  [ 00016e3e ] 00000047          *   sbl_cmd.obj (.text:_SBL_CMD_getStatus)
                   0002dcc3  [ 00016e61+] 00000047          *   audio_data_read.obj (.text:_byteshift)
                   0002dd0a  [ 00016e85 ] 00000045          *   TIesrEngineC55.lib : uttdet.obj (.text:_set_default_uttdet)
                   0002dd4f  [ 00016ea7+] 00000044          *                      : gmhmm_type_common.obj (.text:_GetAnswerIndex)
                   0002dd93  [ 00016ec9+] 00000044          *   src_ti_huge.l55 : smplrate.obj (.text:_SRC_TI_getIndex)
                   0002ddd7  [ 00016eeb+] 00000043          *   TIesrEngineC55.lib : rapidsearch.obj (.text:_cm_score_nbest)
                   0002de1a  [ 00016f0d ] 00000042          *                      : gmhmm_type_common.obj (.text:_GetAnswerCount)
                   0002de5c  [ 00016f2e ] 00000042          *                      : search.obj (.text:_clear_obs_scr)
                   0002de9e  [ 00016f4f ] 00000042          *   ble_fw_upgrade.obj (.text:_spi_send_ping)
                   0002dee0  [ 00016f70 ] 00000041          *   sbl_cmd.obj (.text:_SBL_CMD_uint32MSB)
                   0002df21  [ 00016f90+] 00000041          *   sbl_cmd.obj (.text:_SBL_CMD_uint32to16)
                   0002df62  [ 00016fb1 ] 00000041          *   codec_config.obj (.text:_codec_write_reg)
                   0002dfa3  [ 00016fd1+] 00000040          *   sbl_tl.obj (.text:_SBL_TL_CKS)
                   0002dfe3  [ 00016ff1+] 00000040          *   TIesrEngineC55.lib : gmhmm_type_common.obj (.text:_SetTIesrSAD)
                   0002e023  [ 00017011+] 00000040          *   audio_data_collection.obj (.text:_resetRxCircBuf)
                   0002e063  [ 00017031+] 0000003f          *   TIesrEngineC55.lib : volume.obj (.text:_set_volume_flag)
                   0002e0a2  [ 00017051 ] 0000003e          *   rts55h.lib : exit.obj (.text)
                   0002e0e0  [ 00017070 ] 0000003d          *   TIesrEngineC55.lib : siproc.obj (.text:_GetSearchMemorySize)
                   0002e11d  [ 0001708e+] 0000003d          *   audio_data_collection.obj (.text:_pausePlay)
                   0002e15a  [ 000170ad ] 0000003d          *   TIesrEngineC55.lib : uttdet.obj (.text:_update_level)
                   0002e197  [ 000170cb+] 0000003d          *   user_interface.obj (.text:_userInterfaceStart)
                   0002e1d4  [ 000170ea ] 0000003c          *   sys_init.obj (.text:_reset_ble)
                   0002e210  [ 00017108 ] 0000003c          *   atafs_bios_drv_lib.lib : ata_fileinit.obj (.text)
                   0002e24c  [ 00017126 ] 0000003b          *   sys_state.obj (.text:_RTC_isr)
                   0002e287  [ 00017143+] 0000003a          *   ble_fw_upgrade.obj (.text:_reset_state)
                   0002e2c1  [ 00017160+] 00000039          *   sbl_cmd.obj (.text:_SBL_CMD_download)
                   0002e2fa  [ 0001717d ] 00000039          *   TIesrEngineC55.lib : load.obj (.text:_free_scales)
                   0002e333  [ 00017199+] 00000039          *                      : search.obj (.text:_init_last_time_table)
                   0002e36c  [ 000171b6 ] 00000038          *   sys_init.obj (.text:_DmaInit)
                   0002e3a4  [ 000171d2 ] 00000038          *   audio_data_collection.obj (.text:_stopDma)
                   0002e3dc  [ 000171ee ] 00000037          *   eq_ti_huge.l55 : eq_ti_gains.obj (.text:_EQ_TI_setGains)
                   0002e413  [ 00017209+] 00000037          *                  : eq_ti_ialg.obj (.text:algAlloc:_EQ_TI_algAlloc)
                   0002e44a  [ 00017225 ] 00000037          *   atafs_bios_drv_lib.lib : ataread_fat.obj (.text)
                   0002e481  [ 00017240+] 00000036          *   user_interface.obj (.text:_updateUcStates)
                   0002e4b7  [ 0001725b+] 00000035          *   sys_init.obj (.text:_C55x_delay_msec)
                   0002e4ec  [ 00017276 ] 00000034          *   audio_utils.obj (.text:_SRC_delete)
                   0002e520  [ 00017290 ] 00000034          *   sys_state.obj (.text:_fileAccessErrDisp)
                   0002e554  [ 000172aa ] 00000034          *   sys_state.obj (.text:_fileFormatErrDisp)
                   0002e588  [ 000172c4 ] 00000034          *   audio_data_collection.obj (.text:_resetCircBuf)
                   0002e5bc  [ 000172de ] 00000034          *   sys_state.obj (.text:_sdAccessErrDisp)
                   0002e5f0  [ 000172f8 ] 00000033          *   eq_ti_huge.l55 : eq_ti_status.obj (.text:_EQ_TI_getStatus)
                   0002e623  [ 00017311+] 00000032          *   sys_init.obj (.text:_DspLdoSwitch)
                   0002e655  [ 0001732a+] 00000032          *   sys_init.obj (.text:_UsbLdoSwitch)
                   0002e687  [ 00017343+] 00000030          *   audio_data_read.obj (.text:_read_wave_header)
                   0002e6b7  [ 0001735b+] 0000002f          *   TIesrEngineC55.lib : gmhmm_type_common.obj (.text:_GetTIesrCM)
                   0002e6e6  [ 00017373 ] 0000002e          *                      : rapidsearch.obj (.text:_cm_antiscr)
                   0002e714  [ 0001738a ] 0000002d          *   src_ti_huge.l55 : src_ti_apply.obj (.text:_SRC_TI_setOutput)
                   0002e741  [ 000173a0+] 0000002a          *   TIesrEngineC55.lib : liveproc.obj (.text:_CallSearchEngine)
                   0002e76b  [ 000173b5+] 0000002a          *                      : volume.obj (.text:_GetTIesrVolRange)
                   0002e795  [ 000173ca+] 0000002a          *                      : jac-estm.obj (.text:_MP_JAC_load)
                   0002e7bf  [ 000173df+] 0000002a          *                      : mfcc_f.obj (.text:_circ_idx)
                   0002e7e9  [ 000173f4+] 0000002a          *   src_ti_huge.l55 : src_ti_ialg.obj (.text:algAlloc:_SRC_TI_algAlloc)
                   0002e813  [ 00017409+] 0000002a          *   rts55h.lib : fixdi.obj (.text)
                   0002e83d  [ 0001741e+] 0000002a          *              : udiv.obj (.text)
                   0002e867  [ 00017433+] 00000029          *   TIesrEngineC55.lib : jac-estm.obj (.text:_JAC_load)
                   0002e890  [ 00017448 ] 00000028          *   src_ti_huge.l55 : src_ti_apply.obj (.text:_SRC_TI_setInput)
                   0002e8b8  [ 0001745c ] 00000027          *   TIesrEngineC55.lib : rapidsearch.obj (.text:_cm_set_param)
                   0002e8df  [ 0001746f+] 00000027          *   audio_data_collection.obj (.text:_swi_AudioDataProcessFxn)
                   0002e906  [ 00017483 ] 00000025          *   audio_data_collection.obj (.text:_resumePlay)
                   0002e92b  [ 00017495+] 00000024          *   sbl_cmd.obj (.text:_SBL_CMD_sendData)
                   0002e94f  [ 000174a7+] 00000024          *   lcd_osd.obj (.text:_clear_lcd)
                   0002e973  [ 000174b9+] 00000023          *   TIesrEngineC55.lib : load.obj (.text:_load_model_config)
                   0002e996  [ 000174cb ] 00000023          *   audio_utils.obj (.text:_src_set_samplerate)
                   0002e9b9  [ 000174dc+] 00000023          *   rts55h.lib : strncmp.obj (.text)
                   0002e9dc  [ 000174ee ] 00000022          *   eq_ti_huge.l55 : eq_ti_gains.obj (.text:_EQ_TI_getGains)
                   0002e9fe  [ 000174ff ] 00000022          *   eq.obj (.text:_EQ_apply)
                   0002ea20  [ 00017510 ] 00000022          *   TIesrEngineC55.lib : gmhmm_type_common.obj (.text:_GetConfidenceScore)
                   0002ea42  [ 00017521 ] 00000022          *                      : volume.obj (.text:_SetTIesrVolRange)
                   0002ea64  [ 00017532 ] 00000022          *   sys_state.obj (.text:_fileReadStatusDisp)
                   0002ea86  [ 00017543 ] 00000022          *   rts55h.lib : memccpy.obj (.text)
                   0002eaa8  [ 00017554 ] 00000021          *   eq_ti_huge.l55 : eq_ti_gain.obj (.text:_EQ_TI_setGain)
                   0002eac9  [ 00017564+] 00000020          *   sbl_cmd.obj (.text:_SBL_CMD_sectorErase)
                   0002eae9  [ 00017574+] 00000020          *   sbl_tl.obj (.text:_SBL_TL_sendACK)
                   0002eb09  [ 00017584+] 00000020          *   TIesrEngineC55.lib : uttdet.obj (.text:_SpeechEnded)
                   0002eb29  [ 00017594+] 0000001f          *   user_interface.obj (.text:_initUcStates)
                   0002eb48  [ 000175a4 ] 0000001f          *   rts55h.lib : memset.obj (.text)
                   0002eb67  [ 000175b3+] 0000001d          *   audio_data_collection.obj (.text:_resetRxPingPongBuf)
                   0002eb84  [ 000175c2 ] 0000001d          *   src_ti_huge.l55 : src_ti_ialg.obj (.text:algFree:_SRC_TI_algFree)
                   0002eba1  [ 000175d0+] 0000001c          *   eq.obj (.text:_EQ_setGains)
                   0002ebbd  [ 000175de+] 0000001c          *   eq.obj (.text:_EQ_setStatus)
                   0002ebd9  [ 000175ec+] 0000001c          *   TIesrEngineC55.lib : jac-estm.obj (.text:_cap_in_check)
                   0002ebf5  [ 000175fa+] 0000001b          *                      : jac_one.obj (.text:_GetTIesrJacRate)
                   0002ec10  [ 00017608 ] 0000001b          *                      : gmhmm_type_common.obj (.text:_GetTIesrPrune)
                   0002ec2b  [ 00017615+] 0000001b          *                      : gmhmm_type_common.obj (.text:_GetTIesrTransiWeight)
                   0002ec46  [ 00017623 ] 0000001b          *   rts55h.lib : fixdu.obj (.text)
                   0002ec61  [ 00017630+] 0000001a          *   TIesrEngineC55.lib : siinit.obj (.text:_CloseASR)
                   0002ec7b  [ 0001763d+] 0000001a          *   audio_utils.obj (.text:_src_delete)
                   0002ec95  [ 0001764a+] 0000001a          *   rts55h.lib : isinf.obj (.text)
                   0002ecaf  [ 00017657+] 00000019          *   TIesrEngineC55.lib : search.obj (.text:_init_beam_list)
                   0002ecc8  [ 00017664 ] 00000019          *   sys_state.obj (.text:_swi_sysStateFxn)
                   0002ece1  [ 00017670+] 00000018          *   TIesrEngineC55.lib : gmhmm_type_common.obj (.text:_GetRealTGuard)
                   0002ecf9  [ 0001767c+] 00000018          *                      : gmhmm_type_common.obj (.text:_GetRealTimeGuardTh)
                   0002ed11  [ 00017688+] 00000018          *                      : gmhmm_type_common.obj (.text:_GetTIesrNBest)
                   0002ed29  [ 00017694+] 00000018          *                      : gmhmm_type_common.obj (.text:_GetTIesrSBC)
                   0002ed41  [ 000176a0+] 00000018          *   ble_fw_upgrade.obj (.text:_ble_backdoor_ctrl)
                   0002ed59  [ 000176ac+] 00000017          *   TIesrEngineC55.lib : jac_one.obj (.text:_SetTIesrJacRate)
                   0002ed70  [ 000176b8 ] 00000017          *   audio_data_read.obj (.text:_mmcsdTransferDoneCallBack)
                   0002ed87  [ 000176c3+] 00000016          *   eq_ti_huge.l55 : eq_ti_gain.obj (.text:_EQ_TI_getGain)
                   0002ed9d  [ 000176ce+] 00000016          *   sbl_cmd.obj (.text:_SBL_CMD_ping)
                   0002edb3  [ 000176d9+] 00000016          *   TIesrEngineC55.lib : gmhmm_type_common.obj (.text:_SetTIesrCM)
                   0002edc9  [ 000176e4+] 00000016          *                      : gmhmm_type_common.obj (.text:_SetTIesrPrune)
                   0002eddf  [ 000176ef+] 00000016          *                      : gmhmm_type_common.obj (.text:_SetTIesrTransiWeight)
                   0002edf5  [ 000176fa+] 00000016          *   audio_data_read.obj (.text:_seek_file)
                   0002ee0b  [ 00017705+] 00000016          *   eq_ti_huge.l55 : eq_ti_ialg.obj (.text:algFree:_EQ_TI_algFree)
                   0002ee21  [ 00017710+] 00000015          *   TIesrEngineC55.lib : gmhmm_type_common.obj (.text:_GetTIesrORM)
                   0002ee36  [ 0001771b ] 00000015          *                      : rapidsearch.obj (.text:_cm_freeze)
                   0002ee4b  [ 00017725+] 00000015          *   rts55h.lib : strlen.obj (.text)
                   0002ee60  [ 00017730 ] 00000014          *   TIesrEngineC55.lib : gmhmm_type_common.obj (.text:_SetRealTGuard)
                   0002ee74  [ 0001773a ] 00000014          *                      : gmhmm_type_common.obj (.text:_SetRealTimeGuardTh)
                   0002ee88  [ 00017744 ] 00000014          *                      : gmhmm_type_common.obj (.text:_SetTIesrNBest)
                   0002ee9c  [ 0001774e ] 00000014          *                      : gmhmm_type_common.obj (.text:_SetTIesrORM)
                   0002eeb0  [ 00017758 ] 00000014          *                      : gmhmm_type_common.obj (.text:_SetTIesrSBC)
                   0002eec4  [ 00017762 ] 00000014          *   rts55h.lib : strcpy.obj (.text)
                   0002eed8  [ 0001776c ] 00000014          *              : subd.obj (.text)
                   0002eeec  [ 00017776 ] 00000013          *   TIesrEngineC55.lib : siinit.obj (.text:_GetMaxFrames)
                   0002eeff  [ 0001777f+] 00000013          *   src_ti_huge.l55 : src_ti_apply.obj (.text:_SRC_TI_isInputBufferEmpty)
                   0002ef12  [ 00017789 ] 00000013          *                   : src_ti_apply.obj (.text:_SRC_TI_isOutputBufferFull)
                   0002ef25  [ 00017792+] 00000013          *   TIesrEngineC55.lib : my_fileio.obj (.text:_my_fopen)
                   0002ef38  [ 0001779c ] 00000013          *   rts55h.lib : lmpy.obj (.text)
                   0002ef4b  [ 000177a5+] 00000012          *   src_ti_huge.l55 : src_ti_rate.obj (.text:_SRC_TI_getInputRate)
                   0002ef5d  [ 000177ae+] 00000012          *                   : src_ti_rate.obj (.text:_SRC_TI_getOutputRate)
                   0002ef6f  [ 000177b7+] 00000012          *   TIesrEngineC55.lib : load.obj (.text:_load_n_mfcc)
                   0002ef81  [ 000177c0+] 00000012          *   rts55h.lib : _lock.obj (.text)
                   0002ef93  [ 000177c9+] 00000011          *   TIesrEngineC55.lib : gmhmm_type_common.obj (.text:_GetTotalScore)
                   0002efa4  [ 000177d2 ] 00000011          *                      : search.obj (.text:_init_search_last_syms)
                   0002efb5  [ 000177da+] 00000010          *                      : gmhmm_type_common.obj (.text:_GetFrameCount)
                   0002efc5  [ 000177e2+] 00000010          *                      : gmhmm_type_common.obj (.text:_GetNumNbests)
                   0002efd5  [ 000177ea+] 00000010          *                      : gmhmm_type_common.obj (.text:_GetVolumeStatus)
                   0002efe5  [ 000177f2+] 00000010          *   audio_data_read.obj (.text:_MMCSD_Isr)
                   0002eff5  [ 000177fa+] 00000010          *   TIesrEngineC55.lib : uttdet.obj (.text:_SADState)
                   0002f005  [ 00017802+] 00000010          *                      : noise_sub.obj (.text:_init_spect_sub)
                   0002f015  [ 0001780a+] 00000010          *   rts55h.lib : negd.obj (.text)
                   0002f025  [ 00017812+] 00000010          *              : strcmp.obj (.text)
                   0002f035  [ 0001781a+] 0000000f          *   TIesrEngineC55.lib : gmhmm_type_common.obj (.text:_GetTIesrGaussSel)
                   0002f044  [ 00017822 ] 0000000f          *                      : gmhmm_type_common.obj (.text:_GetTIesrSS)
                   0002f053  [ 00017829+] 0000000f          *                      : my_fileio.obj (.text:_my_fclose)
                   0002f062  [ 00017831 ] 0000000e          *                      : gmhmm_type_common.obj (.text:_GetCycleCount)
                   0002f070  [ 00017838 ] 0000000e          *                      : uttdet.obj (.text:_SpeechDetected)
                   0002f07e  [ 0001783f ] 0000000e          *                      : mfcc_f.obj (.text:_ss_frameEn)
                   0002f08c  [ 00017846 ] 0000000d          *                      : gmhmm_type_common.obj (.text:_SetTIesrGaussSel)
                   0002f099  [ 0001784c+] 0000000d          *                      : gmhmm_type_common.obj (.text:_SetTIesrSS)
                   0002f0a6  [ 00017853 ] 0000000a          *   rts55h.lib : remove.obj (.text)
                   0002f0b0  [ 00017858 ] 00000009          *   TIesrEngineC55.lib : rapidsearch.obj (.text:_cm_close)
                   0002f0b9  [ 0001785c+] 00000008          *   rts55h.lib : clearerr.obj (.text)
                   0002f0c1  [ 00017860+] 00000007          *              : exit.obj (.text:CIO_breakpoint)
                   0002f0c8  [ 00017864 ] 00000006          *   sys_init.obj (.text:_userIdle)
                   0002f0ce  [ 00017867 ] 00000004          *   eq_ti_huge.l55 : eq_ti_ialg.obj (.text:algNumAlloc:_EQ_TI_algNumAlloc)
                   0002f0d2  [ 00017869 ] 00000004          *   src_ti_huge.l55 : src_ti_ialg.obj (.text:algNumAlloc:_SRC_TI_algNumAlloc)
                   0002f0d6  [ 0001786b ] 00000002          *   sys_state.obj (.text:_processVoiceCmd)
                   0002f0d8  [ 0001786c ] 00000002          *   user_interface.obj (.text:_swi_LcdDisplayFxn)
                   0002f0da  [ 0001786d ] 00000002          *   eq.obj (.text:init:_EQ_init)
                   0002f0dc  [ 0001786e ] 00000002          *   --HOLE-- [fill = 20]

.SARAM$heap 
*            0   [ 0002f0de ]  0001786f          *   0000a000   UNINITIALIZED
                 [ 0002f0de ]  0001786f          *   0000a000   --HOLE--

.waveData 
*            0   [ 000430de ]  0002186f          *   00002000   UNINITIALIZED
                 [ 000430de ]  0002186f          *   00002000   audio_data_read.obj (.waveData)

.gd_var      0   [ 000470de ]  0002386f          *   00000cbd   
                 [ 000470de ]  0002386f          *   00000cbd   gd_var.obj (.gd_var)

.bios        0     00048a58  [ 0002452c ] 0000169c          *   
                   00048a58  [ 0002452c ] 000003ac          *   bios_NONINST.a55H : swi.o55H (.bios)
                   00048e04  [ 00024702 ] 00000262          *                     : hwi_disp_asm.o55H (.bios)
                   00049066  [ 00024833 ] 00000002          *   --HOLE-- [fill = 20]
                   00049068  [ 00024834 ] 00000195          *                     : malloc.o55H (.bios)
                   000491fd  [ 000248fe ] 00000003          *   --HOLE-- [fill = 20]
                   00049200  [ 00024900 ] 00000177          *                     : mem_allo.o55H (.bios:.near)
                   00049377  [ 000249bb ] 00000001          *   --HOLE-- [fill = 20]
                   00049378  [ 000249bc ] 00000154          *                     : knl_run.o55H (.bios)
                   000494cc  [ 00024a66 ] 00000143          *                     : mem_free.o55H (.bios:.near)
                   0004960f  [ 00024b07 ] 00000001          *   --HOLE-- [fill = 20]
                   00049610  [ 00024b08 ] 00000141          *                     : sem_pend.o55H (.bios)
                   00049751  [ 00024ba8+] 0000010a          *                     : knl_swit.o55H (.bios)
                   0004985b  [ 00024c2d ] 00000001          *   --HOLE-- [fill = 20]
                   0004985c  [ 00024c2e ] 000000f4          *                     : knl_tick.o55H (.bios)
                   00049950  [ 00024ca8 ] 000000cf          *                     : tsk_exit.o55H (.bios)
                   00049a1f  [ 00024d0f ] 00000001          *   --HOLE-- [fill = 20]
                   00049a20  [ 00024d10 ] 000000c0          *                     : tsk_stup.o55H (.bios)
                   00049ae0  [ 00024d70 ] 000000b2          *                     : sem_dopo.o55H (.bios)
                   00049b92  [ 00024dc9 ] 00000002          *   --HOLE-- [fill = 20]
                   00049b94  [ 00024dca ] 000000b2          *                     : tsk_setu.o55H (.bios)
                   00049c46  [ 00024e23 ] 00000065          *                     : knl_chec.o55H (.bios)
                   00049cab  [ 00024e55 ] 00000001          *   --HOLE-- [fill = 20]
                   00049cac  [ 00024e56 ] 00000059          *                     : knl_ipos.o55H (.bios)
                   00049d05  [ 00024e82 ] 00000003          *   --HOLE-- [fill = 20]
                   00049d08  [ 00024e84 ] 00000058          *                     : lck.o55H (.bios)
                   00049d60  [ 00024eb0 ] 0000004a          *                     : log.o55H (.bios)
                   00049daa  [ 00024ed5 ] 00000048          *                     : sem_pend_counting.o55H (.bios)
                   00049df2  [ 00024ef9 ] 00000048          *                     : sem_post_asm.o55H (.bios)
                   00049e3a  [ 00024f1d ] 00000048          *                     : sts.o55H (.bios)
                   00049e82  [ 00024f41 ] 00000002          *   --HOLE-- [fill = 20]
                   00049e84  [ 00024f42 ] 00000048          *                     : sys_exit.o55H (.bios)
                   00049ecc  [ 00024f66 ] 00000037          *                     : knl_exit.o55H (.bios)
                   00049f03  [ 00024f81 ] 00000001          *   --HOLE-- [fill = 20]
                   00049f04  [ 00024f82 ] 00000036          *                     : mem_vall.o55H (.bios:.near)
                   00049f3a  [ 00024f9d ] 00000002          *   --HOLE-- [fill = 20]
                   00049f3c  [ 00024f9e ] 00000035          *                     : utl_putc.o55H (.bios)
                   00049f71  [ 00024fb8+] 00000034          *   bios5505.a55H : clk_itime.o55H (.bios)
                   00049fa5  [ 00024fd2 ] 00000003          *   --HOLE-- [fill = 20]
                   00049fa8  [ 00024fd4 ] 00000034          *   bios_NONINST.a55H : knl_post.o55H (.bios)
                   00049fdc  [ 00024fee ] 00000025          *                     : fxn.o55H (.bios)
                   0004a001  [ 00025000 ] 00000003          *   --HOLE-- [fill = 20]
                   0004a004  [ 00025002 ] 00000023          *                     : utl_doab.o55H (.bios)
                   0004a027  [ 00025013 ] 00000001          *   --HOLE-- [fill = 20]
                   0004a028  [ 00025014 ] 00000020          *                     : utl_doer.o55H (.bios)
                   0004a048  [ 00025024 ] 0000001e          *                     : sem_post.o55H (.bios)
                   0004a066  [ 00025033 ] 00000002          *   --HOLE-- [fill = 20]
                   0004a068  [ 00025034 ] 0000001a          *                     : hwi_xable.o55H (.bios)
                   0004a082  [ 00025041 ] 00000002          *   --HOLE-- [fill = 20]
                   0004a084  [ 00025042 ] 00000017          *                     : sys_abor.o55H (.bios)
                   0004a09b  [ 0002504d ] 00000001          *   --HOLE-- [fill = 20]
                   0004a09c  [ 0002504e ] 00000016          *                     : sys_erro.o55H (.bios:.near)
                   0004a0b2  [ 00025059 ] 0000000c          *                     : idl.o55H (.bios)
                   0004a0be  [ 0002505f ] 0000000c          *                     : swi_inc.o55H (.bios)
                   0004a0ca  [ 00025065 ] 00000009          *                     : swi_disable.o55H (.bios)
                   0004a0d3  [ 00025069 ] 00000001          *   --HOLE-- [fill = 20]
                   0004a0d4  [ 0002506a ] 00000008          *                     : utl_halt.o55H (.bios)
                   0004a0dc  [ 0002506e ] 00000007          *                     : swi_getmbox.o55H (.bios)
                   0004a0e3  [ 00025071+] 00000006          *                     : gbl_vers.o55H (.bios)
                   0004a0e9  [ 00025074 ] 00000003          *   --HOLE-- [fill = 20]
                   0004a0ec  [ 00025076 ] 00000002          *   bios5505.a55H : clk5505_wdog.o55H (.bios)
                   0004a0ee  [ 00025077 ] 00000002          *   --HOLE-- [fill = 20]
                   0004a0f0  [ 00025078 ] 00000002          *   bios_NONINST.a55H : fxn_c.o55H (.bios)
                   0004a0f2  [ 00025079 ] 00000002          *   --HOLE-- [fill = 20]

.cinit       0   [ 0004a0f4 ]  0002507a          *   00000867   
                 [ 0004a0f4 ]  0002507a          *   0000033e   c55AudioDemocfg.obj (.cinit)
                 [ 0004a770 ]  000253b8          *   000000af   bios_NONINST.a55H : biosdata.o55H (.cinit)
                 [ 0004a8ce ]  00025467          *   000000ad   sys_state.obj (.cinit)
                 [ 0004aa28 ]  00025514          *   000000a0   bios_NONINST.a55H : knl.o55H (.cinit)
                 [ 0004ab68 ]  000255b4          *   00000086   audio_data_collection.obj (.cinit)
                 [ 0004ac74 ]  0002563a          *   00000051   codec_config.obj (.cinit)
                 [ 0004ad16 ]  0002568b          *   00000045   audio_utils.obj (.cinit)
                 [ 0004ada0 ]  000256d0          *   00000042   recognizer.obj (.cinit)
                 [ 0004ae24 ]  00025712          *   00000034   audio_data_read.obj (.cinit)
                 [ 0004ae8c ]  00025746          *   00000033   bios_NONINST.a55H : tsk.o55H (.cinit)
                 [ 0004aef2 ]  00025779          *   0000002e                     : tsk_stup.o55H (.cinit)
                 [ 0004af4e ]  000257a7          *   0000002d   rts55h.lib : lowlev.obj (.cinit)
                 [ 0004afa8 ]  000257d4          *   0000002c   ble_fw_upgrade.obj (.cinit)
                 [ 0004b000 ]  00025800          *   0000002a   rts55h.lib : defs.obj (.cinit)
                 [ 0004b054 ]  0002582a          *   00000023   C55XXCSL_LP.lib : csl_mmcsd_ataIf.obj (.cinit)
                 [ 0004b09a ]  0002584d          *   0000001d   TIesrEngineC55.lib : load.obj (.cinit)
                 [ 0004b0d4 ]  0002586a          *   00000010   sbl_image_int.obj (.cinit)
                 [ 0004b0f4 ]  0002587a          *   0000000f   bios_NONINST.a55H : utl_putc.o55H (.cinit)
                 [ 0004b112 ]  00025889          *   0000000b                     : knl_tick.o55H (.cinit)
                 [ 0004b128 ]  00025894          *   0000000a                     : obj_init.o55H (.cinit)
                 [ 0004b13c ]  0002589e          *   0000000a                     : sys.o55H (.cinit)
                 [ 0004b150 ]  000258a8          *   0000000a   rts55h.lib : _lock.obj (.cinit)
                 [ 0004b164 ]  000258b2          *   0000000a              : exit.obj (.cinit)
                 [ 0004b178 ]  000258bc          *   0000000a   sbl.obj (.cinit)
                 [ 0004b18c ]  000258c6          *   00000008   C55XXCSL_LP.lib : csl_i2s.obj (.cinit)
                 [ 0004b19c ]  000258ce          *   00000005   bios_NONINST.a55H : knl_swit.o55H (.cinit)
                 [ 0004b1a6 ]  000258d3          *   00000005   user_interface.obj (.cinit)
                 [ 0004b1b0 ]  000258d8          *   00000004   rts55h.lib : errno.obj (.cinit)
                 [ 0004b1b8 ]  000258dc          *   00000004              : fopen.obj (.cinit)
                 [ 0004b1c0 ]  000258e0          *   00000001   --HOLE-- [fill = 0]

.gd_mixture 
*            0   [ 0004b1c2 ]  000258e1          *   00000263   
                 [ 0004b1c2 ]  000258e1          *   00000263   gd_mixture.obj (.gd_mixture)

.printf      0   [ 0004b688 ]  00025b44          *   00000174   
                 [ 0004b688 ]  00025b44          *   00000174   c55AudioDemocfg.obj (.printf)

.sysinit     0     0004b970  [ 00025cb8 ] 000002cc          *   
                   0004b970  [ 00025cb8 ] 000000b6          *   c55AudioDemocfg.obj (.sysinit)
                   0004ba26  [ 00025d13 ] 00000002          *   --HOLE-- [fill = 20]
                   0004ba28  [ 00025d14 ] 000000a4          *   bios_NONINST.a55H : mem_init.o55H (.sysinit)
                   0004bacc  [ 00025d66 ] 0000008a          *                     : tsk_init.o55H (.sysinit)
                   0004bb56  [ 00025dab ] 00000071          *                     : autoinit.o55H (.sysinit)
                   0004bbc7  [ 00025de3+] 0000006f          *                     : boot.o55H (.sysinit)
                   0004bc36  [ 00025e1b ] 00000002          *   --HOLE-- [fill = 20]
                   0004bc38  [ 00025e1c ] 00000002          *                     : obj_init.o55H (.sysinit)
                   0004bc3a  [ 00025e1d ] 00000002          *   --HOLE-- [fill = 20]

.gd_tran     0   [ 0004bc3c ]  00025e1e          *   0000012b   
                 [ 0004bc3c ]  00025e1e          *   0000012b   gd_tran.obj (.gd_tran)

.gd_config 
*            0   [ 0004be92 ]  00025f49          *   00000003   
                 [ 0004be92 ]  00025f49          *   00000003   gd_config.obj (.gd_config)

.cio         0   [ 0004be98 ]  00025f4c          *   00000120   UNINITIALIZED
                 [ 0004be98 ]  00025f4c          *   00000120   rts55h.lib : trgmsg.obj (.cio)

.gd_gconst 
*            0   [ 0004c0d8 ]  0002606c          *   000000a4   
                 [ 0004c0d8 ]  0002606c          *   000000a4   gd_gconst.obj (.gd_gconst)

.gd_hmm      0   [ 0004c220 ]  00026110          *   00000091   
                 [ 0004c220 ]  00026110          *   00000091   gd_hmm.obj (.gd_hmm)

.gd_dim      0   [ 0004c342 ]  000261a1          *   00000001   
                 [ 0004c342 ]  000261a1          *   00000001   gd_dim.obj (.gd_dim)

.switch      0   [ 0004c344 ]  000261a2          *   00000072   
                 [ 0004c344 ]  000261a2          *   00000020   C55XXCSL_LP.lib : csl_dma.obj (.switch:_DMA_config)
                 [ 0004c384 ]  000261c2          *   00000020                   : csl_dma.obj (.switch:_DMA_getConfig)
                 [ 0004c3c4 ]  000261e2          *   00000020                   : csl_dma.obj (.switch:_DMA_reset)
[...]
0002376b                _mel_scale_fft_spectrum
00023aed                _compute_regression
00023ca4                _codecInputSelect
0002400c                _swi_SysInitFxn
000241b7                _cm_open
0002435c                _fft
000244fa                __AtaWriteFatEntry
00024826                __AtaReadFatEntryAtPhySector
000249ad                _fft_spectrum_to_mfcc
00024cb2                _fputs
00024e01                _puts
00024e2d                _extractWaveInfo
00025118                _log_spectral_compensation
0002528c                _pmc
00025400                _swi_updateBleFWFxn
00025568                _updateDisplay
000256cf                _DMA_Isr
00025af4                _pll_sample
00025da4                _userInterfaceInit
00025ef6                _SRC_TI_setOutputRate
00026045                _SRC_TI_algInit
00026194                _SRC_TI_setInputRate
000262e1                _main
0002642e                __mpyd
00026579                _fread
000266c1                _EQ_create
00026806                _dim_p2_init
0002694b                _hlr_expn
00026a8b                _cos_transform
00026bc8                _cm_acc_seg_ratio_to_antimodel
00026cff                _free_models
00026e36                __AtaGetDirEntry
000271c3                _SPI_sendCommand
000272ec                _ATA_seek
00027415                _print_char
00027884                __AtaCalculatePhySectorAndOffsetFromDirEntry
00027a92                _startDma
00027b90                _load_word_list
00027c8c                _aic_SetADCBiQuad
00027d84                _SRC_create
00027e7b                _CloseSearchEngine
00027f6f                _div32_32
00028063                _setvbuf
00028156                _ascii2HexBytes
00028248                _eq_config
00028339                _get_record_details
0002842a                _processCommand
00028518                _set_search_space
000286eb                _open_first_file
000287d4                _GPIO_Isr
000288bc                __AtaFindNextAvailableCluster
00028a8b                __AtaReadWord
00028c51                _swi_AudioDataCollectionFxn
00028d33                _swi_UserInputFxn
00028fd2                _vector_packing
000290b0                _JAC_save
0002918c                _EM_alpha_t
00029340                __wrt_ok
000293bd                __rd_ok
0002941a                __AtaFindNext
000294f3                _log_polyfit
000295c7                _pow_polyfit
0002969b                _SRC_TI_apply
0002976e                _ss_update_meanEn
00029913                _selectAudioSource
000299e0                _GpioInit
00029aab                _mfcc_a_window
00029c3f                _get_high_addr
00029d07                _observation_likelihood
00029dce                _cm_save
00029e92                _print_string
00029f51                _swi_ReadAudioDataFxn
0002a010                _writemsg
0002a0c9                C$$IO$$
0002a0ce                _swi_AudioMicDataCollectionFxn
0002a306                _hlr_expn_q
0002a53c                _swi_ReadSPIDataFxn
0002a76d                _find_ble_stack_firmware
0002a827                __doflush
0002a889                _fflush
0002a8e1                _GetAnswerWord
0002a992                _appGetSysClk
0002aa42                __AtaRead
0002ab9f                _EQ_TI_algInit
0002ac4a                __AtaFindNextBrokenCluster
0002ad9f                _inverse_cos_transform
0002ae49                _my_fwrite
0002aef3                __buff_read
0002af99                _fputc
0002af99                _putc
0002b02c                _putchar
0002b03b                __divul
0002b0db                _processPushButton
0002b217                _read_file
0002b347                _ATA_cdRoot
0002b3a6                _ATA_cd
0002b3df                _cm_load
0002b50a                _load_mu
0002b634                _SBL_eraseFlash
0002b75c                _ATA_sleep
0002b770                _ATA_readLittleEndian
0002b7b0                _ATA_read
0002b7f0                _ss_est_frmEn
0002b883                _cm_backup_adp
0002b915                _cm_restore_adp
0002ba37                _src_config
0002bac4                _init_spi
0002bbdc                _vector_unpacking
0002bc68                _cm_init
0002bcf3                _JAC_clear
0002bd7d                _SBL_TL_sendCmd16
0002be07                _SBL_TL_sendCmd
0002be91                _aic_writeCoef
0002bf9b                _hlr_logsum
0002c01e                _q15_x
0002c124                _OpenASR
0002c1a6                _jac_one_mean
0002c227                _download_data
0002c2a7                _clear_lcd_page
0002c39e                _aic_writeCoef_2
0002c419                _ClockGatingAll
0002c493                _bleFWUpgrade
0002c50c                _init_rtc
0002c585                _ltoa
0002c5fe                __AtaFlush
0002c675                __AtaCalculatePhySectorAndOffsetOfFatEntry
0002c6bb                __AtaCalculatePhySectorAndOffsetFromCluster
0002c762                _fclose
0002c7d8                __fixdul
0002c84e                __frcmpyd
0002c8c4                _hlr_log_one
0002c939                _ftell
0002c9ae                _stopPlay
0002ca21                __frcmpyd_div
0002ca94                _swapBytes
0002cb05                __remul
0002cbe4                _readBleFirmware
0002cc53                _signal_to_power_spectrum
0002cd30                __fixdli
0002cd9e                _SBL_TL_getRsp
0002ce75                _JAC_set_default_params
0002cee0                _readmsg
0002cfb5                _GetTIesrJAC
0002d01e                _SRC_TI_getStatus
0002d087                _fseek
0002d0ef                __fltlid
0002d156                _getCurrentPBNState
0002d1ba                _OpenSearchEngine
0002d21b                _chkAllowedPBNState
0002d279                _nbr_coding
0002d390                _EQ_TI_setStatus
0002d3eb                _checkWaveHeader
0002d446                _fx_sqrt
0002d4a1                __AtaReadSector
0002d4fc                __fltuld
0002d557                CLK_TIMER1FUNC
0002d557                _gpt1Isr
0002d5b1                __AtaReadDoubleWord
0002d5f9                __AtaReadByte
0002d60b                _atoi
0002d664                _updateMcStates
0002d6ba                _memcpy
0002d710                _init_uttdet
0002d765                _SetTIesrJAC
0002d7b9                _cm_update_status
0002d80d                _SRC_TI_setStatus
0002d860                _GetTIesrSAD
0002d8b1                _I2cInit
0002d900                _printf
0002d99b                _startPlay
0002d9e8                __remli
0002da33                _aic_SetBiQuadSection
0002da7d                _aic_SetOrd1IIRSection
0002dac7                _load_model_file
0002db11                _swi_SendSPIDataFxn
0002db5b                _ATA_isDir
0002db65                _ATA_findNext
0002db88                _ATA_findFirst
0002dba5                _DeviceInit
0002dbed                __divli
0002dc35                _OSD9616_send
0002dc7c                _SBL_CMD_getStatus
0002dcc3                _byteshift
0002dd0a                _set_default_uttdet
0002dd4f                _GetAnswerIndex
0002dd93                _SRC_TI_getIndex
0002de1a                _GetAnswerCount
0002de9e                _spi_send_ping
0002df21                _SBL_CMD_uint32to16
0002dfe3                _SetTIesrSAD
0002e023                _resetRxCircBuf
0002e063                _set_volume_flag
0002e0a2                _exit
0002e0e0                _GetSearchMemorySize
0002e11d                _pausePlay
0002e15a                _update_level
0002e197                _userInterfaceStart
0002e1d4                _reset_ble
0002e210                _ATA_fileInit
0002e24c                _RTC_isr
0002e2c1                _SBL_CMD_download
0002e2fa                _free_scales
0002e36c                _DmaInit
0002e3a4                _stopDma
0002e3dc                _EQ_TI_setGains
0002e413                _EQ_TI_algAlloc
0002e44a                __AtaReadFatEntry
0002e481                _updateUcStates
0002e4b7                _C55x_delay_msec
0002e4ec                _SRC_delete
0002e520                _fileAccessErrDisp
0002e554                _fileFormatErrDisp
0002e588                _resetCircBuf
0002e5bc                _sdAccessErrDisp
0002e5f0                _EQ_TI_getStatus
0002e623                _DspLdoSwitch
0002e655                _UsbLdoSwitch
0002e6b7                _GetTIesrCM
0002e6e6                _cm_antiscr
0002e714                _SRC_TI_setOutput
0002e741                _CallSearchEngine
0002e76b                _GetTIesrVolRange
0002e7bf                _circ_idx
0002e7e9                _SRC_TI_algAlloc
0002e813                __fixdi
0002e83d                I$$UDIV
0002e83d                __divu
0002e852                I$$UMOD
0002e852                __remu
0002e867                _JAC_load
0002e890                _SRC_TI_setInput
0002e8b8                _cm_set_param
0002e8df                _swi_AudioDataProcessFxn
0002e906                _resumePlay
0002e92b                _SBL_CMD_sendData
0002e94f                _clear_lcd
0002e973                _load_model_config
0002e996                _src_set_samplerate
0002e9b9                _strncmp
0002e9dc                _EQ_TI_getGains
0002e9fe                _EQ_apply
0002ea20                _GetConfidenceScore
0002ea42                _SetTIesrVolRange
0002ea64                _fileReadStatusDisp
0002ea86                _memccpy
0002eaa8                _EQ_TI_setGain
0002eac9                _SBL_CMD_sectorErase
0002eb09                _SpeechEnded
0002eb29                _initUcStates
0002eb48                _memset
0002eb67                _resetRxPingPongBuf
0002eb84                _SRC_TI_algFree
0002eba1                _EQ_setGains
0002ebbd                _EQ_setStatus
0002ebf5                _GetTIesrJacRate
0002ec10                _GetTIesrPrune
0002ec2b                _GetTIesrTransiWeight
0002ec46                __fixdu
0002ec61                _CloseASR
0002ec7b                _src_delete
0002ec95                ___isinf
0002ecc8                _swi_sysStateFxn
0002ece1                _GetRealTGuard
0002ecf9                _GetRealTimeGuardTh
0002ed11                _GetTIesrNBest
0002ed29                _GetTIesrSBC
0002ed41                _ble_backdoor_ctrl
0002ed59                _SetTIesrJacRate
0002ed70                _mmcsdTransferDoneCallBack
0002ed87                _EQ_TI_getGain
0002ed9d                _SBL_CMD_ping
0002edb3                _SetTIesrCM
0002edc9                _SetTIesrPrune
0002eddf                _SetTIesrTransiWeight
0002edf5                _seek_file
0002ee0b                _EQ_TI_algFree
0002ee21                _GetTIesrORM
0002ee36                _cm_freeze
0002ee4b                _strlen
0002ee60                _SetRealTGuard
0002ee74                _SetRealTimeGuardTh
0002ee88                _SetTIesrNBest
0002ee9c                _SetTIesrORM
0002eeb0                _SetTIesrSBC
0002eec4                _strcpy
0002eed8                __subd
0002eeec                _GetMaxFrames
0002eeff                _SRC_TI_isInputBufferEmpty
0002ef12                _SRC_TI_isOutputBufferFull
0002ef25                _my_fopen
0002ef38                I$$LMPY
0002ef38                __mpyli
0002ef4b                _SRC_TI_getInputRate
0002ef5d                _SRC_TI_getOutputRate
0002ef6f                _load_n_mfcc
0002ef81                __register_unlock
0002ef89                __register_lock
0002ef91                __nop
0002ef93                _GetTotalScore
0002efb5                _GetFrameCount
0002efc5                _GetNumNbests
0002efd5                _GetVolumeStatus
0002efe5                _MMCSD_Isr
0002eff5                _SADState
0002f005                _init_spect_sub
0002f015                __negd
0002f025                _strcmp
0002f035                _GetTIesrGaussSel
0002f044                _GetTIesrSS
0002f053                _my_fclose
0002f062                _GetCycleCount
0002f070                _SpeechDetected
0002f08c                _SetTIesrGaussSel
0002f099                _SetTIesrSS
0002f0a6                _remove
0002f0b0                _cm_close
0002f0b9                _clearerr
0002f0c1                _abort
0002f0c2                C$$EXIT
0002f0c8                _userIdle
0002f0ce                _EQ_TI_algNumAlloc
0002f0d2                _SRC_TI_algNumAlloc
0002f0d6                _processVoiceCmd
0002f0d8                _swi_LcdDisplayFxn
0002f0da                _EQ_init
0002f0de                SARAM$Bb
0002f0de                _SARAM_baseb
0002f0de                ___etext__
0002f0de                etext
            0002186f    _gWaveFileData
            0002386f    _gVar
00048a58                SWI_F_enable
00048a58                _SWI_enable
00048a85                SWI_F_post
00048a85                _SWI_post
00048b04                SWI_F_exec_sync
00048b87                SWI_EXECFXN
00048b87                SWI_F_exec
00048c68                SWI_F_run
00048c68                SWI_RUNFXN
00048d68                logPost
00048dba                stsPost
00048e04                HWI_F_dispatch
00048e04                _HWI_F_dispatch
00049068                _malloc
000490a4                _memalign
00049130                _calloc
00049178                _free
0004919c                _realloc
00049200                _MEM_alloc
0004920c                _MEM_allocPage
00049378                _KNL_run
000494cc                _MEM_free
00049610                _SEM_pendEnterKnl
00049751                _KNL_switch
0004979f                KNL_glue
000497de                KNL_tick_stub
000497de                PRD_THOOKFXN
000497fe                _KNL_saveIsrFrame
00049940                _KNL_tick
00049950                _TSK_exit
00049a7c                _TSK_startup
00049ae0                __SEM_dopost
00049b94                _TSK_setup
00049c46                _KNL_check
00049c7f                _KNL_idle
00049c96                _KNL_max
00049cac                _KNL_ipost
00049d08                _LCK_post
00049d28                _LCK_pend
00049d60                LOG_F_event
00049d60                _LOG_event
00049daa                _SEM_pend
00049df2                _SEM_post
00049df2                _SEM_postBinary
00049e3a                STS_F_delta
00049e3a                _STS_delta
00049e5c                STS_F_add
00049e5c                _STS_add
00049e74                STS_F_reset
00049e74                _STS_reset
00049e84                _SYS_exit
00049ecc                _KNL_enter
00049ee4                _KNL_exit
00049f04                _MEM_valloc
00049f3c                SYS_PUTCFXN
00049f3c                _UTL_doPutc
00049f71                CLK_F_itime
00049f71                _CLK_itime
00049fa8                _KNL_post
00049fdc                CLK_HOOKFXN
00049fdc                CLK_TIMER0FUNC
00049fdc                CLK_TIMER2FUNC
00049fdc                FXN_F_nop
00049fde                FXN_F_run
00049ffb                CLK_F_gethtime
00049ffb                CLK_TIMEFXN
00049ffb                FXN_F_zero
00049fff                FXN_F_selfLoop
0004a004                SYS_ABORTFXN
0004a004                _UTL_doAbort
0004a028                SYS_ERRORFXN
0004a028                _UTL_doError
0004a048                _SEM_postEnterKnl
0004a068                _HWI_disable
0004a078                _HWI_enable
0004a07c                _HWI_restore
0004a084                _SYS_abort
0004a09c                _SYS_error
0004a0b2                IDL_F_loop
0004a0b2                _IDL_loop
0004a0be                _SWI_inc
0004a0ca                _SWI_disable
0004a0d4                SYS_EXITFXN
0004a0d4                _UTL_halt
0004a0dc                _SWI_getmbox
0004a0e3                _GBL_getVersion
0004a0ec                _CLK_wdogdisable
0004a0f0                GBL_BIOS_BOOTFXN
0004a0f0                GBL_USERINITFXN
0004a0f0                GIO_CREATEFXN
0004a0f0                GIO_DELETEFXN
0004a0f0                GIO_PENDFXN
0004a0f0                GIO_POSTFXN
0004a0f0                PWRM_PWRM_BOOTHOOKFXN
0004a0f0                TSK_VCREATEFXN
0004a0f0                TSK_VDELETEFXN
0004a0f0                TSK_VEXITFXN
0004a0f0                _FXN_F_nop
            0002507a    ___cinit__
            0002507a    cinit
            000258e1    _gMixture
            00025b44    _HST_HOST_CHANNEL_DRIVER
            00025b4c    KNL_swi$sts$maxfmt
            00025b54    KNL_swi$sts$sumfmt
            00025b5c    KNL_swi$sts$avgfmt
            00025b66    SWI_AudioDataCollection$sts$maxfmt
            00025b6e    SWI_AudioDataCollection$sts$sumfmt
            00025b76    SWI_AudioDataCollection$sts$avgfmt
            00025b80    SWI_AudioDataProcess$sts$maxfmt
            00025b88    SWI_AudioDataProcess$sts$sumfmt
            00025b90    SWI_AudioDataProcess$sts$avgfmt
            00025b9a    SWI_AudioMicDataCollection$sts$maxfmt
            00025ba2    SWI_AudioMicDataCollection$sts$sumfmt
            00025baa    SWI_AudioMicDataCollection$sts$avgfmt
            00025bb4    SWI_LcdDisplay$sts$maxfmt
            00025bbc    SWI_LcdDisplay$sts$sumfmt
            00025bc4    SWI_LcdDisplay$sts$avgfmt
            00025bce    SWI_Recognizer$sts$maxfmt
            00025bd6    SWI_Recognizer$sts$sumfmt
            00025bde    SWI_Recognizer$sts$avgfmt
            00025be8    SWI_SysInit$sts$maxfmt
            00025bf0    SWI_SysInit$sts$sumfmt
            00025bf8    SWI_SysInit$sts$avgfmt
            00025c02    SWI_SysState$sts$maxfmt
            00025c0a    SWI_SysState$sts$sumfmt
            00025c12    SWI_SysState$sts$avgfmt
            00025c1c    SWI_UserInput$sts$maxfmt
            00025c24    SWI_UserInput$sts$sumfmt
            00025c2c    SWI_UserInput$sts$avgfmt
            00025c36    SWI_readAudioData$sts$maxfmt
            00025c3e    SWI_readAudioData$sts$sumfmt
            00025c46    SWI_readAudioData$sts$avgfmt
            00025c50    SWI_readSPIData$sts$maxfmt
            00025c58    SWI_readSPIData$sts$sumfmt
            00025c60    SWI_readSPIData$sts$avgfmt
            00025c6a    SWI_sendSPIData$sts$maxfmt
            00025c72    SWI_sendSPIData$sts$sumfmt
            00025c7a    SWI_sendSPIData$sts$avgfmt
            00025c84    SWI_updateBleFW$sts$maxfmt
            00025c8c    SWI_updateBleFW$sts$sumfmt
            00025c94    SWI_updateBleFW$sts$avgfmt
            00025c9e    SWI_updateDisplay$sts$maxfmt
            00025ca6    SWI_updateDisplay$sts$sumfmt
            00025cae    SWI_updateDisplay$sts$avgfmt
0004b970                BIOS_init
0004b970                _BIOS_init
0004b9fa                BIOS_start
0004b9fa                _BIOS_start
0004ba28                _MEM_init
0004bacc                _TSK_init
0004bb56                _auto_init
0004bbc7                _c_int00
0004bc38                _OBJ_init
            00025e1e    _gTran
            00025f49    _gConfig
            00025f4c    __CIOBUF_
            0002606c    _gGconst
            00026110    _gHmm
            000261a1    _gDim
            00026214    _gPdf
            00026270    _gNet
            000262c4    _gWord
00f80000                GBL_CACHEICRTAG1
00f81000                GBL_CACHEICRTAG2
            007f0000    _CharGen_6x8
ffffffff                Char_ROM
ffffffff                DARAM
ffffffff                HST_DSMBUFSEG
ffffffff                NAND
ffffffff                NOR
ffffffff                RTDX_DATAMEMSEG
ffffffff                SARAM31
ffffffff                SRAM
ffffffff                VECT
ffffffff                _Char_ROM
ffffffff                _DARAM
ffffffff                _NAND
ffffffff                _NOR
ffffffff                _SARAM31
ffffffff                _SRAM
ffffffff                _VECT
ffffffff                ___binit__
ffffffff                ___c_args__
ffffffff                ___pinit__
ffffffff                binit
ffffffff                pinit

[1827 symbols]
