******************************************************************************
              TMS320C55x Linker PC v4.3.5                      
******************************************************************************
>> Linked Tue Apr 26 14:47:10 2011

OUTPUT FILE NAME:   <E:/Dsp_Program/Porgrame_For_CCS4/5509easy/WDT/Debug/wdt.out>
ENTRY POINT SYMBOL: "_c_int00"  address: 00007745


MEMORY CONFIGURATION

         name            origin    length      used     unused   attr    fill
                        (bytes)   (bytes)    (bytes)   (bytes)
----------------------  --------  ---------  --------  --------  ----  --------
PAGE 0:
  PROG0                 00004000   00008000  00003cde  00004322  RW X
  P_VECT                0000ff80   00000080  00000000  00000080  R IX

PAGE 1:
  DATA0                 0000c000   00004000  0000190c  000026f4  RW  


SECTION ALLOCATION MAP
(Addresses surrounded by []'s are displayed for convenience only!)

output                                                          attributes/
section   page  orgn(bytes) orgn(words) len(bytes) len(words)   input sections
--------  ----  ----------- ----------- ---------- ----------   --------------
.text        0     00004000  [ 00002000 ] 00003ad0          *   
                   00004000  [ 00002000 ] 00001320          *   rts55.lib : _printfi.obj (.text)
                   00005320  [ 00002990 ] 0000046c          *             : lowlev.obj (.text)
                   0000578c  [ 00002bc6 ] 00000465          *             : trgdrv.obj (.text)
                   00005bf1  [ 00002df8+] 00000380          *             : memory.obj (.text)
                   00005f71  [ 00002fb8+] 00000362          *             : divd.obj (.text)
                   000062d3  [ 00003169+] 0000025f          *             : addd.obj (.text)
                   00006532  [ 00003299 ] 0000025e          *             : llmpy.obj (.text)
                   00006790  [ 000033c8 ] 00000222          *             : fopen.obj (.text)
                   000069b2  [ 000034d9 ] 000001ea          *             : cmpd.obj (.text)
                   00006b9c  [ 000035ce ] 00000158          *             : mpyd.obj (.text)
                   00006cf4  [ 0000367a ] 0000012a          *             : fputs.obj (.text)
                   00006e1e  [ 0000370f ] 000000c8          *             : frcmpyd_div.obj (.text)
                   00006ee6  [ 00003773 ] 000000b4          *             : _io_perm.obj (.text)
                   00006f9a  [ 000037cd ] 000000ad          *             : setvbuf.obj (.text)
                   00007047  [ 00003823+] 000000aa          *             : fflush.obj (.text)
                   000070f1  [ 00003878+] 000000a8          *             : trgmsg.obj (.text:CIO_breakpoint)
                   00007199  [ 000038cc+] 000000a1          *             : divul.obj (.text)
                   0000723a  [ 0000391d ] 00000085          *             : fputc.obj (.text)
                   000072bf  [ 0000395f+] 00000079          *   wdt.obj (.text)
                   00007338  [ 0000399c ] 00000076          *   rts55.lib : frcmpyd.obj (.text)
                   000073ae  [ 000039d7 ] 00000073          *             : ltoa.obj (.text)
                   00007421  [ 00003a10+] 00000072          *             : remul.obj (.text)
                   00007493  [ 00003a49+] 0000006f          *             : fixdli.obj (.text)
                   00007502  [ 00003a81 ] 0000006b          *             : autoinit.obj (.text)
                   0000756d  [ 00003ab6+] 00000062          *             : fltlid.obj (.text)
                   000075cf  [ 00003ae7+] 00000061          *             : fclose.obj (.text)
                   00007630  [ 00003b18 ] 00000061          *             : trgmsg.obj (.text)
                   00007691  [ 00003b48+] 0000005c          *             : atoi.obj (.text)
                   000076ed  [ 00003b76+] 00000058          *             : fseek.obj (.text)
                   00007745  [ 00003ba2+] 0000004c          *             : boot.obj (.text)
                   00007791  [ 00003bc8+] 0000004b          *             : printf.obj (.text)
                   000077dc  [ 00003bee ] 0000004b          *             : remli.obj (.text)
                   00007827  [ 00003c13+] 00000048          *             : divli.obj (.text)
                   0000786f  [ 00003c37+] 00000040          *             : args_main.obj (.text)
                   000078af  [ 00003c57+] 0000003f          *             : memcpy.obj (.text)
                   000078ee  [ 00003c77 ] 00000038          *             : exit.obj (.text)
                   00007926  [ 00003c93 ] 00000034          *   csl5509.lib : wdtim_cfg.obj (.text)
                   0000795a  [ 00003cad ] 0000002e          *               : wdtim_srvc.obj (.text:WDTIM_service)
                   00007988  [ 00003cc4 ] 0000002c          *               : wdtim_gcfg.obj (.text:WDTIM_getConfig)
                   000079b4  [ 00003cda ] 0000002a          *   rts55.lib : fixdi.obj (.text)
                   000079de  [ 00003cef ] 0000002a          *             : udiv.obj (.text)
                   00007a08  [ 00003d04 ] 0000001f          *             : memccpy.obj (.text)
                   00007a27  [ 00003d13+] 0000001c          *             : isinf.obj (.text)
                   00007a43  [ 00003d21+] 00000014          *             : subd.obj (.text)
                   00007a57  [ 00003d2b+] 00000013          *             : lmpy.obj (.text)
                   00007a6a  [ 00003d35 ] 00000010          *             : _lock.obj (.text)
                   00007a7a  [ 00003d3d ] 00000010          *             : negd.obj (.text)
                   00007a8a  [ 00003d45 ] 0000000d          *   csl5509.lib : irq_gdisab.obj (.text:IRQ_globalDisable)
                   00007a97  [ 00003d4b+] 0000000c          *               : csl.obj (.text:CSL_init)
                   00007aa3  [ 00003d51+] 0000000c          *               : irq_grest.obj (.text:IRQ_globalRestore)
                   00007aaf  [ 00003d57+] 0000000b          *               : _csl_init.obj (.text:_CSL_init)
                   00007aba  [ 00003d5d ] 0000000a          *   rts55.lib : remove.obj (.text)
                   00007ac4  [ 00003d62 ] 00000007          *             : exit.obj (.text:CIO_breakpoint)
                   00007acb  [ 00003d65+] 00000002          *   csl5509.lib : csl.obj (.text)
                   00007acd  [ 00003d66+] 00000002          *   rts55.lib : vectors.obj (.text)
                   00007acf  [ 00003d67 ] 00000001          *   --HOLE-- [fill = 20]

.cinit       0   [ 00007ad0 ]  00003d68          *   00000087   
                 [ 00007ad0 ]  00003d68          *   00000028   rts55.lib : lowlev.obj (.cinit)
                 [ 00007b20 ]  00003d90          *   00000023   csl5509.lib : csl_csldat.obj (.cinit)
                 [ 00007b66 ]  00003db3          *   00000019   rts55.lib : defs.obj (.cinit)
                 [ 00007b98 ]  00003dcc          *   0000000a             : _lock.obj (.cinit)
                 [ 00007bac ]  00003dd6          *   0000000a             : exit.obj (.cinit)
                 [ 00007bc0 ]  00003de0          *   00000006   wdt.obj (.cinit)
                 [ 00007bcc ]  00003de6          *   00000004   rts55.lib : fopen.obj (.cinit)
                 [ 00007bd4 ]  00003dea          *   00000004             : memory.obj (.cinit)
                 [ 00007bdc ]  00003dee          *   00000001   --HOLE-- [fill = 0]

vectors      0     00007be0  [ 00003df0 ] 00000100          *   
                   00007be0  [ 00003df0 ] 00000100          *   rts55.lib : vectors.obj (vectors)

.sysmem      1   [ 0000c000 ]  00006000          *   000003e8   UNINITIALIZED
                 [ 0000c000 ]  00006000          *   000003e8   --HOLE--

.bss         1   [ 0000c7d0 ]  000063e8          *   00000220   UNINITIALIZED
                 [ 0000c7d0 ]  000063e8          *   000000dd   rts55.lib : defs.obj (.bss)
                 [ 0000c98a ]  000064c5          *   000000d0             : trgdrv.obj (.bss)
                 [ 0000cb2a ]  00006595          *   00000001             : fopen.obj (.bss)
                 [ 0000cb2c ]  00006596          *   0000005d             : lowlev.obj (.bss)
                 [ 0000cbe6 ]  000065f3          *   00000008   wdt.obj (.bss)
                 [ 0000cbf6 ]  000065fb          *   00000001   --HOLE--
                 [ 0000cbf8 ]  000065fc          *   00000004   rts55.lib : _lock.obj (.bss)
                 [ 0000cc00 ]  00006600          *   00000004             : exit.obj (.bss)
                 [ 0000cc08 ]  00006604          *   00000004             : memory.obj (.bss)

.stack       1   [ 0000cc10 ]  00006608          *   000001f4   UNINITIALIZED
                 [ 0000cc10 ]  00006608          *   000001f4   --HOLE--

.sysstack 
*            1   [ 0000cff8 ]  000067fc          *   000001f4   UNINITIALIZED
                 [ 0000cff8 ]  000067fc          *   000001f4   --HOLE--

.const       1   [ 0000d3e0 ]  000069f0          *   00000156   
                 [ 0000d3e0 ]  000069f0          *   00000101   rts55.lib : ctype.obj (.const:__ctypes_)
                 [ 0000d5e2 ]  00006af1          *   00000023             : _printfi.obj (.const:.string)
                 [ 0000d628 ]  00006b14          *   00000017   wdt.obj (.const:.string)
                 [ 0000d656 ]  00006b2b          *   00000001   --HOLE-- [fill = 0]
                 [ 0000d658 ]  00006b2c          *   0000000c   rts55.lib : _printfi.obj (.const)
                 [ 0000d670 ]  00006b38          *   00000008             : divd.obj (.const:_initial_approx$1)
                 [ 0000d680 ]  00006b40          *   00000002             : fputs.obj (.const:.string)
                 [ 0000d684 ]  00006b42          *   00000002             : divd.obj (.const)
                 [ 0000d688 ]  00006b44          *   00000002             : fltlid.obj (.const)

.cio         1   [ 0000d690 ]  00006b48          *   00000120   UNINITIALIZED
                 [ 0000d690 ]  00006b48          *   00000120   rts55.lib : trgmsg.obj (.cio)

.csldata     1   [ 0000d8d0 ]  00006c68          *   00000020   UNINITIALIZED
                 [ 0000d8d0 ]  00006c68          *   00000020   csl5509.lib : csl_csldat.obj (.csldata:SYS_data)


GLOBAL SYMBOLS: SORTED ALPHABETICALLY BY Name 

abs. value/
byte addr   word addr   name
---------   ---------   ----
00000002                $TI_capability$C5500$CallingConvention
00000001                $TI_capability$C5500$MemoryModel
00000001                $TI_capability_requires_rev2
            000063e8    .bss
00004000                .text
00007ac5                C$$EXIT
00007194                C$$IO$$
00007a57                I$$LMPY
000079de                I$$UDIV
000079f3                I$$UMOD
00007acb                _CSL5509_LIB_
            00006c68    _CSL_SysData
00007a97                _CSL_init
00005ba2                _HOSTclock
00005b4b                _HOSTclose
00005aa8                _HOSTlseek
00005a21                _HOSTopen
000059a7                _HOSTread
0000590e                _HOSTrename
000058bf                _HOSTtime
00005868                _HOSTunlink
000057ee                _HOSTwrite
00007a8a                _IRQ_globalDisable
00007aa3                _IRQ_globalRestore
00007be0                _Reset
00007926                _WDTIM_config
00007988                _WDTIM_getConfig
0000795a                _WDTIM_service
            00006b48    __CIOBUF_
00007aaf                __CSL_init
            000067fc    __STACK_END
000003e8                __STACK_SIZE
000007d0                __SYSMEM_SIZE
000003e8                __SYSSTACK_SIZE
ffffffff                ___binit__
            000063e8    ___bss__
ffffffff                ___c_args__
            00003d68    ___cinit__
            00006608    ___end__
00007ad0                ___etext__
00007a27                ___isinf
ffffffff                ___pinit__
00004000                ___text__
000062d3                __addd
0000786f                __args_main
0000689f                __cleanup
            00006600    __cleanup_ptr
00006b44                __cmpd
            000069f0    __ctypes_
00005f93                __divd
00007827                __divli
0000675b                __divlli
000079de                __divu
00007199                __divul
00006667                __divull
00007047                __doflush
            00006602    __dtors_ptr
00006b10                __eqld
000079b4                __fixdi
00007493                __fixdli
0000756d                __fltlid
00007338                __frcmpyd
00006e1e                __frcmpyd_div
            000064c4    __ft_end
            000063e8    __ftable
00006ac6                __geqd
00006a7b                __gtrd
00006a2e                __leqd
            000065fc    __lock
000069e6                __lssd
00006b9c                __mpyd
00007a57                __mpyli
000065af                __mpylli
00007a7a                __negd
000069b2                __neqd
00007a78                __nop
0000514c                __printfi
00006f4c                __rd_ok
00007a71                __register_lock
00007a6a                __register_unlock
000077dc                __remli
00006580                __remlli
000079f3                __remu
00007421                __remul
00006532                __remull
            00006608    __stack
00007a43                __subd
            00006000    __sys_memory
            000067fc    __sysstack
            00006424    __tmpnams
            000065fe    __unlock
00006ee6                __wrt_ok
00007ac4                _abort
000056b6                _add_device
00007691                _atoi
00007502                _auto_init
00007745                _c_int00
00005f4f                _calloc
00005f4b                _chkheap
00005659                _close
000078ee                _exit
000075cf                _fclose
000070a0                _fflush
00005650                _find_registered_device
00006986                _fopen
0000723a                _fputc
00006cf4                _fputs
00005bf1                _free
00005f05                _free_memory
000068ed                _freopen
000076ed                _fseek
            000065f5    _getConfig
0000578c                _getenv
            000065f3    _i
000055f9                _lseek
000073ae                _ltoa
000072cf                _main
00005ccc                _malloc
00005ebc                _max_free
00007a08                _memccpy
000078af                _memcpy
00005c80                _minit
            000065f8    _myConfig
00005565                _open
00007791                _printf
            000065f4    _pscVal
0000723a                _putc
000072b2                _putchar
00006dfc                _puts
000054d4                _read
00007630                _readmsg
00005d78                _realloc
00007aba                _remove
000054a7                _remove_device
0000545d                _rename
00006f9a                _setvbuf
0000542f                _unlink
00005320                _write
000070f1                _writemsg
ffffffff                binit
            00003d68    cinit
            00006608    end
00007ad0                etext
ffffffff                pinit


GLOBAL SYMBOLS: SORTED BY Symbol Address 

abs. value/
byte addr   word addr   name
---------   ---------   ----
00000001                $TI_capability$C5500$MemoryModel
00000001                $TI_capability_requires_rev2
00000002                $TI_capability$C5500$CallingConvention
000003e8                __STACK_SIZE
000003e8                __SYSSTACK_SIZE
000007d0                __SYSMEM_SIZE
00004000                .text
00004000                ___text__
0000514c                __printfi
00005320                _write
0000542f                _unlink
0000545d                _rename
000054a7                _remove_device
000054d4                _read
00005565                _open
000055f9                _lseek
00005650                _find_registered_device
00005659                _close
000056b6                _add_device
0000578c                _getenv
000057ee                _HOSTwrite
00005868                _HOSTunlink
000058bf                _HOSTtime
0000590e                _HOSTrename
000059a7                _HOSTread
00005a21                _HOSTopen
00005aa8                _HOSTlseek
00005b4b                _HOSTclose
00005ba2                _HOSTclock
00005bf1                _free
00005c80                _minit
00005ccc                _malloc
00005d78                _realloc
00005ebc                _max_free
00005f05                _free_memory
00005f4b                _chkheap
00005f4f                _calloc
00005f93                __divd
000062d3                __addd
00006532                __remull
00006580                __remlli
000065af                __mpylli
00006667                __divull
0000675b                __divlli
0000689f                __cleanup
000068ed                _freopen
00006986                _fopen
000069b2                __neqd
000069e6                __lssd
00006a2e                __leqd
00006a7b                __gtrd
00006ac6                __geqd
00006b10                __eqld
00006b44                __cmpd
00006b9c                __mpyd
00006cf4                _fputs
00006dfc                _puts
00006e1e                __frcmpyd_div
00006ee6                __wrt_ok
00006f4c                __rd_ok
00006f9a                _setvbuf
00007047                __doflush
000070a0                _fflush
000070f1                _writemsg
00007194                C$$IO$$
00007199                __divul
0000723a                _fputc
0000723a                _putc
000072b2                _putchar
000072cf                _main
00007338                __frcmpyd
000073ae                _ltoa
00007421                __remul
00007493                __fixdli
00007502                _auto_init
0000756d                __fltlid
000075cf                _fclose
00007630                _readmsg
00007691                _atoi
000076ed                _fseek
00007745                _c_int00
00007791                _printf
000077dc                __remli
00007827                __divli
0000786f                __args_main
000078af                _memcpy
000078ee                _exit
00007926                _WDTIM_config
0000795a                _WDTIM_service
00007988                _WDTIM_getConfig
000079b4                __fixdi
000079de                I$$UDIV
000079de                __divu
000079f3                I$$UMOD
000079f3                __remu
00007a08                _memccpy
00007a27                ___isinf
00007a43                __subd
00007a57                I$$LMPY
00007a57                __mpyli
00007a6a                __register_unlock
00007a71                __register_lock
00007a78                __nop
00007a7a                __negd
00007a8a                _IRQ_globalDisable
00007a97                _CSL_init
00007aa3                _IRQ_globalRestore
00007aaf                __CSL_init
00007aba                _remove
00007ac4                _abort
00007ac5                C$$EXIT
00007acb                _CSL5509_LIB_
            00003d68    ___cinit__
00007ad0                ___etext__
            00003d68    cinit
00007ad0                etext
00007be0                _Reset
            00006000    __sys_memory
            000063e8    .bss
            000063e8    ___bss__
            000063e8    __ftable
            00006424    __tmpnams
            000064c4    __ft_end
            000065f3    _i
            000065f4    _pscVal
            000065f5    _getConfig
            000065f8    _myConfig
            000065fc    __lock
            000065fe    __unlock
            00006600    __cleanup_ptr
            00006602    __dtors_ptr
            00006608    ___end__
            00006608    __stack
            00006608    end
            000067fc    __STACK_END
            000067fc    __sysstack
            000069f0    __ctypes_
            00006b48    __CIOBUF_
            00006c68    _CSL_SysData
ffffffff                ___binit__
ffffffff                ___c_args__
ffffffff                ___pinit__
ffffffff                binit
ffffffff                pinit

[144 symbols]
